Microsoft Windows [version 10.0.19043.1586]
(c) Microsoft Corporation. Tous droits réservés.

C:\Users\YCarl>\OneDrive\Bureau
Le chemin d’accès spécifié est introuvable.

C:\Users\YCarl>OneDrive\Bureau
'OneDrive\Bureau' n’est pas reconnu en tant que commande interne
ou externe, un programme exécutable ou un fichier de commandes.

C:\Users\YCarl>
C:\Users\YCarl>cd C:\Users\YCarl\OneDrive\Bureau\Aide-au-diagnostic-medical

C:\Users\YCarl\OneDrive\Bureau\Aide-au-diagnostic-medical>cd C:\Users\YCarl\OneDrive\Bureau

C:\Users\YCarl\OneDrive\Bureau>npm init --yes
Wrote to C:\Users\YCarl\OneDrive\Bureau\package.json:

{
  "name": "bureau",
  "version": "1.0.0",
  "description": "",
  "main": "index.js",
  "scripts": {
    "test": "echo \"Error: no test specified\" && exit 1"
  },
  "keywords": [],
  "author": "",
  "license": "ISC"
}



C:\Users\YCarl\OneDrive\Bureau>npm install got@11.0.2

added 32 packages, and audited 33 packages in 5s

6 packages are looking for funding
  run `npm fund` for details

found 0 vulnerabilities
npm notice
npm notice New minor version of npm available! 8.5.0 -> 8.6.0
npm notice Changelog: https://github.com/npm/cli/releases/tag/v8.6.0
npm notice Run npm install -g npm@8.6.0 to update!
npm notice

C:\Users\YCarl\OneDrive\Bureau>const isMidi = (link) => {
'const' n’est pas reconnu en tant que commande interne
ou externe, un programme exécutable ou un fichier de commandes.

C:\Users\YCarl\OneDrive\Bureau>  // renvoie false si l'attribut href n'est pas présent
'//' n’est pas reconnu en tant que commande interne
ou externe, un programme exécutable ou un fichier de commandes.

C:\Users\YCarl\OneDrive\Bureau>  if(typeof link.href === 'undefined') { return false }
link.href était inattendu.

C:\Users\YCarl\OneDrive\Bureau>
C:\Users\YCarl\OneDrive\Bureau>  return link.href.includes('.mid');
'return' n’est pas reconnu en tant que commande interne
ou externe, un programme exécutable ou un fichier de commandes.

C:\Users\YCarl\OneDrive\Bureau>};
'}' n’est pas reconnu en tant que commande interne
ou externe, un programme exécutable ou un fichier de commandes.

C:\Users\YCarl\OneDrive\Bureau>const isMidi = (link) => {
'const' n’est pas reconnu en tant que commande interne
ou externe, un programme exécutable ou un fichier de commandes.

C:\Users\YCarl\OneDrive\Bureau>  // renvoie false si l'attribut href n'est pas présent
'//' n’est pas reconnu en tant que commande interne
ou externe, un programme exécutable ou un fichier de commandes.

C:\Users\YCarl\OneDrive\Bureau>const isMidi = (link) => { if(typeof link.href === 'undefined'){return false} return link.href.includes('.mid');};
'const' n’est pas reconnu en tant que commande interne
ou externe, un programme exécutable ou un fichier de commandes.

C:\Users\YCarl\OneDrive\Bureau>mkdir nodeJS

C:\Users\YCarl\OneDrive\Bureau>ls
'ls' n’est pas reconnu en tant que commande interne
ou externe, un programme exécutable ou un fichier de commandes.

C:\Users\YCarl\OneDrive\Bureau>$ls
'$ls' n’est pas reconnu en tant que commande interne
ou externe, un programme exécutable ou un fichier de commandes.

C:\Users\YCarl\OneDrive\Bureau>!ls
'!ls' n’est pas reconnu en tant que commande interne
ou externe, un programme exécutable ou un fichier de commandes.

C:\Users\YCarl\OneDrive\Bureau>nvm -v
'nvm' n’est pas reconnu en tant que commande interne
ou externe, un programme exécutable ou un fichier de commandes.

C:\Users\YCarl\OneDrive\Bureau>$ nvm -v
'$' n’est pas reconnu en tant que commande interne
ou externe, un programme exécutable ou un fichier de commandes.

C:\Users\YCarl\OneDrive\Bureau>$nvm -v
'$nvm' n’est pas reconnu en tant que commande interne
ou externe, un programme exécutable ou un fichier de commandes.

C:\Users\YCarl\OneDrive\Bureau>curl -o- https://raw.githubusercontent.com/nvm-sh/nvm/v0.39.1/install.sh | bash
  % Total    % Received % Xferd  Average Speed   Time    Time     Time  Current
                                 Dload  Upload   Total   Spent    Left  Speed
  0     0    0     0    0     0      0      0 --:--:-- --:--:-- --:--:--     0Le sous-systÞme Windows pour Linux n'a pas de distributions installÚes.
Vous pouvez installer les distributions en visitant le Microsoft Storeá:
https://aka.ms/wslstore
100 15037  100 15037    0     0  20055      0 --:--:-- --:--:-- --:--:-- 20102
curl: (23) Failure writing output to destination

C:\Users\YCarl\OneDrive\Bureau>npm install express --save

added 50 packages, and audited 83 packages in 4s

8 packages are looking for funding
  run `npm fund` for details

found 0 vulnerabilities

C:\Users\YCarl\OneDrive\Bureau>npm fund
bureau@1.0.0
+-- https://github.com/sindresorhus/got?sponsor=1
| | `-- got@11.0.2
| +-- https://github.com/sindresorhus/is?sponsor=1
| |   `-- @sindresorhus/is@2.1.1
| `-- https://github.com/sponsors/sindresorhus
|     `-- get-stream@5.2.0, normalize-url@6.1.0, mimic-response@2.1.0, quick-lru@5.1.1
+-- https://github.com/sponsors/ljharb
|   `-- qs@6.9.7
`-- https://github.com/sponsors/feross
    `-- safe-buffer@5.2.1


C:\Users\YCarl\OneDrive\Bureau>node index.js
node:internal/modules/cjs/loader:936
  throw err;
  ^

Error: Cannot find module 'C:\Users\YCarl\OneDrive\Bureau\index.js'
←[90m    at Function.Module._resolveFilename (node:internal/modules/cjs/loader:933:15)←[39m
←[90m    at Function.Module._load (node:internal/modules/cjs/loader:778:27)←[39m
←[90m    at Function.executeUserEntryPoint [as runMain] (node:internal/modules/run_main:77:12)←[39m
←[90m    at node:internal/main/run_main_module:17:47←[39m {
  code: ←[32m'MODULE_NOT_FOUND'←[39m,
  requireStack: []
}

C:\Users\YCarl\OneDrive\Bureau>nvm install 17.9.0
'nvm' n’est pas reconnu en tant que commande interne
ou externe, un programme exécutable ou un fichier de commandes.

C:\Users\YCarl\OneDrive\Bureau>!nvm install 17.9.0
'!nvm' n’est pas reconnu en tant que commande interne
ou externe, un programme exécutable ou un fichier de commandes.

C:\Users\YCarl\OneDrive\Bureau>$nvm install 17.9.0
'$nvm' n’est pas reconnu en tant que commande interne
ou externe, un programme exécutable ou un fichier de commandes.

C:\Users\YCarl\OneDrive\Bureau>node -v
v16.14.2

C:\Users\YCarl\OneDrive\Bureau>nvm -v
'nvm' n’est pas reconnu en tant que commande interne
ou externe, un programme exécutable ou un fichier de commandes.

C:\Users\YCarl\OneDrive\Bureau>npm init
This utility will walk you through creating a package.json file.
It only covers the most common items, and tries to guess sensible defaults.

See `npm help init` for definitive documentation on these fields
and exactly what they do.

Use `npm install <pkg>` afterwards to install a package and
save it as a dependency in the package.json file.

Press ^C at any time to quit.
package name: (bureau)
version: (1.0.0)
description:
git repository:
author:
license: (ISC)
About to write to C:\Users\YCarl\OneDrive\Bureau\package.json:

{
  "name": "bureau",
  "version": "1.0.0",
  "main": "index.js",
  "scripts": {
    "test": "echo \"Error: no test specified\" && exit 1"
  },
  "keywords": [],
  "author": "",
  "license": "ISC",
  "dependencies": {
    "express": "^4.17.3",
    "got": "^11.0.2"
  },
  "devDependencies": {},
  "description": ""
}


Is this OK? (yes) yes

C:\Users\YCarl\OneDrive\Bureau>cd C:\Users\YCarl\OneDrive\Bureau\dos

C:\Users\YCarl\OneDrive\Bureau\dos>npm init
This utility will walk you through creating a package.json file.
It only covers the most common items, and tries to guess sensible defaults.

See `npm help init` for definitive documentation on these fields
and exactly what they do.

Use `npm install <pkg>` afterwards to install a package and
save it as a dependency in the package.json file.

Press ^C at any time to quit.
package name: (dos)
version: (1.0.0)
description:
entry point: (index.js)
test command:
git repository:
keywords:
author:
license: (ISC)
About to write to C:\Users\YCarl\OneDrive\Bureau\dos\package.json:

{
  "name": "dos",
  "version": "1.0.0",
  "description": "",
  "main": "index.js",
  "scripts": {
    "test": "echo \"Error: no test specified\" && exit 1"
  },
  "author": "",
  "license": "ISC"
}


Is this OK? (yes) yes

C:\Users\YCarl\OneDrive\Bureau\dos>npm install express --save

added 50 packages, and audited 51 packages in 3s

2 packages are looking for funding
  run `npm fund` for details

found 0 vulnerabilities

C:\Users\YCarl\OneDrive\Bureau\dos>node index.js
HELLO :3000
^C
C:\Users\YCarl\OneDrive\Bureau\dos>
C:\Users\YCarl\OneDrive\Bureau\dos>~node.js
'~node.js' n’est pas reconnu en tant que commande interne
ou externe, un programme exécutable ou un fichier de commandes.

C:\Users\YCarl\OneDrive\Bureau\dos>node index.js
HELLO :3000
^C
C:\Users\YCarl\OneDrive\Bureau\dos>
C:\Users\YCarl\OneDrive\Bureau\dos>
C:\Users\YCarl\OneDrive\Bureau\dos>
C:\Users\YCarl\OneDrive\Bureau\dos>
C:\Users\YCarl\OneDrive\Bureau\dos>
C:\Users\YCarl\OneDrive\Bureau\dos>
C:\Users\YCarl\OneDrive\Bureau\dos>
C:\Users\YCarl\OneDrive\Bureau\dos>
C:\Users\YCarl\OneDrive\Bureau\dos>
C:\Users\YCarl\OneDrive\Bureau\dos>
C:\Users\YCarl\OneDrive\Bureau\dos>
C:\Users\YCarl\OneDrive\Bureau\dos>
C:\Users\YCarl\OneDrive\Bureau\dos>
C:\Users\YCarl\OneDrive\Bureau\dos>
C:\Users\YCarl\OneDrive\Bureau\dos>node index.js
HELLO :3000
^C
C:\Users\YCarl\OneDrive\Bureau\dos>node index.js
HELLO :3000
^C
C:\Users\YCarl\OneDrive\Bureau\dos>npm install puppeteer@5.5.0
npm WARN deprecated puppeteer@5.5.0: Version no longer supported. Upgrade to @latest

added 59 packages, and audited 110 packages in 4m

9 packages are looking for funding
  run `npm fund` for details

found 0 vulnerabilities

C:\Users\YCarl\OneDrive\Bureau\dos>
C:\Users\YCarl\OneDrive\Bureau\dos>
C:\Users\YCarl\OneDrive\Bureau\dos>node index.js
C:\Users\YCarl\OneDrive\Bureau\dos\index.js:31
(async () => {
^

TypeError: scrape(...) is not a function
    at Object.<anonymous> (C:\Users\YCarl\OneDrive\Bureau\dos\index.js:31:1)
    at Module._compile (node:internal/modules/cjs/loader:1103:14)
    at Object.Module._extensions..js (node:internal/modules/cjs/loader:1157:10)
    at Module.load (node:internal/modules/cjs/loader:981:32)
    at Function.Module._load (node:internal/modules/cjs/loader:822:12)
    at Function.executeUserEntryPoint [as runMain] (node:internal/modules/run_main:77:12)
    at node:internal/main/run_main_module:17:47

C:\Users\YCarl\OneDrive\Bureau\dos>node index.js
C:\Users\YCarl\OneDrive\Bureau\dos\index.js:45
});
 ^

SyntaxError: Unexpected token ')'
←[90m    at Object.compileFunction (node:vm:352:18)←[39m
←[90m    at wrapSafe (node:internal/modules/cjs/loader:1032:15)←[39m
←[90m    at Module._compile (node:internal/modules/cjs/loader:1067:27)←[39m
←[90m    at Object.Module._extensions..js (node:internal/modules/cjs/loader:1157:10)←[39m
←[90m    at Module.load (node:internal/modules/cjs/loader:981:32)←[39m
←[90m    at Function.Module._load (node:internal/modules/cjs/loader:822:12)←[39m
←[90m    at Function.executeUserEntryPoint [as runMain] (node:internal/modules/run_main:77:12)←[39m
←[90m    at node:internal/main/run_main_module:17:47←[39m

C:\Users\YCarl\OneDrive\Bureau\dos>node index.js
HELLO :3000

C:\Users\YCarl\OneDrive\Bureau\dos>node index.js
HELLO :3000

C:\Users\YCarl\OneDrive\Bureau\dos>node index.js
HELLO :3000
https://www.vgmusic.com/music/console/nintendo/nes/10-Yard_Fight-Kick_Off.mid
https://www.vgmusic.com/music/console/nintendo/nes/1943.mid
https://www.vgmusic.com/music/console/nintendo/nes/1943sab.mid
https://www.vgmusic.com/music/console/nintendo/nes/1943-lev1.mid
https://www.vgmusic.com/music/console/nintendo/nes/43pbos1.mid
https://www.vgmusic.com/music/console/nintendo/nes/1943-lev3.mid
https://www.vgmusic.com/music/console/nintendo/nes/1943lost.mid
https://www.vgmusic.com/music/console/nintendo/nes/1943won.mid
https://www.vgmusic.com/music/console/nintendo/nes/1943boss1.mid
https://www.vgmusic.com/music/console/nintendo/nes/1999.mid
https://www.vgmusic.com/music/console/nintendo/nes/3D_Worldrunner_Bonus.mid
https://www.vgmusic.com/music/console/nintendo/nes/3D_Worldrunner_Boss.mid
https://www.vgmusic.com/music/console/nintendo/nes/3D_Worldrunner_Main.mid
https://www.vgmusic.com/music/console/nintendo/nes/720.mid
https://www.vgmusic.com/music/console/nintendo/nes/Egypt.mid
https://www.vgmusic.com/music/console/nintendo/nes/8_Eyes_-_Enterance.mid
https://www.vgmusic.com/music/console/nintendo/nes/8_Eyes.mid
https://www.vgmusic.com/music/console/nintendo/nes/8eyes-spain1.mid
https://www.vgmusic.com/music/console/nintendo/nes/blob.mid
https://www.vgmusic.com/music/console/nintendo/nes/blob_title.mid
https://www.vgmusic.com/music/console/nintendo/nes/elmst.mid
https://www.vgmusic.com/music/console/nintendo/nes/zzz.mid
https://www.vgmusic.com/music/console/nintendo/nes/freddy%21.mid
https://www.vgmusic.com/music/console/nintendo/nes/Nmoes1.mid
https://www.vgmusic.com/music/console/nintendo/nes/nmoes2.mid
https://www.vgmusic.com/music/console/nintendo/nes/nmoes3.mid
https://www.vgmusic.com/music/console/nintendo/nes/attic.mid
https://www.vgmusic.com/music/console/nintendo/nes/basement.mid
https://www.vgmusic.com/music/console/nintendo/nes/wakeup%21%21.mid
https://www.vgmusic.com/music/console/nintendo/nes/abadoxgo.mid
https://www.vgmusic.com/music/console/nintendo/nes/Action52DamBusters.mid
https://www.vgmusic.com/music/console/nintendo/nes/thrusters.mid
https://www.vgmusic.com/music/console/nintendo/nes/megalonia.mid
https://www.vgmusic.com/music/console/nintendo/nes/RocketjockA52.mid
https://www.vgmusic.com/music/console/nintendo/nes/Nonhuman1.mid
https://www.vgmusic.com/music/console/nintendo/nes/Star_Evil.mid
https://www.vgmusic.com/music/console/nintendo/nes/Action52FuzzPower.mid
https://www.vgmusic.com/music/console/nintendo/nes/lollipop.mid
https://www.vgmusic.com/music/console/nintendo/nes/lollipop2.mid
https://www.vgmusic.com/music/console/nintendo/nes/Illuminator.mid
https://www.vgmusic.com/music/console/nintendo/nes/Action52CityofDoom.mid
https://www.vgmusic.com/music/console/nintendo/nes/Action52BitsandPieces.mid
https://www.vgmusic.com/music/console/nintendo/nes/DarkForest.mid
https://www.vgmusic.com/music/console/nintendo/nes/AdvislEggplant.mid
https://www.vgmusic.com/music/console/nintendo/nes/Adventure_Island_Level_1.mid
https://www.vgmusic.com/music/console/nintendo/nes/Adventure_Island_Level_2.mid
https://www.vgmusic.com/music/console/nintendo/nes/Adventure_Island_-_Underworld.mid
https://www.vgmusic.com/music/console/nintendo/nes/Adventure_Island_II-Bonus.mid
https://www.vgmusic.com/music/console/nintendo/nes/Adventure_Island_II-Caves.mid
https://www.vgmusic.com/music/console/nintendo/nes/Adventure_Island_II-Choose_an_Egg.mid
https://www.vgmusic.com/music/console/nintendo/nes/Adventure_Island_II-Congratulations%21.mid
https://www.vgmusic.com/music/console/nintendo/nes/Adventure_Island_II-Credits.mid
https://www.vgmusic.com/music/console/nintendo/nes/Adventure_Island_II-Death.mid
https://www.vgmusic.com/music/console/nintendo/nes/Adventure_Island_II-Desert.mid
https://www.vgmusic.com/music/console/nintendo/nes/Adventure_Island_II-Eggplant.mid
https://www.vgmusic.com/music/console/nintendo/nes/Adventure_Island_II-Game_Over.mid
https://www.vgmusic.com/music/console/nintendo/nes/Adventure_Island_II-Goal.mid
https://www.vgmusic.com/music/console/nintendo/nes/Adventure_Island_II-Ice_Caves.mid
https://www.vgmusic.com/music/console/nintendo/nes/Adventure_Island_II-Island_Boss.mid
https://www.vgmusic.com/music/console/nintendo/nes/Adventure_Island_II-Map_Screen.mid
https://www.vgmusic.com/music/console/nintendo/nes/Adventure_Island_II-Over_the_Clouds.mid
https://www.vgmusic.com/music/console/nintendo/nes/Adventure_Island_II-Overworld_1.mid
https://www.vgmusic.com/music/console/nintendo/nes/Adventure_Island_II-Overworld_2_%28Re-upload%29.mid
https://www.vgmusic.com/music/console/nintendo/nes/Adventure_Island_II-Overworld_3.mid
https://www.vgmusic.com/music/console/nintendo/nes/Adventure_Island_II-Skip_This_Island.mid
https://www.vgmusic.com/music/console/nintendo/nes/Adventure_Island_II-Snow_Summit_%28Version_2%29.mid
https://www.vgmusic.com/music/console/nintendo/nes/Adventure_Island_II-Title_Screen.mid
https://www.vgmusic.com/music/console/nintendo/nes/Adventure_Island_II-Underworld_1.mid
https://www.vgmusic.com/music/console/nintendo/nes/Adventure_Island_II-Underworld_2.mid
https://www.vgmusic.com/music/console/nintendo/nes/Adventure_Island_II-Victory.mid
https://www.vgmusic.com/music/console/nintendo/nes/A3_cave.mid
https://www.vgmusic.com/music/console/nintendo/nes/AI3-Credits.mid
https://www.vgmusic.com/music/console/nintendo/nes/AI3-FinalBoss.mid
https://www.vgmusic.com/music/console/nintendo/nes/A3_over.mid
https://www.vgmusic.com/music/console/nintendo/nes/AI3-Shipwreck.mid
https://www.vgmusic.com/music/console/nintendo/nes/AI3-Thundercloud.mid
https://www.vgmusic.com/music/console/nintendo/nes/A3_title.mid
https://www.vgmusic.com/music/console/nintendo/nes/MKAUTO.mid
https://www.vgmusic.com/music/console/nintendo/nes/MKMINE.mid
https://www.vgmusic.com/music/console/nintendo/nes/MKHHOUSE.mid
https://www.vgmusic.com/music/console/nintendo/nes/MKWORLD.mid
https://www.vgmusic.com/music/console/nintendo/nes/MKPIRATE.mid
https://www.vgmusic.com/music/console/nintendo/nes/MKSPACE.mid
https://www.vgmusic.com/music/console/nintendo/nes/ADVSTORY.mid
https://www.vgmusic.com/music/console/nintendo/nes/MKTITLE.mid
https://www.vgmusic.com/music/console/nintendo/nes/Adventures_of_Bayou_Billy_BGM_A_Electric_Remix.mid
https://www.vgmusic.com/music/console/nintendo/nes/ABBBGM-B.mid
https://www.vgmusic.com/music/console/nintendo/nes/AdventuresOfLolo-Stage_Music.mid
https://www.vgmusic.com/music/console/nintendo/nes/Lolo2clr.mid
https://www.vgmusic.com/music/console/nintendo/nes/Lolo2lvl.mid
https://www.vgmusic.com/music/console/nintendo/nes/Lolo2pw.mid
https://www.vgmusic.com/music/console/nintendo/nes/LOLO3BOS.mid
https://www.vgmusic.com/music/console/nintendo/nes/lolo3lev.mid
https://www.vgmusic.com/music/console/nintendo/nes/AiSenshiNicolBossTheme.mid
https://www.vgmusic.com/music/console/nintendo/nes/AiSenshiNicolDungeon.mid
https://www.vgmusic.com/music/console/nintendo/nes/AiSenshiNicolStages1and4.mid
https://www.vgmusic.com/music/console/nintendo/nes/Enc.mid
https://www.vgmusic.com/music/console/nintendo/nes/AFLanding.mid
https://www.vgmusic.com/music/console/nintendo/nes/AFLevel_1.mid
https://www.vgmusic.com/music/console/nintendo/nes/AFLevel_End.mid
https://www.vgmusic.com/music/console/nintendo/nes/AFLevel_Intro.mid
https://www.vgmusic.com/music/console/nintendo/nes/Inside.mid
https://www.vgmusic.com/music/console/nintendo/nes/airwolf_title.mid
https://www.vgmusic.com/music/console/nintendo/nes/Alfred_Chicken_Level_1.mid
https://www.vgmusic.com/music/console/nintendo/nes/nes-alien3_level01.mid
https://www.vgmusic.com/music/console/nintendo/nes/alien3sb.mid
https://www.vgmusic.com/music/console/nintendo/nes/alphago.mid
https://www.vgmusic.com/music/console/nintendo/nes/alphamis.mid
https://www.vgmusic.com/music/console/nintendo/nes/Amagon-Area_Clear.mid
https://www.vgmusic.com/music/console/nintendo/nes/Amagon-Boss.mid
https://www.vgmusic.com/music/console/nintendo/nes/Amagon-Death.mid
https://www.vgmusic.com/music/console/nintendo/nes/Amagon-Final_Victory.mid
https://www.vgmusic.com/music/console/nintendo/nes/Amagon-Ending.mid
https://www.vgmusic.com/music/console/nintendo/nes/Amagon-Final_Boss.mid
https://www.vgmusic.com/music/console/nintendo/nes/Amagon-Start_2.mid
https://www.vgmusic.com/music/console/nintendo/nes/Amagon-Super_Boss.mid
https://www.vgmusic.com/music/console/nintendo/nes/Amagon-Title_2.mid
https://www.vgmusic.com/music/console/nintendo/nes/amagonwrld1.mid
https://www.vgmusic.com/music/console/nintendo/nes/Amagon-Zone_2_Jungle.mid
https://www.vgmusic.com/music/console/nintendo/nes/Amagon-Zone_3_River.mid
https://www.vgmusic.com/music/console/nintendo/nes/Amagon-Zone_4_Rain_Forest.mid
https://www.vgmusic.com/music/console/nintendo/nes/Amagon-Zone_5_-_Rocky_Mountain.mid
https://www.vgmusic.com/music/console/nintendo/nes/ANTARending_.mid
https://www.vgmusic.com/music/console/nintendo/nes/ANTARLevel_Music.mid
https://www.vgmusic.com/music/console/nintendo/nes/ANTARIntro.mid
https://www.vgmusic.com/music/console/nintendo/nes/ANTARLevel_Complete.mid
https://www.vgmusic.com/music/console/nintendo/nes/Anticipation5.mid
https://www.vgmusic.com/music/console/nintendo/nes/Anticipation9.mid
https://www.vgmusic.com/music/console/nintendo/nes/Anticipation4.mid
https://www.vgmusic.com/music/console/nintendo/nes/Anticipation11.mid
https://www.vgmusic.com/music/console/nintendo/nes/Anticipation6.mid
https://www.vgmusic.com/music/console/nintendo/nes/Anticipation10.mid
https://www.vgmusic.com/music/console/nintendo/nes/Anticipation2.mid
https://www.vgmusic.com/music/console/nintendo/nes/Anticipation7.mid
https://www.vgmusic.com/music/console/nintendo/nes/Anticipation.mid
https://www.vgmusic.com/music/console/nintendo/nes/Anticipation12.mid
https://www.vgmusic.com/music/console/nintendo/nes/Anticipation8.mid
https://www.vgmusic.com/music/console/nintendo/nes/Anticipation3.mid
https://www.vgmusic.com/music/console/nintendo/nes/ads_shop.mid
https://www.vgmusic.com/music/console/nintendo/nes/archon_battle.mid
https://www.vgmusic.com/music/console/nintendo/nes/archon_title.mid
https://www.vgmusic.com/music/console/nintendo/nes/T_Rygar4.mid
https://www.vgmusic.com/music/console/nintendo/nes/T_Ryga14.mid
https://www.vgmusic.com/music/console/nintendo/nes/T_Rygar8.mid
https://www.vgmusic.com/music/console/nintendo/nes/T_Rygar2.mid
https://www.vgmusic.com/music/console/nintendo/nes/T_Rygar5.mid
https://www.vgmusic.com/music/console/nintendo/nes/T_Ryga11.mid
https://www.vgmusic.com/music/console/nintendo/nes/T_Ryga12.mid
https://www.vgmusic.com/music/console/nintendo/nes/T_Rygar7.mid
https://www.vgmusic.com/music/console/nintendo/nes/T_Ryga13.mid
https://www.vgmusic.com/music/console/nintendo/nes/T_Rygar3.mid
https://www.vgmusic.com/music/console/nintendo/nes/T_Rygar9.mid
https://www.vgmusic.com/music/console/nintendo/nes/T_Rygar1.mid
https://www.vgmusic.com/music/console/nintendo/nes/T_Ryga15.mid
https://www.vgmusic.com/music/console/nintendo/nes/T_Ryga10.mid
https://www.vgmusic.com/music/console/nintendo/nes/arkistas-opening.mid
https://www.vgmusic.com/music/console/nintendo/nes/armadillo_casino.mid
https://www.vgmusic.com/music/console/nintendo/nes/ADFV_-_Battle_Theme.mid
https://www.vgmusic.com/music/console/nintendo/nes/T_ArumanaNoKiseki_Caverns.mid
https://www.vgmusic.com/music/console/nintendo/nes/Astyanax1.mid
https://www.vgmusic.com/music/console/nintendo/nes/Astyanax-Redwood.mid
https://www.vgmusic.com/music/console/nintendo/nes/astyrem.mid
https://www.vgmusic.com/music/console/nintendo/nes/Astyanax3.mid
https://www.vgmusic.com/music/console/nintendo/nes/Astyanax2.mid
https://www.vgmusic.com/music/console/nintendo/nes/Athena-Boss.mid
https://www.vgmusic.com/music/console/nintendo/nes/Athena-Over.mid
https://www.vgmusic.com/music/console/nintendo/nes/Athena-Start.mid
https://www.vgmusic.com/music/console/nintendo/nes/Athena-Cavern.mid
https://www.vgmusic.com/music/console/nintendo/nes/Athena-Forest.mid
https://www.vgmusic.com/music/console/nintendo/nes/Athena-Hell.mid
https://www.vgmusic.com/music/console/nintendo/nes/Athena-Ice.mid
https://www.vgmusic.com/music/console/nintendo/nes/Athena-Labyrinth.mid
https://www.vgmusic.com/music/console/nintendo/nes/Athena-Sea.mid
https://www.vgmusic.com/music/console/nintendo/nes/Athena-Sky.mid
https://www.vgmusic.com/music/console/nintendo/nes/AotKT_Bomb_Disabled.mid
https://www.vgmusic.com/music/console/nintendo/nes/AotKT_-_The_Secret_Stage.mid
https://www.vgmusic.com/music/console/nintendo/nes/AotKT_TomatoFactory.mid
https://www.vgmusic.com/music/console/nintendo/nes/BWings.mid
https://www.vgmusic.com/music/console/nintendo/nes/bttf2go.mid
https://www.vgmusic.com/music/console/nintendo/nes/bttf2.mid
https://www.vgmusic.com/music/console/nintendo/nes/baddudes-stage2.mid
https://www.vgmusic.com/music/console/nintendo/nes/Balloon_Fight-Complete.mid
https://www.vgmusic.com/music/console/nintendo/nes/balloon.mid
https://www.vgmusic.com/music/console/nintendo/nes/banana.mid
https://www.vgmusic.com/music/console/nintendo/nes/Batmango.mid
https://www.vgmusic.com/music/console/nintendo/nes/bm1-st1.mid
https://www.vgmusic.com/music/console/nintendo/nes/Batman-_Level_2.mid
https://www.vgmusic.com/music/console/nintendo/nes/BatmanNESlvl3.mid
https://www.vgmusic.com/music/console/nintendo/nes/BatmanNESlvl4.mid
https://www.vgmusic.com/music/console/nintendo/nes/btmnjstg.mid
https://www.vgmusic.com/music/console/nintendo/nes/batmanreturn.mid
https://www.vgmusic.com/music/console/nintendo/nes/palace2.mid
https://www.vgmusic.com/music/console/nintendo/nes/olympus.mid
https://www.vgmusic.com/music/console/nintendo/nes/Battle_Of_Olympus_Phrygia_Slow_Remix.mid
https://www.vgmusic.com/music/console/nintendo/nes/olymp.mid
https://www.vgmusic.com/music/console/nintendo/nes/olympus1.mid
https://www.vgmusic.com/music/console/nintendo/nes/Laconia.mid
https://www.vgmusic.com/music/console/nintendo/nes/olymp_2.mid
https://www.vgmusic.com/music/console/nintendo/nes/Peloponnesus.mid
https://www.vgmusic.com/music/console/nintendo/nes/Phrygia.mid
https://www.vgmusic.com/music/console/nintendo/nes/Phthia.mid
https://www.vgmusic.com/music/console/nintendo/nes/Ride_with_Pegasus_%26_Enter_your_Name.mid
https://www.vgmusic.com/music/console/nintendo/nes/Snake_Pit.mid
https://www.vgmusic.com/music/console/nintendo/nes/Battletoads_-_Boss.mid
https://www.vgmusic.com/music/console/nintendo/nes/battletoads_level1.mid
https://www.vgmusic.com/music/console/nintendo/nes/Ratrace.mid
https://www.vgmusic.com/music/console/nintendo/nes/Clinger_Winger.mid
https://www.vgmusic.com/music/console/nintendo/nes/The_Revolution.mid
https://www.vgmusic.com/music/console/nintendo/nes/wookie.mid
https://www.vgmusic.com/music/console/nintendo/nes/Battletoads_T_Tunnel_P1_SP_new.mid
https://www.vgmusic.com/music/console/nintendo/nes/battletoads_turbo.mid
https://www.vgmusic.com/music/console/nintendo/nes/Stage_4.mid
https://www.vgmusic.com/music/console/nintendo/nes/btdslv5surf.mid
https://www.vgmusic.com/music/console/nintendo/nes/Stage_6.mid
https://www.vgmusic.com/music/console/nintendo/nes/Stage_7.mid
https://www.vgmusic.com/music/console/nintendo/nes/Level_8_-_Intruder_Excluder.mid
https://www.vgmusic.com/music/console/nintendo/nes/Battletoads-Pause.mid
https://www.vgmusic.com/music/console/nintendo/nes/Battletoads.mid
https://www.vgmusic.com/music/console/nintendo/nes/BTDDLvl2.mid
https://www.vgmusic.com/music/console/nintendo/nes/BEETLEJUICE.mid
https://www.vgmusic.com/music/console/nintendo/nes/bntcmcave.mid
https://www.vgmusic.com/music/console/nintendo/nes/bntcm11.mid
https://www.vgmusic.com/music/console/nintendo/nes/biolev1.mid
https://www.vgmusic.com/music/console/nintendo/nes/bioslime.mid
https://www.vgmusic.com/music/console/nintendo/nes/T_BionicCommando_Area2.mid
https://www.vgmusic.com/music/console/nintendo/nes/biomary.mid
https://www.vgmusic.com/music/console/nintendo/nes/bionic8.mid
https://www.vgmusic.com/music/console/nintendo/nes/T_BionicCommando_FinalArea.mid
https://www.vgmusic.com/music/console/nintendo/nes/T_BionicCommando_BossBattle.mid
https://www.vgmusic.com/music/console/nintendo/nes/T_BionicCommando_BossDialog.mid
https://www.vgmusic.com/music/console/nintendo/nes/T_BionicCommando_Encounter.mid
https://www.vgmusic.com/music/console/nintendo/nes/T_BionicCommando_AlbatrossTheme.mid
https://www.vgmusic.com/music/console/nintendo/nes/bio.mid
https://www.vgmusic.com/music/console/nintendo/nes/Bionic_Commando_Level_Clear_Theme.mid
https://www.vgmusic.com/music/console/nintendo/nes/biomap.mid
https://www.vgmusic.com/music/console/nintendo/nes/battle.mid
https://www.vgmusic.com/music/console/nintendo/nes/T_BionicCommando_Prologue1.mid
https://www.vgmusic.com/music/console/nintendo/nes/T_BionicCommando_Prologue3.mid
https://www.vgmusic.com/music/console/nintendo/nes/BlackBassName.mid
https://www.vgmusic.com/music/console/nintendo/nes/BlackBassIntro.mid
https://www.vgmusic.com/music/console/nintendo/nes/BoS_Intermission_Mini-Game.mid
https://www.vgmusic.com/music/console/nintendo/nes/BladesofSteelGameFinished.mid
https://www.vgmusic.com/music/console/nintendo/nes/bmend.mid
https://www.vgmusic.com/music/console/nintendo/nes/bmfinal.mid
https://www.vgmusic.com/music/console/nintendo/nes/bmintro.mid
https://www.vgmusic.com/music/console/nintendo/nes/BMFIN.mid
https://www.vgmusic.com/music/console/nintendo/nes/bmlevel1.mid
https://www.vgmusic.com/music/console/nintendo/nes/Blastar2.mid
https://www.vgmusic.com/music/console/nintendo/nes/bmstg3.mid
https://www.vgmusic.com/music/console/nintendo/nes/bmstg4.mid
https://www.vgmusic.com/music/console/nintendo/nes/bmstg5.mid
https://www.vgmusic.com/music/console/nintendo/nes/bmstg6.mid
https://www.vgmusic.com/music/console/nintendo/nes/Bmstg7.mid
https://www.vgmusic.com/music/console/nintendo/nes/bmstg8.mid
https://www.vgmusic.com/music/console/nintendo/nes/bombstrt.mid
https://www.vgmusic.com/music/console/nintendo/nes/bombstg1.mid
https://www.vgmusic.com/music/console/nintendo/nes/bomb_Clear.mid
https://www.vgmusic.com/music/console/nintendo/nes/bombermantitle.mid
https://www.vgmusic.com/music/console/nintendo/nes/bmbr2battle.mid
https://www.vgmusic.com/music/console/nintendo/nes/Bmbrm2_end.mid
https://www.vgmusic.com/music/console/nintendo/nes/bombr2main.mid
https://www.vgmusic.com/music/console/nintendo/nes/Bomberman2-Powerup.mid
https://www.vgmusic.com/music/console/nintendo/nes/bomb2stg1.mid
https://www.vgmusic.com/music/console/nintendo/nes/B2_Stage_6.mid
https://www.vgmusic.com/music/console/nintendo/nes/Bonks_Adventure_1_1.mid
https://www.vgmusic.com/music/console/nintendo/nes/Boulder_World.mid
https://www.vgmusic.com/music/console/nintendo/nes/BD_Credits.mid
https://www.vgmusic.com/music/console/nintendo/nes/Ice_World.mid
https://www.vgmusic.com/music/console/nintendo/nes/Ocean_World.mid
https://www.vgmusic.com/music/console/nintendo/nes/Relic_World.mid
https://www.vgmusic.com/music/console/nintendo/nes/Sand_World.mid
https://www.vgmusic.com/music/console/nintendo/nes/Volcano_World.mid
https://www.vgmusic.com/music/console/nintendo/nes/B_world.mid
https://www.vgmusic.com/music/console/nintendo/nes/Bub_Bad.mid
https://www.vgmusic.com/music/console/nintendo/nes/bub-boss.mid
https://www.vgmusic.com/music/console/nintendo/nes/Bub_Monsters.mid
https://www.vgmusic.com/music/console/nintendo/nes/Game_Over1.mid
https://www.vgmusic.com/music/console/nintendo/nes/Bubl_End.mid
https://www.vgmusic.com/music/console/nintendo/nes/Bub_Invincible.mid
https://www.vgmusic.com/music/console/nintendo/nes/BublBobl_RK.mid
https://www.vgmusic.com/music/console/nintendo/nes/Bub_Secret_Remake.mid
https://www.vgmusic.com/music/console/nintendo/nes/BubBob2_-_FinalBoss.mid
https://www.vgmusic.com/music/console/nintendo/nes/BubBob2_-_MainBGM.mid
https://www.vgmusic.com/music/console/nintendo/nes/BOH-comt.mid
https://www.vgmusic.com/music/console/nintendo/nes/BOH-Credits.mid
https://www.vgmusic.com/music/console/nintendo/nes/bohmagna.mid
https://www.vgmusic.com/music/console/nintendo/nes/bucky-escape.mid
https://www.vgmusic.com/music/console/nintendo/nes/bohgreen.mid
https://www.vgmusic.com/music/console/nintendo/nes/BOH-Cell.mid
https://www.vgmusic.com/music/console/nintendo/nes/bucky-redplanet.mid
https://www.vgmusic.com/music/console/nintendo/nes/BOH-RescuedCrew.mid
https://www.vgmusic.com/music/console/nintendo/nes/bohsslct.mid
https://www.vgmusic.com/music/console/nintendo/nes/bohtitl1.mid
https://www.vgmusic.com/music/console/nintendo/nes/bohyellow.mid
https://www.vgmusic.com/music/console/nintendo/nes/BonusGame.mid
https://www.vgmusic.com/music/console/nintendo/nes/bb-Boss.mid
https://www.vgmusic.com/music/console/nintendo/nes/bb-Ending.mid
https://www.vgmusic.com/music/console/nintendo/nes/Stage1.mid
https://www.vgmusic.com/music/console/nintendo/nes/Stage2.mid
https://www.vgmusic.com/music/console/nintendo/nes/birthday_level3.mid
https://www.vgmusic.com/music/console/nintendo/nes/Stage4.mid
https://www.vgmusic.com/music/console/nintendo/nes/Stage5.mid
https://www.vgmusic.com/music/console/nintendo/nes/Stage6.mid
https://www.vgmusic.com/music/console/nintendo/nes/LoseLife.mid
https://www.vgmusic.com/music/console/nintendo/nes/Story.mid
https://www.vgmusic.com/music/console/nintendo/nes/PowerUp.mid
https://www.vgmusic.com/music/console/nintendo/nes/RoundComplete.mid
https://www.vgmusic.com/music/console/nintendo/nes/TitleScreen.mid
https://www.vgmusic.com/music/console/nintendo/nes/bccintro.mid
https://www.vgmusic.com/music/console/nintendo/nes/bcc1.mid
https://www.vgmusic.com/music/console/nintendo/nes/Bbccpipe.mid
https://www.vgmusic.com/music/console/nintendo/nes/stonestage.mid
https://www.vgmusic.com/music/console/nintendo/nes/bump_%27n_jump.mid
https://www.vgmusic.com/music/console/nintendo/nes/Burai_Fighter_-_Taxan.mid
https://www.vgmusic.com/music/console/nintendo/nes/Burgertime-Main.mid
https://www.vgmusic.com/music/console/nintendo/nes/CGdiskV1.1.mid
https://www.vgmusic.com/music/console/nintendo/nes/T_CaptainAmerica_CharSelect.mid
https://www.vgmusic.com/music/console/nintendo/nes/capkid1-02a.mid
https://www.vgmusic.com/music/console/nintendo/nes/capkid1-01.mid
https://www.vgmusic.com/music/console/nintendo/nes/OLskyhawkbase.mid
https://www.vgmusic.com/music/console/nintendo/nes/OLskyhawkname.mid
https://www.vgmusic.com/music/console/nintendo/nes/OLskyhawkmission.mid
https://www.vgmusic.com/music/console/nintendo/nes/OLskyhawktitle.mid
https://www.vgmusic.com/music/console/nintendo/nes/OLskyhawkdock.mid
https://www.vgmusic.com/music/console/nintendo/nes/t_ct2.mid
https://www.vgmusic.com/music/console/nintendo/nes/t_ct7.mid
https://www.vgmusic.com/music/console/nintendo/nes/t_ctmenu.mid
https://www.vgmusic.com/music/console/nintendo/nes/t_ct3.mid
https://www.vgmusic.com/music/console/nintendo/nes/t_ct4.mid
https://www.vgmusic.com/music/console/nintendo/nes/T_Tsuba9.mid
https://www.vgmusic.com/music/console/nintendo/nes/T_Tsuba0.mid
https://www.vgmusic.com/music/console/nintendo/nes/T_Tsub30.mid
https://www.vgmusic.com/music/console/nintendo/nes/T_Tsuba5.mid
https://www.vgmusic.com/music/console/nintendo/nes/T_Tsub16.mid
https://www.vgmusic.com/music/console/nintendo/nes/T_Tsub18.mid
https://www.vgmusic.com/music/console/nintendo/nes/T_Tsuba3.mid
https://www.vgmusic.com/music/console/nintendo/nes/T_Tsubasa2_NihonAllStarTheme.mid
https://www.vgmusic.com/music/console/nintendo/nes/T_Tsuba2.mid
https://www.vgmusic.com/music/console/nintendo/nes/T_Tsuba1.mid
https://www.vgmusic.com/music/console/nintendo/nes/T_Tsub29.mid
https://www.vgmusic.com/music/console/nintendo/nes/T_Tsub28.mid
https://www.vgmusic.com/music/console/nintendo/nes/T_Tsub11.mid
https://www.vgmusic.com/music/console/nintendo/nes/T_Tsub19.mid
https://www.vgmusic.com/music/console/nintendo/nes/T_Tsub21.mid
https://www.vgmusic.com/music/console/nintendo/nes/T_Tsub22.mid
https://www.vgmusic.com/music/console/nintendo/nes/T_Tsub23.mid
https://www.vgmusic.com/music/console/nintendo/nes/T_Tsub24.mid
https://www.vgmusic.com/music/console/nintendo/nes/T_Tsub26.mid
https://www.vgmusic.com/music/console/nintendo/nes/T_Tsub27.mid
https://www.vgmusic.com/music/console/nintendo/nes/T_Tsub14.mid
https://www.vgmusic.com/music/console/nintendo/nes/T_Tsuba4.mid
https://www.vgmusic.com/music/console/nintendo/nes/Castlequest_-_Death.mid
https://www.vgmusic.com/music/console/nintendo/nes/Castlequest_-_Groken_Castle.mid
https://www.vgmusic.com/music/console/nintendo/nes/Castlequest__-_Oxygen_Tanks.mid
https://www.vgmusic.com/music/console/nintendo/nes/Castlequest_-_Title_Screen.mid
https://www.vgmusic.com/music/console/nintendo/nes/CV1-_Poison_Mind.mid
https://www.vgmusic.com/music/console/nintendo/nes/Castlevania_Death.mid
https://www.vgmusic.com/music/console/nintendo/nes/cv1end.mid
https://www.vgmusic.com/music/console/nintendo/nes/Castlevania_Game_Over.mid
https://www.vgmusic.com/music/console/nintendo/nes/c1intro.mid
https://www.vgmusic.com/music/console/nintendo/nes/CV1-_Vampire_Killer.mid
https://www.vgmusic.com/music/console/nintendo/nes/cv1-lv2.mid
https://www.vgmusic.com/music/console/nintendo/nes/cstlv1s3.mid
https://www.vgmusic.com/music/console/nintendo/nes/cv1-4.mid
https://www.vgmusic.com/music/console/nintendo/nes/cv1-5.mid
https://www.vgmusic.com/music/console/nintendo/nes/CV1-_Out_of_Time.mid
https://www.vgmusic.com/music/console/nintendo/nes/Castlevania_Area_Clear.mid
https://www.vgmusic.com/music/console/nintendo/nes/c2dracsl.mid
https://www.vgmusic.com/music/console/nintendo/nes/casv2-6.mid
https://www.vgmusic.com/music/console/nintendo/nes/c2endng.mid
https://www.vgmusic.com/music/console/nintendo/nes/DraculaBattle.mid
https://www.vgmusic.com/music/console/nintendo/nes/DwellingofDoom.mid
https://www.vgmusic.com/music/console/nintendo/nes/c2night.mid
https://www.vgmusic.com/music/console/nintendo/nes/CV2-_Bloody_Tears.mid
https://www.vgmusic.com/music/console/nintendo/nes/c2pword.mid
https://www.vgmusic.com/music/console/nintendo/nes/c2town.mid
https://www.vgmusic.com/music/console/nintendo/nes/c3dvic.mid
https://www.vgmusic.com/music/console/nintendo/nes/c3stg4a.mid
https://www.vgmusic.com/music/console/nintendo/nes/c3aqua.mid
https://www.vgmusic.com/music/console/nintendo/nes/c3d2nd.mid
https://www.vgmusic.com/music/console/nintendo/nes/c3vict.mid
https://www.vgmusic.com/music/console/nintendo/nes/c3boss.mid
https://www.vgmusic.com/music/console/nintendo/nes/c3stg2.mid
https://www.vgmusic.com/music/console/nintendo/nes/c3cred.mid
https://www.vgmusic.com/music/console/nintendo/nes/c3deft.mid
https://www.vgmusic.com/music/console/nintendo/nes/c3map.mid
https://www.vgmusic.com/music/console/nintendo/nes/c3d1st.mid
https://www.vgmusic.com/music/console/nintendo/nes/c3encnter.mid
https://www.vgmusic.com/music/console/nintendo/nes/c3everg.mid
https://www.vgmusic.com/music/console/nintendo/nes/c3cont.mid
https://www.vgmusic.com/music/console/nintendo/nes/c3pray.mid
https://www.vgmusic.com/music/console/nintendo/nes/c3prelud.mid
https://www.vgmusic.com/music/console/nintendo/nes/c3stga.mid
https://www.vgmusic.com/music/console/nintendo/nes/c3begin.mid
https://www.vgmusic.com/music/console/nintendo/nes/c3stg3.mid
https://www.vgmusic.com/music/console/nintendo/nes/c3stg4.mid
https://www.vgmusic.com/music/console/nintendo/nes/c3stg5.mid
https://www.vgmusic.com/music/console/nintendo/nes/c3st5a.mid
https://www.vgmusic.com/music/console/nintendo/nes/c3demon.mid
https://www.vgmusic.com/music/console/nintendo/nes/c3stg6a.mid
https://www.vgmusic.com/music/console/nintendo/nes/DCAquarius.mid
https://www.vgmusic.com/music/console/nintendo/nes/c3stg8.mid
https://www.vgmusic.com/music/console/nintendo/nes/c3stg9.mid
https://www.vgmusic.com/music/console/nintendo/nes/ChaosworldBattle.mid
https://www.vgmusic.com/music/console/nintendo/nes/chaosworldboss.mid
https://www.vgmusic.com/music/console/nintendo/nes/cdstg1.mid
https://www.vgmusic.com/music/console/nintendo/nes/chip-and-dale-bonus.mid
https://www.vgmusic.com/music/console/nintendo/nes/cdboss.mid
https://www.vgmusic.com/music/console/nintendo/nes/CHIP1TTL.mid
https://www.vgmusic.com/music/console/nintendo/nes/cd1zonea.mid
https://www.vgmusic.com/music/console/nintendo/nes/CNDRRL2.mid
https://www.vgmusic.com/music/console/nintendo/nes/CHIP1C.mid
https://www.vgmusic.com/music/console/nintendo/nes/cdzonef.mid
https://www.vgmusic.com/music/console/nintendo/nes/Chip%26Dale_final_Stage.mid
https://www.vgmusic.com/music/console/nintendo/nes/cdzonej.mid
https://www.vgmusic.com/music/console/nintendo/nes/cdrr2b1.mid
https://www.vgmusic.com/music/console/nintendo/nes/cdrr2fch.mid
https://www.vgmusic.com/music/console/nintendo/nes/cdrr2sy.mid
https://www.vgmusic.com/music/console/nintendo/nes/CDRR2_NES_Title_Screen.mid
https://www.vgmusic.com/music/console/nintendo/nes/csjetman_area_a.mid
https://www.vgmusic.com/music/console/nintendo/nes/T_ChoujinSentaiJetman_Select.mid
https://www.vgmusic.com/music/console/nintendo/nes/takeshi.mid
https://www.vgmusic.com/music/console/nintendo/nes/T_RadiaSenki10.mid
https://www.vgmusic.com/music/console/nintendo/nes/T_RadiaSenki6.mid
https://www.vgmusic.com/music/console/nintendo/nes/T_RadiaSenki1.mid
https://www.vgmusic.com/music/console/nintendo/nes/T_RadiaSenki5.mid
https://www.vgmusic.com/music/console/nintendo/nes/T_RadiaSenki8.mid
https://www.vgmusic.com/music/console/nintendo/nes/T_RadiaSenki9.mid
https://www.vgmusic.com/music/console/nintendo/nes/T_RadiaSenki0.mid
https://www.vgmusic.com/music/console/nintendo/nes/T_RadiaSenki7.mid
https://www.vgmusic.com/music/console/nintendo/nes/T_RadiaSenki2.mid
https://www.vgmusic.com/music/console/nintendo/nes/chubby.mid
https://www.vgmusic.com/music/console/nintendo/nes/CC-Bonus.mid
https://www.vgmusic.com/music/console/nintendo/nes/CC-BonusEnd.mid
https://www.vgmusic.com/music/console/nintendo/nes/CC-Boss.mid
https://www.vgmusic.com/music/console/nintendo/nes/CC-BossDefeated.mid
https://www.vgmusic.com/music/console/nintendo/nes/CC-Intro.mid
https://www.vgmusic.com/music/console/nintendo/nes/CC-GameOver.mid
https://www.vgmusic.com/music/console/nintendo/nes/CC-Intro2.mid
https://www.vgmusic.com/music/console/nintendo/nes/CC-Key.mid
https://www.vgmusic.com/music/console/nintendo/nes/CC-Level1.mid
https://www.vgmusic.com/music/console/nintendo/nes/CC-Level2.mid
https://www.vgmusic.com/music/console/nintendo/nes/CC-Level3.mid
https://www.vgmusic.com/music/console/nintendo/nes/CC-Level4.mid
https://www.vgmusic.com/music/console/nintendo/nes/CC-Level5.mid
https://www.vgmusic.com/music/console/nintendo/nes/CC-Level6.mid
https://www.vgmusic.com/music/console/nintendo/nes/CC-Title.mid
https://www.vgmusic.com/music/console/nintendo/nes/City_Connection_-_Intro.mid
https://www.vgmusic.com/music/console/nintendo/nes/City_Connection_-_Level_1.mid
https://www.vgmusic.com/music/console/nintendo/nes/CityConnectionLevel2.mid
https://www.vgmusic.com/music/console/nintendo/nes/CaD_Cave.mid
https://www.vgmusic.com/music/console/nintendo/nes/ClashD.mid
https://www.vgmusic.com/music/console/nintendo/nes/demonhead_route.mid
https://www.vgmusic.com/music/console/nintendo/nes/demonhead_map.mid
https://www.vgmusic.com/music/console/nintendo/nes/Cobra_triangle_mine.mid
https://www.vgmusic.com/music/console/nintendo/nes/NES__Cocoron_Japan__Character_Creation.mid
https://www.vgmusic.com/music/console/nintendo/nes/cointro.mid
https://www.vgmusic.com/music/console/nintendo/nes/cocoboss.mid
https://www.vgmusic.com/music/console/nintendo/nes/viperend.mid
https://www.vgmusic.com/music/console/nintendo/nes/Code_Name_Viper-Game_Over.mid
https://www.vgmusic.com/music/console/nintendo/nes/Code_Name_Viper-Mission_Briefing.mid
https://www.vgmusic.com/music/console/nintendo/nes/cmmando.mid
https://www.vgmusic.com/music/console/nintendo/nes/CotCP-Kim_Shop.mid
https://www.vgmusic.com/music/console/nintendo/nes/CotCP-Stage_Map.mid
https://www.vgmusic.com/music/console/nintendo/nes/CotCP-Stage2.mid
https://www.vgmusic.com/music/console/nintendo/nes/CotCP-Stage3.mid
https://www.vgmusic.com/music/console/nintendo/nes/CotCP-Stage4.mid
https://www.vgmusic.com/music/console/nintendo/nes/CotCP-Stage5.mid
https://www.vgmusic.com/music/console/nintendo/nes/contra2.mid
https://www.vgmusic.com/music/console/nintendo/nes/Contra_Boss_Battle.mid
https://www.vgmusic.com/music/console/nintendo/nes/energyzone.mid
https://www.vgmusic.com/music/console/nintendo/nes/Contra_-_Game_Over.mid
https://www.vgmusic.com/music/console/nintendo/nes/contra-1.mid
https://www.vgmusic.com/music/console/nintendo/nes/ContraMedley.mid
https://www.vgmusic.com/music/console/nintendo/nes/G_Contra_Stage2.mid
https://www.vgmusic.com/music/console/nintendo/nes/Contra-Snowfield.mid
https://www.vgmusic.com/music/console/nintendo/nes/contra-finalstage.mid
https://www.vgmusic.com/music/console/nintendo/nes/G_Probotector_StageComplete.mid
https://www.vgmusic.com/music/console/nintendo/nes/contra3.mid
https://www.vgmusic.com/music/console/nintendo/nes/CF-Level1.mid
https://www.vgmusic.com/music/console/nintendo/nes/ContraForceL2.mid
https://www.vgmusic.com/music/console/nintendo/nes/ContraForce-L3.mid
https://www.vgmusic.com/music/console/nintendo/nes/ContraForce-L4.mid
https://www.vgmusic.com/music/console/nintendo/nes/Contra_Force-Select.mid
https://www.vgmusic.com/music/console/nintendo/nes/cbsc_swim.mid
https://www.vgmusic.com/music/console/nintendo/nes/crys-desert.mid
https://www.vgmusic.com/music/console/nintendo/nes/Crysta~1.mid
https://www.vgmusic.com/music/console/nintendo/nes/Crystalis_-_Tower.mid
https://www.vgmusic.com/music/console/nintendo/nes/crystalis-fortress.mid
https://www.vgmusic.com/music/console/nintendo/nes/crytown.mid
https://www.vgmusic.com/music/console/nintendo/nes/T_Crystalis_MapTheme105.mid
https://www.vgmusic.com/music/console/nintendo/nes/crystalis-mesia.mid
https://www.vgmusic.com/music/console/nintendo/nes/crys-saber.mid
https://www.vgmusic.com/music/console/nintendo/nes/crys-open.mid
https://www.vgmusic.com/music/console/nintendo/nes/cryfield.mid
https://www.vgmusic.com/music/console/nintendo/nes/cryst-py.mid
https://www.vgmusic.com/music/console/nintendo/nes/Shyron.mid
https://www.vgmusic.com/music/console/nintendo/nes/Ctitle1.mid
https://www.vgmusic.com/music/console/nintendo/nes/ddcity.mid
https://www.vgmusic.com/music/console/nintendo/nes/ddsewers.mid
https://www.vgmusic.com/music/console/nintendo/nes/ddwhse.mid
https://www.vgmusic.com/music/console/nintendo/nes/ddbridge.mid
https://www.vgmusic.com/music/console/nintendo/nes/ddwoods.mid
https://www.vgmusic.com/music/console/nintendo/nes/Dash_Galaxy-Elevator_Shaft.mid
https://www.vgmusic.com/music/console/nintendo/nes/Dash_Galaxy_-_Intro.mid
https://www.vgmusic.com/music/console/nintendo/nes/Dash_Galaxy_-_Title.mid
https://www.vgmusic.com/music/console/nintendo/nes/swords.mid
https://www.vgmusic.com/music/console/nintendo/nes/dejavu7.mid
https://www.vgmusic.com/music/console/nintendo/nes/dejavu6.mid
https://www.vgmusic.com/music/console/nintendo/nes/dejavu8.mid
https://www.vgmusic.com/music/console/nintendo/nes/dejavu1.mid
https://www.vgmusic.com/music/console/nintendo/nes/dejavu4.mid
https://www.vgmusic.com/music/console/nintendo/nes/dejavu2.mid
https://www.vgmusic.com/music/console/nintendo/nes/dejavu5.mid
https://www.vgmusic.com/music/console/nintendo/nes/dejavu3.mid
https://www.vgmusic.com/music/console/nintendo/nes/destearth_space.mid
https://www.vgmusic.com/music/console/nintendo/nes/general.mid
https://www.vgmusic.com/music/console/nintendo/nes/normbatl.mid
https://www.vgmusic.com/music/console/nintendo/nes/history.mid
https://www.vgmusic.com/music/console/nintendo/nes/doe45.mid
https://www.vgmusic.com/music/console/nintendo/nes/tyrant.mid
https://www.vgmusic.com/music/console/nintendo/nes/Dd145.mid
https://www.vgmusic.com/music/console/nintendo/nes/DD-end1.mid
https://www.vgmusic.com/music/console/nintendo/nes/DD-end2.mid
https://www.vgmusic.com/music/console/nintendo/nes/DD-intro.mid
https://www.vgmusic.com/music/console/nintendo/nes/DD-star.mid
https://www.vgmusic.com/music/console/nintendo/nes/DD-subsp.mid
https://www.vgmusic.com/music/console/nintendo/nes/DOKO12.mid
https://www.vgmusic.com/music/console/nintendo/nes/Doko01.mid
https://www.vgmusic.com/music/console/nintendo/nes/Stageb.mid
https://www.vgmusic.com/music/console/nintendo/nes/dk-gamestart.mid
https://www.vgmusic.com/music/console/nintendo/nes/dk-hammer.mid
https://www.vgmusic.com/music/console/nintendo/nes/Donkey_Kong.mid
https://www.vgmusic.com/music/console/nintendo/nes/DKLevel1.mid
https://www.vgmusic.com/music/console/nintendo/nes/DKLevel3.mid
https://www.vgmusic.com/music/console/nintendo/nes/dk-die.mid
https://www.vgmusic.com/music/console/nintendo/nes/dk-stagestart.mid
https://www.vgmusic.com/music/console/nintendo/nes/Double_Dragon-Cliffs.mid
https://www.vgmusic.com/music/console/nintendo/nes/dd-intermission.mid
https://www.vgmusic.com/music/console/nintendo/nes/ddstage.mid
https://www.vgmusic.com/music/console/nintendo/nes/dd-mission2.mid
https://www.vgmusic.com/music/console/nintendo/nes/Ddl3cave.mid
https://www.vgmusic.com/music/console/nintendo/nes/dd_mission4.mid
https://www.vgmusic.com/music/console/nintendo/nes/doubledragon.mid
https://www.vgmusic.com/music/console/nintendo/nes/dd2-boss-1.mid
https://www.vgmusic.com/music/console/nintendo/nes/dd2-ending.mid
https://www.vgmusic.com/music/console/nintendo/nes/dd2-gameover.mid
https://www.vgmusic.com/music/console/nintendo/nes/dd2-intro.mid
https://www.vgmusic.com/music/console/nintendo/nes/dd2-mission1.mid
https://www.vgmusic.com/music/console/nintendo/nes/dd2stg2.mid
https://www.vgmusic.com/music/console/nintendo/nes/dd2-mission3.mid
https://www.vgmusic.com/music/console/nintendo/nes/dd2l4.mid
https://www.vgmusic.com/music/console/nintendo/nes/Double_Dragon_2-Mission_5_-_Forest_Of_Death.mid
https://www.vgmusic.com/music/console/nintendo/nes/dd2-mission5b.mid
https://www.vgmusic.com/music/console/nintendo/nes/dd2-mission6.mid
https://www.vgmusic.com/music/console/nintendo/nes/Double_Dragon_2-Mission_7.mid
https://www.vgmusic.com/music/console/nintendo/nes/dd2l8.mid
https://www.vgmusic.com/music/console/nintendo/nes/dd2-msncmplt.mid
https://www.vgmusic.com/music/console/nintendo/nes/dd2shad.mid
https://www.vgmusic.com/music/console/nintendo/nes/dd2-staffroll.mid
https://www.vgmusic.com/music/console/nintendo/nes/dd2-title.mid
https://www.vgmusic.com/music/console/nintendo/nes/chin.mid
https://www.vgmusic.com/music/console/nintendo/nes/dd3-finalboss.mid
https://www.vgmusic.com/music/console/nintendo/nes/Lv1dojo.mid
https://www.vgmusic.com/music/console/nintendo/nes/Dd3boss1.mid
https://www.vgmusic.com/music/console/nintendo/nes/dd3level1b.mid
https://www.vgmusic.com/music/console/nintendo/nes/dd3-warehouse.mid
https://www.vgmusic.com/music/console/nintendo/nes/dd3level2.mid
https://www.vgmusic.com/music/console/nintendo/nes/dd3-dojhg.mid
https://www.vgmusic.com/music/console/nintendo/nes/dd3level3a.mid
https://www.vgmusic.com/music/console/nintendo/nes/dd3level4.mid
https://www.vgmusic.com/music/console/nintendo/nes/dd3boss4.mid
https://www.vgmusic.com/music/console/nintendo/nes/dd3level5a.mid
https://www.vgmusic.com/music/console/nintendo/nes/dd3-pyr1.mid
https://www.vgmusic.com/music/console/nintendo/nes/Dd3-map.mid
https://www.vgmusic.com/music/console/nintendo/nes/ranzoufixed.mid
https://www.vgmusic.com/music/console/nintendo/nes/DD3SSR.mid
https://www.vgmusic.com/music/console/nintendo/nes/DrJekyllMrHyde.mid
https://www.vgmusic.com/music/console/nintendo/nes/victory.mid
https://www.vgmusic.com/music/console/nintendo/nes/drmchill.mid
https://www.vgmusic.com/music/console/nintendo/nes/drmfever.mid
https://www.vgmusic.com/music/console/nintendo/nes/pg_22.mid
https://www.vgmusic.com/music/console/nintendo/nes/dm_options.mid
https://www.vgmusic.com/music/console/nintendo/nes/dmario2.mid
https://www.vgmusic.com/music/console/nintendo/nes/drm_cine.mid
https://www.vgmusic.com/music/console/nintendo/nes/NES_Makafushigi.mid
https://www.vgmusic.com/music/console/nintendo/nes/Dragon_ball_song.mid
https://www.vgmusic.com/music/console/nintendo/nes/picorobout.mid
https://www.vgmusic.com/music/console/nintendo/nes/DragonSlayer4_Dungeon1.mid
https://www.vgmusic.com/music/console/nintendo/nes/cave5.mid
https://www.vgmusic.com/music/console/nintendo/nes/JDC_DSA9Boss.mid
https://www.vgmusic.com/music/console/nintendo/nes/JDC_DSConv.mid
https://www.vgmusic.com/music/console/nintendo/nes/dragonintrob.mid
https://www.vgmusic.com/music/console/nintendo/nes/dw1fight.mid
https://www.vgmusic.com/music/console/nintendo/nes/dw1cave.mid
https://www.vgmusic.com/music/console/nintendo/nes/dw1dlord.mid
https://www.vgmusic.com/music/console/nintendo/nes/DW1Dragonlords_room.mid
https://www.vgmusic.com/music/console/nintendo/nes/dw1end.mid
https://www.vgmusic.com/music/console/nintendo/nes/dw1intro.mid
https://www.vgmusic.com/music/console/nintendo/nes/Dw1out.mid
https://www.vgmusic.com/music/console/nintendo/nes/dw1king.mid
https://www.vgmusic.com/music/console/nintendo/nes/dw1town.mid
https://www.vgmusic.com/music/console/nintendo/nes/dw2battle.mid
https://www.vgmusic.com/music/console/nintendo/nes/Castle.mid
https://www.vgmusic.com/music/console/nintendo/nes/Cave.mid
https://www.vgmusic.com/music/console/nintendo/nes/Ending.mid
https://www.vgmusic.com/music/console/nintendo/nes/dq2world2.mid
https://www.vgmusic.com/music/console/nintendo/nes/Malroth.mid
https://www.vgmusic.com/music/console/nintendo/nes/dw2town.mid
https://www.vgmusic.com/music/console/nintendo/nes/Only_the_lonely_boy.mid
https://www.vgmusic.com/music/console/nintendo/nes/Overworld.mid
https://www.vgmusic.com/music/console/nintendo/nes/Sailing_ship.mid
https://www.vgmusic.com/music/console/nintendo/nes/Sleep.mid
https://www.vgmusic.com/music/console/nintendo/nes/The_prince_and_princess.mid
https://www.vgmusic.com/music/console/nintendo/nes/DW2Theme.mid
https://www.vgmusic.com/music/console/nintendo/nes/Dw2death.mid
https://www.vgmusic.com/music/console/nintendo/nes/Inside_a_tower.mid
https://www.vgmusic.com/music/console/nintendo/nes/dw3batl.mid
https://www.vgmusic.com/music/console/nintendo/nes/dq3_adv.mid
https://www.vgmusic.com/music/console/nintendo/nes/dq3rondo.mid
https://www.vgmusic.com/music/console/nintendo/nes/DW3CAVE.mid
https://www.vgmusic.com/music/console/nintendo/nes/DW3ORGAN.mid
https://www.vgmusic.com/music/console/nintendo/nes/dq3credt.mid
https://www.vgmusic.com/music/console/nintendo/nes/DW3DEATH.mid
https://www.vgmusic.com/music/console/nintendo/nes/Dq3b2.mid
https://www.vgmusic.com/music/console/nintendo/nes/DW3FLY.mid
https://www.vgmusic.com/music/console/nintendo/nes/DW3LEVEL.mid
https://www.vgmusic.com/music/console/nintendo/nes/dq3_hoko.mid
https://www.vgmusic.com/music/console/nintendo/nes/Dw3intro.mid
https://www.vgmusic.com/music/console/nintendo/nes/DW3JIPNG.mid
https://www.vgmusic.com/music/console/nintendo/nes/Dq3f1.mid
https://www.vgmusic.com/music/console/nintendo/nes/DW3PYRAM.mid
https://www.vgmusic.com/music/console/nintendo/nes/DW3SHIP.mid
https://www.vgmusic.com/music/console/nintendo/nes/dq3shrin.mid
https://www.vgmusic.com/music/console/nintendo/nes/DW3SLEEP.mid
https://www.vgmusic.com/music/console/nintendo/nes/DW3TEMPL.mid
https://www.vgmusic.com/music/console/nintendo/nes/DW3TOWER.mid
https://www.vgmusic.com/music/console/nintendo/nes/dq3town.mid
https://www.vgmusic.com/music/console/nintendo/nes/dw3dark.mid
https://www.vgmusic.com/music/console/nintendo/nes/dq3assrm.mid
https://www.vgmusic.com/music/console/nintendo/nes/Dragon_Quest_IV_-_March_of_the_Capricious_Princess.mid
https://www.vgmusic.com/music/console/nintendo/nes/dq4alena.mid
https://www.vgmusic.com/music/console/nintendo/nes/dw4batl.mid
https://www.vgmusic.com/music/console/nintendo/nes/burland.mid
https://www.vgmusic.com/music/console/nintendo/nes/dw4casino.mid
https://www.vgmusic.com/music/console/nintendo/nes/dw4casl.mid
https://www.vgmusic.com/music/console/nintendo/nes/dq4cave.mid
https://www.vgmusic.com/music/console/nintendo/nes/Dw4death.mid
https://www.vgmusic.com/music/console/nintendo/nes/dq4end.mid
https://www.vgmusic.com/music/console/nintendo/nes/dq4nes-ending.mid
https://www.vgmusic.com/music/console/nintendo/nes/dw4-necrosaro.mid
https://www.vgmusic.com/music/console/nintendo/nes/dq4hero.mid
https://www.vgmusic.com/music/console/nintendo/nes/Dragon_Quest_IV_-_The_Gypsies_Journey.mid
https://www.vgmusic.com/music/console/nintendo/nes/Better_Nara_and_Mara_DQ4_Battle_Theme.mid
https://www.vgmusic.com/music/console/nintendo/nes/ragnar1.mid
https://www.vgmusic.com/music/console/nintendo/nes/dq4ship.mid
https://www.vgmusic.com/music/console/nintendo/nes/dq4_title.mid
https://www.vgmusic.com/music/console/nintendo/nes/dq4tower.mid
https://www.vgmusic.com/music/console/nintendo/nes/dq4town.mid
https://www.vgmusic.com/music/console/nintendo/nes/dq4_medely.mid
https://www.vgmusic.com/music/console/nintendo/nes/Dw4wagonwheelmarch.mid
https://www.vgmusic.com/music/console/nintendo/nes/Dragonslair.mid
https://www.vgmusic.com/music/console/nintendo/nes/Dragonslairts.mid
https://www.vgmusic.com/music/console/nintendo/nes/Tenkai-Title_V2.mid
https://www.vgmusic.com/music/console/nintendo/nes/skeetshooter.mid
https://www.vgmusic.com/music/console/nintendo/nes/Duck_Hunt_Introduction.mid
https://www.vgmusic.com/music/console/nintendo/nes/duckhuntlevelcomplete.mid
https://www.vgmusic.com/music/console/nintendo/nes/duck_hunt.mid
https://www.vgmusic.com/music/console/nintendo/nes/duckhuntdog.mid
https://www.vgmusic.com/music/console/nintendo/nes/Duck_Tales-African_Mines.mid
https://www.vgmusic.com/music/console/nintendo/nes/Duck_Tales_-_Amazon.mid
https://www.vgmusic.com/music/console/nintendo/nes/boss-drums.mid
https://www.vgmusic.com/music/console/nintendo/nes/dtwin.mid
https://www.vgmusic.com/music/console/nintendo/nes/dthimalayas.mid
https://www.vgmusic.com/music/console/nintendo/nes/d1select.mid
https://www.vgmusic.com/music/console/nintendo/nes/Duck_Tales_-_Magic_Coin.mid
https://www.vgmusic.com/music/console/nintendo/nes/DUCKTALESMOONCAPS.mid
https://www.vgmusic.com/music/console/nintendo/nes/dtmoon.mid
https://www.vgmusic.com/music/console/nintendo/nes/Duck_Tales_Title.mid
https://www.vgmusic.com/music/console/nintendo/nes/d1trans.mid
https://www.vgmusic.com/music/console/nintendo/nes/DT2-Bermuda.mid
https://www.vgmusic.com/music/console/nintendo/nes/DT2-Boss.mid
https://www.vgmusic.com/music/console/nintendo/nes/DT2-CastleBasement.mid
https://www.vgmusic.com/music/console/nintendo/nes/DT2-Egypt.mid
https://www.vgmusic.com/music/console/nintendo/nes/DT2-MapScreen.mid
https://www.vgmusic.com/music/console/nintendo/nes/duck_tales_2_last_level.mid
https://www.vgmusic.com/music/console/nintendo/nes/DT2-Mu.mid
https://www.vgmusic.com/music/console/nintendo/nes/Ducktales_2_Niagra_Falls.mid
https://www.vgmusic.com/music/console/nintendo/nes/DT2-Scotland.mid
https://www.vgmusic.com/music/console/nintendo/nes/dyno_stinside.mid
https://www.vgmusic.com/music/console/nintendo/nes/dynowarz_title.mid
https://www.vgmusic.com/music/console/nintendo/nes/EggSNTm2.mid
https://www.vgmusic.com/music/console/nintendo/nes/Boat_Duel_Back_View_V2.mid
https://www.vgmusic.com/music/console/nintendo/nes/Boat_Duel_Top_View.mid
https://www.vgmusic.com/music/console/nintendo/nes/excitegs.mid
https://www.vgmusic.com/music/console/nintendo/nes/ExciteBike-Pause.mid
https://www.vgmusic.com/music/console/nintendo/nes/ExciteBike-Ranking.mid
https://www.vgmusic.com/music/console/nintendo/nes/excitetl.mid
https://www.vgmusic.com/music/console/nintendo/nes/Level_Screen_Music.mid
https://www.vgmusic.com/music/console/nintendo/nes/FDS_BIOS_-_Startup.mid
https://www.vgmusic.com/music/console/nintendo/nes/DIZZYBNS.mid
https://www.vgmusic.com/music/console/nintendo/nes/DIZZY.mid
https://www.vgmusic.com/music/console/nintendo/nes/DIZZYMC.mid
https://www.vgmusic.com/music/console/nintendo/nes/OLfantzoneopaopa.mid
https://www.vgmusic.com/music/console/nintendo/nes/OLfantzoneboss.mid
https://www.vgmusic.com/music/console/nintendo/nes/OLfantzoneshop.mid
https://www.vgmusic.com/music/console/nintendo/nes/OLfantzoneround1.mid
https://www.vgmusic.com/music/console/nintendo/nes/faria_ehdo.mid
https://www.vgmusic.com/music/console/nintendo/nes/Faxanadu_Church_DW.mid
https://www.vgmusic.com/music/console/nintendo/nes/Faxdbr.mid
https://www.vgmusic.com/music/console/nintendo/nes/Faxdead.mid
https://www.vgmusic.com/music/console/nintendo/nes/faxboss1.mid
https://www.vgmusic.com/music/console/nintendo/nes/faxtown.mid
https://www.vgmusic.com/music/console/nintendo/nes/Faxfog.mid
https://www.vgmusic.com/music/console/nintendo/nes/FaxTimer.mid
https://www.vgmusic.com/music/console/nintendo/nes/faxhouse.mid
https://www.vgmusic.com/music/console/nintendo/nes/faxanadu_-_king%27s_castle.mid
https://www.vgmusic.com/music/console/nintendo/nes/FaxDwarf.mid
https://www.vgmusic.com/music/console/nintendo/nes/JUI_FaxMasco.mid
https://www.vgmusic.com/music/console/nintendo/nes/faxmwtk.mid
https://www.vgmusic.com/music/console/nintendo/nes/faxoverworld.mid
https://www.vgmusic.com/music/console/nintendo/nes/fxn-pwrd.mid
https://www.vgmusic.com/music/console/nintendo/nes/faxtitle.mid
https://www.vgmusic.com/music/console/nintendo/nes/faxVillage_fixed.mid
https://www.vgmusic.com/music/console/nintendo/nes/bossfelixthecat.mid
https://www.vgmusic.com/music/console/nintendo/nes/felixttl.mid
https://www.vgmusic.com/music/console/nintendo/nes/underwaterfelixthecat.mid
https://www.vgmusic.com/music/console/nintendo/nes/world1felixthecat.mid
https://www.vgmusic.com/music/console/nintendo/nes/world4felixthecat.mid
https://www.vgmusic.com/music/console/nintendo/nes/FQBM.mid
https://www.vgmusic.com/music/console/nintendo/nes/fester-o.mid
https://www.vgmusic.com/music/console/nintendo/nes/T_HiryuNoKenFighting_TournamentTheme.mid
https://www.vgmusic.com/music/console/nintendo/nes/t_hnks7.mid
https://www.vgmusic.com/music/console/nintendo/nes/t_hnks4.mid
https://www.vgmusic.com/music/console/nintendo/nes/t_hnks6.mid
https://www.vgmusic.com/music/console/nintendo/nes/t_hnks5.mid
https://www.vgmusic.com/music/console/nintendo/nes/ff1airs.mid
https://www.vgmusic.com/music/console/nintendo/nes/ff1battl.mid
https://www.vgmusic.com/music/console/nintendo/nes/Ffvictory.mid
https://www.vgmusic.com/music/console/nintendo/nes/ff1undrw.mid
https://www.vgmusic.com/music/console/nintendo/nes/ff1cave1.mid
https://www.vgmusic.com/music/console/nintendo/nes/ff1castl.mid
https://www.vgmusic.com/music/console/nintendo/nes/ff1end.mid
https://www.vgmusic.com/music/console/nintendo/nes/ff1flcst.mid
https://www.vgmusic.com/music/console/nintendo/nes/ff1gurgu.mid
https://www.vgmusic.com/music/console/nintendo/nes/ff1matya.mid
https://www.vgmusic.com/music/console/nintendo/nes/ff1menu.mid
https://www.vgmusic.com/music/console/nintendo/nes/ff1overw.mid
https://www.vgmusic.com/music/console/nintendo/nes/ffPRELUDE.mid
https://www.vgmusic.com/music/console/nintendo/nes/ff1prolg.mid
https://www.vgmusic.com/music/console/nintendo/nes/ff1ship1.mid
https://www.vgmusic.com/music/console/nintendo/nes/ff1shop.mid
https://www.vgmusic.com/music/console/nintendo/nes/ff1dead.mid
https://www.vgmusic.com/music/console/nintendo/nes/ff1title.mid
https://www.vgmusic.com/music/console/nintendo/nes/ff1town.mid
https://www.vgmusic.com/music/console/nintendo/nes/ff2jbatl.mid
https://www.vgmusic.com/music/console/nintendo/nes/Pandemonium.mid
https://www.vgmusic.com/music/console/nintendo/nes/ff2jdead.mid
https://www.vgmusic.com/music/console/nintendo/nes/ff2jfinl.mid
https://www.vgmusic.com/music/console/nintendo/nes/ff2jkash.mid
https://www.vgmusic.com/music/console/nintendo/nes/FF2magiciantower11.mid
https://www.vgmusic.com/music/console/nintendo/nes/ff2jrebl1.mid
https://www.vgmusic.com/music/console/nintendo/nes/ff2jrest.mid
https://www.vgmusic.com/music/console/nintendo/nes/ff2jshrine.mid
https://www.vgmusic.com/music/console/nintendo/nes/ff2jthem.mid
https://www.vgmusic.com/music/console/nintendo/nes/ff2jtown.mid
https://www.vgmusic.com/music/console/nintendo/nes/ff2jwshp.mid
https://www.vgmusic.com/music/console/nintendo/nes/ff3airship.mid
https://www.vgmusic.com/music/console/nintendo/nes/ff3jbatt.mid
https://www.vgmusic.com/music/console/nintendo/nes/ff3jboss.mid
https://www.vgmusic.com/music/console/nintendo/nes/ff3Castle.mid
https://www.vgmusic.com/music/console/nintendo/nes/ff3j_4.mid
https://www.vgmusic.com/music/console/nintendo/nes/ff3jtoza.mid
https://www.vgmusic.com/music/console/nintendo/nes/FF3DarkWorldByCryogen.mid
https://www.vgmusic.com/music/console/nintendo/nes/ff3darkworld.mid
https://www.vgmusic.com/music/console/nintendo/nes/ff3jelia.mid
https://www.vgmusic.com/music/console/nintendo/nes/ff3jewnd.mid
https://www.vgmusic.com/music/console/nintendo/nes/ff3j-ew.mid
https://www.vgmusic.com/music/console/nintendo/nes/ff3jlbos.mid
https://www.vgmusic.com/music/console/nintendo/nes/ff3jforbl.mid
https://www.vgmusic.com/music/console/nintendo/nes/ff3jjinn.mid
https://www.vgmusic.com/music/console/nintendo/nes/Let_Me_Know_the_Truth.mid
https://www.vgmusic.com/music/console/nintendo/nes/ff3jlute.mid
https://www.vgmusic.com/music/console/nintendo/nes/Ff3jdead.mid
https://www.vgmusic.com/music/console/nintendo/nes/ff3PRELUDE.mid
https://www.vgmusic.com/music/console/nintendo/nes/FF3SylxTowerByCryogen.mid
https://www.vgmusic.com/music/console/nintendo/nes/ff3jtime.mid
https://www.vgmusic.com/music/console/nintendo/nes/htown.mid
https://www.vgmusic.com/music/console/nintendo/nes/ff3worldmap-v101.mid
https://www.vgmusic.com/music/console/nintendo/nes/final_mission_intro.mid
https://www.vgmusic.com/music/console/nintendo/nes/fe2_attack.mid
https://www.vgmusic.com/music/console/nintendo/nes/ready.mid
https://www.vgmusic.com/music/console/nintendo/nes/Maxhawk.mid
https://www.vgmusic.com/music/console/nintendo/nes/Flappy.mid
https://www.vgmusic.com/music/console/nintendo/nes/FlappyBGM.mid
https://www.vgmusic.com/music/console/nintendo/nes/F_basket.mid
https://www.vgmusic.com/music/console/nintendo/nes/F_boss.mid
https://www.vgmusic.com/music/console/nintendo/nes/F_castle.mid
https://www.vgmusic.com/music/console/nintendo/nes/F_land.mid
https://www.vgmusic.com/music/console/nintendo/nes/F_gover.mid
https://www.vgmusic.com/music/console/nintendo/nes/F_jungle.mid
https://www.vgmusic.com/music/console/nintendo/nes/F_win.mid
https://www.vgmusic.com/music/console/nintendo/nes/F_tea.mid
https://www.vgmusic.com/music/console/nintendo/nes/F_water.mid
https://www.vgmusic.com/music/console/nintendo/nes/FS2-BonusGame.mid
https://www.vgmusic.com/music/console/nintendo/nes/FS2-FinalStage.mid
https://www.vgmusic.com/music/console/nintendo/nes/FS2-MapScreen.mid
https://www.vgmusic.com/music/console/nintendo/nes/Fw02.mid
https://www.vgmusic.com/music/console/nintendo/nes/fw05gm.mid
https://www.vgmusic.com/music/console/nintendo/nes/Francontinue.mid
https://www.vgmusic.com/music/console/nintendo/nes/Frankenstein.mid
https://www.vgmusic.com/music/console/nintendo/nes/F13CABIN.mid
https://www.vgmusic.com/music/console/nintendo/nes/f13.mid
https://www.vgmusic.com/music/console/nintendo/nes/f13cabinjason.mid
https://www.vgmusic.com/music/console/nintendo/nes/Friday_The_13th.mid
https://www.vgmusic.com/music/console/nintendo/nes/friday_the_13th_-_map.mid
https://www.vgmusic.com/music/console/nintendo/nes/f13field.mid
https://www.vgmusic.com/music/console/nintendo/nes/GIJoeBoss.mid
https://www.vgmusic.com/music/console/nintendo/nes/GIJOEAF.mid
https://www.vgmusic.com/music/console/nintendo/nes/GIJAF_Attackedfromtheair.mid
https://www.vgmusic.com/music/console/nintendo/nes/Cobra_Base.mid
https://www.vgmusic.com/music/console/nintendo/nes/GIJAF_Attackonthebridge.mid
https://www.vgmusic.com/music/console/nintendo/nes/goemon.mid
https://www.vgmusic.com/music/console/nintendo/nes/Gargoyle%27s_Quest_Castle_Theme.mid
https://www.vgmusic.com/music/console/nintendo/nes/GargoyleshouseV3.mid
https://www.vgmusic.com/music/console/nintendo/nes/Gargoyle%27s_Quest_Lethe%27s_Castle_theme.mid
https://www.vgmusic.com/music/console/nintendo/nes/Gargoyle%27s_Quest_Overworld_Theme.mid
https://www.vgmusic.com/music/console/nintendo/nes/Gargoyle%27s_Quest_Password_Theme.mid
https://www.vgmusic.com/music/console/nintendo/nes/Gargoyle%27s_Quest_Title_Theme.mid
https://www.vgmusic.com/music/console/nintendo/nes/Gargoyle%27s_Quest_Town_Theme.mid
https://www.vgmusic.com/music/console/nintendo/nes/Clue_Room_Jam.mid
https://www.vgmusic.com/music/console/nintendo/nes/gauntl-a.mid
https://www.vgmusic.com/music/console/nintendo/nes/gauntl-b.mid
https://www.vgmusic.com/music/console/nintendo/nes/gauntl-c.mid
https://www.vgmusic.com/music/console/nintendo/nes/gauntl-d.mid
https://www.vgmusic.com/music/console/nintendo/nes/gauntl-s.mid
https://www.vgmusic.com/music/console/nintendo/nes/gaunt001.mid
https://www.vgmusic.com/music/console/nintendo/nes/gauntl-t.mid
https://www.vgmusic.com/music/console/nintendo/nes/gdoverw.mid
https://www.vgmusic.com/music/console/nintendo/nes/Ghostbusters2-Ecto1Stage.mid
https://www.vgmusic.com/music/console/nintendo/nes/Ghostbusters2-StatueOfLibertyStage.mid
https://www.vgmusic.com/music/console/nintendo/nes/Ghosts_N_Goblins-Death.mid
https://www.vgmusic.com/music/console/nintendo/nes/Ghosts_N_Goblins-Ending.mid
https://www.vgmusic.com/music/console/nintendo/nes/Ghosts_N_Goblins-Duel.mid
https://www.vgmusic.com/music/console/nintendo/nes/Ghosts_N_Goblins-Game_Over.mid
https://www.vgmusic.com/music/console/nintendo/nes/ghostgob.mid
https://www.vgmusic.com/music/console/nintendo/nes/Ghosts_N_Goblins-Illusion.mid
https://www.vgmusic.com/music/console/nintendo/nes/ggintro.mid
https://www.vgmusic.com/music/console/nintendo/nes/Ghosts_N_Goblins-Out_Of_Time.mid
https://www.vgmusic.com/music/console/nintendo/nes/ghosts_n%27_goblins_-_stage_1.mid
https://www.vgmusic.com/music/console/nintendo/nes/Ghosts_N_Goblins-Stages_3_4.mid
https://www.vgmusic.com/music/console/nintendo/nes/ghosts_n%27_goblins_-_last_stage.mid
https://www.vgmusic.com/music/console/nintendo/nes/Ghosts_N_Goblins-Stages_5_6_2.mid
https://www.vgmusic.com/music/console/nintendo/nes/Ghosts_N_Goblins-Start.mid
https://www.vgmusic.com/music/console/nintendo/nes/Ghosts_N_Goblins-Victory.mid
https://www.vgmusic.com/music/console/nintendo/nes/ghoulshall.mid
https://www.vgmusic.com/music/console/nintendo/nes/GimmickAporia.mid
https://www.vgmusic.com/music/console/nintendo/nes/Gimmick_Good_Morning_Lu9.mid
https://www.vgmusic.com/music/console/nintendo/nes/gimmick_midi.mid
https://www.vgmusic.com/music/console/nintendo/nes/gimmick2_midi.mid
https://www.vgmusic.com/music/console/nintendo/nes/gimmickslowillusion.mid
https://www.vgmusic.com/music/console/nintendo/nes/gzilla_boss2.mid
https://www.vgmusic.com/music/console/nintendo/nes/gzilla_ending.mid
https://www.vgmusic.com/music/console/nintendo/nes/gzilla_gameselect.mid
https://www.vgmusic.com/music/console/nintendo/nes/gzilla_boss3.mid
https://www.vgmusic.com/music/console/nintendo/nes/gzilla_boss5.mid
https://www.vgmusic.com/music/console/nintendo/nes/gzilla_boss6.mid
https://www.vgmusic.com/music/console/nintendo/nes/gzilla_death.mid
https://www.vgmusic.com/music/console/nintendo/nes/gzilla_boss1.mid
https://www.vgmusic.com/music/console/nintendo/nes/gzilla_jupiter.mid
https://www.vgmusic.com/music/console/nintendo/nes/gzilla_soundtest21.mid
https://www.vgmusic.com/music/console/nintendo/nes/gzilla_neptune.mid
https://www.vgmusic.com/music/console/nintendo/nes/gzilla_password.mid
https://www.vgmusic.com/music/console/nintendo/nes/gzilla_pluto.mid
https://www.vgmusic.com/music/console/nintendo/nes/gzilla_saturn.mid
https://www.vgmusic.com/music/console/nintendo/nes/godzilla_intro.mid
https://www.vgmusic.com/music/console/nintendo/nes/gzilla_soundtest0.mid
https://www.vgmusic.com/music/console/nintendo/nes/gzilla_soundtest1.mid
https://www.vgmusic.com/music/console/nintendo/nes/gzilla_soundtest3.mid
https://www.vgmusic.com/music/console/nintendo/nes/gzilla_soundtest5.mid
https://www.vgmusic.com/music/console/nintendo/nes/gzilla_soundtest6.mid
https://www.vgmusic.com/music/console/nintendo/nes/gzilla_earth.mid
https://www.vgmusic.com/music/console/nintendo/nes/godzilla_title.mid
https://www.vgmusic.com/music/console/nintendo/nes/gzilla_uranus.mid
https://www.vgmusic.com/music/console/nintendo/nes/gzilla_boss4.mid
https://www.vgmusic.com/music/console/nintendo/nes/gzilla_bossdie.mid
https://www.vgmusic.com/music/console/nintendo/nes/Golgo_13_Dai_1_Shou_Kamigami_No_Tasogare_-_Unused_Track.mid
https://www.vgmusic.com/music/console/nintendo/nes/Golgo_13_Riddle_Of_Icarus_-_Unused_Track.mid
https://www.vgmusic.com/music/console/nintendo/nes/Golgo_13_Mafat_Conspiracy_-_Act_1_Paris.mid
https://www.vgmusic.com/music/console/nintendo/nes/Mafat_Conspiracy-Act_4_Orient_Express.mid
https://www.vgmusic.com/music/console/nintendo/nes/Mafat_Conspiracy-Act_5_Afghanistan.mid
https://www.vgmusic.com/music/console/nintendo/nes/Mafat_Conspiracy-Act_5_Base.mid
https://www.vgmusic.com/music/console/nintendo/nes/Mafat_Conspiracy-Boss.mid
https://www.vgmusic.com/music/console/nintendo/nes/Mafat_Conspiracy_Building.mid
https://www.vgmusic.com/music/console/nintendo/nes/Golgo_13_Mafat_Conspiracy-Credits.mid
https://www.vgmusic.com/music/console/nintendo/nes/Mafat_Conspiracy-Danger.mid
https://www.vgmusic.com/music/console/nintendo/nes/Golgo_13_Mafat_Conspiracy-Final_Request.mid
https://www.vgmusic.com/music/console/nintendo/nes/Mafat_Conspiracy-Game_Over.mid
https://www.vgmusic.com/music/console/nintendo/nes/g13mf-i.mid
https://www.vgmusic.com/music/console/nintendo/nes/Mafat_Conspiracy-Mission_Briefing.mid
https://www.vgmusic.com/music/console/nintendo/nes/Mafat_Conspiracy-Night.mid
https://www.vgmusic.com/music/console/nintendo/nes/Mafat_Conspiracy-Stage_Intro.mid
https://www.vgmusic.com/music/console/nintendo/nes/Golgo_13_Top_Secret_Episode-Aftermath_Farewell.mid
https://www.vgmusic.com/music/console/nintendo/nes/Golgo_13_Top_Secret_Episode-Aqua_Base_v1-1.mid
https://www.vgmusic.com/music/console/nintendo/nes/Golgo_13_Top_Secret_Episode-Credits_GM.mid
https://www.vgmusic.com/music/console/nintendo/nes/Golgo_13_Top_Secret_Episode-Credits_GS.mid
https://www.vgmusic.com/music/console/nintendo/nes/Golgo_13_Top_Secret_Episode-Death_Parting.mid
https://www.vgmusic.com/music/console/nintendo/nes/Golgo_13_Top_Secret_Episode-Drek.mid
https://www.vgmusic.com/music/console/nintendo/nes/Golgo_13_Top_Secret_Episode-East_Berlin.mid
https://www.vgmusic.com/music/console/nintendo/nes/Golgo_13_Top_Secret_Episode-Eve_Christy_All_About_Eve.mid
https://www.vgmusic.com/music/console/nintendo/nes/Golgo_13_Top_Secret_Episode-Game_Over.mid
https://www.vgmusic.com/music/console/nintendo/nes/Golgo_13_Top_Secret_Episode-Hotel.mid
https://www.vgmusic.com/music/console/nintendo/nes/Golgo_13_Top_Secret_Episode-Maze.mid
https://www.vgmusic.com/music/console/nintendo/nes/Golgo_13_Top_Secret_Episode-Night.mid
https://www.vgmusic.com/music/console/nintendo/nes/Golgo_13_Top_Secret_Episode-Pan-Zoom_Mode_From_Here_To_Eternity.mid
https://www.vgmusic.com/music/console/nintendo/nes/Golgo_13_Top_Secret_Episode-Pan_Zoom_Ground.mid
https://www.vgmusic.com/music/console/nintendo/nes/Golgo_13_Top_Secret_Episode-Rendezvous.mid
https://www.vgmusic.com/music/console/nintendo/nes/Golgo_13_Top_Secret_Episode-Smirk.mid
https://www.vgmusic.com/music/console/nintendo/nes/Golgo_13_Top_Secret_Episode-Retribution_Spartacus.mid
https://www.vgmusic.com/music/console/nintendo/nes/Golgo_13_Top_Secret_Episode-Swim.mid
https://www.vgmusic.com/music/console/nintendo/nes/T_GooniesII_BasementTheme.mid
https://www.vgmusic.com/music/console/nintendo/nes/Goonsub.mid
https://www.vgmusic.com/music/console/nintendo/nes/goon2-ge.mid
https://www.vgmusic.com/music/console/nintendo/nes/Goonice.mid
https://www.vgmusic.com/music/console/nintendo/nes/Goonmaz.mid
https://www.vgmusic.com/music/console/nintendo/nes/Goon2pass.mid
https://www.vgmusic.com/music/console/nintendo/nes/t_goonie.mid
https://www.vgmusic.com/music/console/nintendo/nes/Goonwarp.mid
https://www.vgmusic.com/music/console/nintendo/nes/Gooniesw.mid
https://www.vgmusic.com/music/console/nintendo/nes/gotcha_gameover.mid
https://www.vgmusic.com/music/console/nintendo/nes/gotcha_Level1.mid
https://www.vgmusic.com/music/console/nintendo/nes/gotcha_level2.mid
https://www.vgmusic.com/music/console/nintendo/nes/gotcha_title.mid
https://www.vgmusic.com/music/console/nintendo/nes/a-boss.mid
https://www.vgmusic.com/music/console/nintendo/nes/grcoin.mid
https://www.vgmusic.com/music/console/nintendo/nes/gradius.mid
https://www.vgmusic.com/music/console/nintendo/nes/grlev1.mid
https://www.vgmusic.com/music/console/nintendo/nes/gradius2.mid
https://www.vgmusic.com/music/console/nintendo/nes/gradius4.mid
https://www.vgmusic.com/music/console/nintendo/nes/gradius5.mid
https://www.vgmusic.com/music/console/nintendo/nes/gradius6.mid
https://www.vgmusic.com/music/console/nintendo/nes/gradius7.mid
https://www.vgmusic.com/music/console/nintendo/nes/grad2rush.mid
https://www.vgmusic.com/music/console/nintendo/nes/GradiusII_-_FinalBoss.mid
https://www.vgmusic.com/music/console/nintendo/nes/grad2-1.mid
https://www.vgmusic.com/music/console/nintendo/nes/Grad21_1.mid
https://www.vgmusic.com/music/console/nintendo/nes/grad2-2.mid
https://www.vgmusic.com/music/console/nintendo/nes/Grad23_2.mid
https://www.vgmusic.com/music/console/nintendo/nes/Gradius_2.mid
https://www.vgmusic.com/music/console/nintendo/nes/grad2-4.mid
https://www.vgmusic.com/music/console/nintendo/nes/Grad22_1.mid
https://www.vgmusic.com/music/console/nintendo/nes/gr2.mid
https://www.vgmusic.com/music/console/nintendo/nes/gr2intro.mid
https://www.vgmusic.com/music/console/nintendo/nes/Gremlins_2_prologue.mid
https://www.vgmusic.com/music/console/nintendo/nes/gremlins2-5-1.mid
https://www.vgmusic.com/music/console/nintendo/nes/TGLFTHS.mid
https://www.vgmusic.com/music/console/nintendo/nes/Tgl_overworld.mid
https://www.vgmusic.com/music/console/nintendo/nes/TGLWalkabout1.mid
https://www.vgmusic.com/music/console/nintendo/nes/T_GuardianLegend_MaohNoKouya.mid
https://www.vgmusic.com/music/console/nintendo/nes/gll2.mid
https://www.vgmusic.com/music/console/nintendo/nes/Area6.mid
https://www.vgmusic.com/music/console/nintendo/nes/GLegend_Lander.mid
https://www.vgmusic.com/music/console/nintendo/nes/Guardian_boss.mid
https://www.vgmusic.com/music/console/nintendo/nes/guarleg_boss2.mid
https://www.vgmusic.com/music/console/nintendo/nes/guarleg_boss3.mid
https://www.vgmusic.com/music/console/nintendo/nes/rki_tgl_c0.mid
https://www.vgmusic.com/music/console/nintendo/nes/tgl5.mid
https://www.vgmusic.com/music/console/nintendo/nes/T_GuardianLegend_DeadSilence.mid
https://www.vgmusic.com/music/console/nintendo/nes/guarleg_ending.mid
https://www.vgmusic.com/music/console/nintendo/nes/T_GuardianLegend_Shiawase.mid
https://www.vgmusic.com/music/console/nintendo/nes/GuardianLegend_GameOver.mid
https://www.vgmusic.com/music/console/nintendo/nes/gll4.mid
https://www.vgmusic.com/music/console/nintendo/nes/T_GuardianLegend_Tanmei.mid
https://www.vgmusic.com/music/console/nintendo/nes/T_GuardianLegend_PasswordTheme.mid
https://www.vgmusic.com/music/console/nintendo/nes/TGLComputerRoom1.mid
https://www.vgmusic.com/music/console/nintendo/nes/tgltitle.mid
https://www.vgmusic.com/music/console/nintendo/nes/TGLSpaceFlight1.mid
https://www.vgmusic.com/music/console/nintendo/nes/Tgl-27.mid
https://www.vgmusic.com/music/console/nintendo/nes/Gwstart.mid
https://www.vgmusic.com/music/console/nintendo/nes/GuerillaWarL1.mid
https://www.vgmusic.com/music/console/nintendo/nes/GuerillaWar-lev2%28Wingroove%29v.1.00.mid
https://www.vgmusic.com/music/console/nintendo/nes/Gwstage4.mid
https://www.vgmusic.com/music/console/nintendo/nes/Gunsmoke_NES_1st_Boss.mid
https://www.vgmusic.com/music/console/nintendo/nes/G_intro.mid
https://www.vgmusic.com/music/console/nintendo/nes/Gunsmoke.mid
https://www.vgmusic.com/music/console/nintendo/nes/G_select.mid
https://www.vgmusic.com/music/console/nintendo/nes/gyro-g.mid
https://www.vgmusic.com/music/console/nintendo/nes/Gyromite_-_Title_Screen.mid
https://www.vgmusic.com/music/console/nintendo/nes/Gyruss.mid
https://www.vgmusic.com/music/console/nintendo/nes/gyr-main.mid
https://www.vgmusic.com/music/console/nintendo/nes/gyr-2nd.mid
https://www.vgmusic.com/music/console/nintendo/nes/hatris_-_level_6.mid
https://www.vgmusic.com/music/console/nintendo/nes/Heavy_Barrel_-_Boss_BGM.mid
https://www.vgmusic.com/music/console/nintendo/nes/T_Hiryuu.mid
https://www.vgmusic.com/music/console/nintendo/nes/T_HiryuNoKenII_JungleTheme1.mid
https://www.vgmusic.com/music/console/nintendo/nes/T_HiryuNoKenII_JungleTheme2.mid
https://www.vgmusic.com/music/console/nintendo/nes/T_HiryuNoKenII_MainTheme.mid
https://www.vgmusic.com/music/console/nintendo/nes/T_HiryuNoKenII_StoryTheme.mid
https://www.vgmusic.com/music/console/nintendo/nes/T_HiryuNoKenII_Tenyou.mid
https://www.vgmusic.com/music/console/nintendo/nes/T_HiryuNoKenIII_BattleTheme1.mid
https://www.vgmusic.com/music/console/nintendo/nes/T_HiryuNoKenIII_BattleTheme2.mid
https://www.vgmusic.com/music/console/nintendo/nes/T_HiryuNoKenIII_KibaSenshi.mid
https://www.vgmusic.com/music/console/nintendo/nes/T_HiryuNoKenIII_NextActTheme.mid
https://www.vgmusic.com/music/console/nintendo/nes/T_HiryuNoKenOugi_BossBattleTheme.mid
https://www.vgmusic.com/music/console/nintendo/nes/T_HiryuNoKenOugi_Outworld.mid
https://www.vgmusic.com/music/console/nintendo/nes/T_HokutoNoKen_InGameTheme.mid
https://www.vgmusic.com/music/console/nintendo/nes/T_HokutoNoKenII_InGameTheme.mid
https://www.vgmusic.com/music/console/nintendo/nes/OLhomealoneBasement.mid
https://www.vgmusic.com/music/console/nintendo/nes/OLhomealoneOhNo.mid
https://www.vgmusic.com/music/console/nintendo/nes/OLhomealonetitle.mid
https://www.vgmusic.com/music/console/nintendo/nes/OLhomealoneTreehouse.mid
https://www.vgmusic.com/music/console/nintendo/nes/Iceclimber.mid
https://www.vgmusic.com/music/console/nintendo/nes/ICE-win.mid
https://www.vgmusic.com/music/console/nintendo/nes/XkyRauh_IceClimberTitleScreen.mid
https://www.vgmusic.com/music/console/nintendo/nes/icehockg.mid
https://www.vgmusic.com/music/console/nintendo/nes/icehzamb.mid
https://www.vgmusic.com/music/console/nintendo/nes/iceslct.mid
https://www.vgmusic.com/music/console/nintendo/nes/icehocky.mid
https://www.vgmusic.com/music/console/nintendo/nes/Image_Fight_-_Final_Mission.mid
https://www.vgmusic.com/music/console/nintendo/nes/immortatatk.mid
https://www.vgmusic.com/music/console/nintendo/nes/immbat1.mid
https://www.vgmusic.com/music/console/nintendo/nes/Immortaldeath.mid
https://www.vgmusic.com/music/console/nintendo/nes/imm10%5B2%5D.mid
https://www.vgmusic.com/music/console/nintendo/nes/MordamirV2.mid
https://www.vgmusic.com/music/console/nintendo/nes/imm15.mid
https://www.vgmusic.com/music/console/nintendo/nes/imm12.mid
https://www.vgmusic.com/music/console/nintendo/nes/im_op.mid
https://www.vgmusic.com/music/console/nintendo/nes/imm7.mid
https://www.vgmusic.com/music/console/nintendo/nes/Imerchant.mid
https://www.vgmusic.com/music/console/nintendo/nes/imm3.mid
https://www.vgmusic.com/music/console/nintendo/nes/Immortitle.mid
https://www.vgmusic.com/music/console/nintendo/nes/character.mid
https://www.vgmusic.com/music/console/nintendo/nes/hoedown.mid
https://www.vgmusic.com/music/console/nintendo/nes/IW-World2.mid
https://www.vgmusic.com/music/console/nintendo/nes/river.mid
https://www.vgmusic.com/music/console/nintendo/nes/IHTrack1WCanada.mid
https://www.vgmusic.com/music/console/nintendo/nes/IHTrack2NewJersey.mid
https://www.vgmusic.com/music/console/nintendo/nes/IHTrack3SCalifornia.mid
https://www.vgmusic.com/music/console/nintendo/nes/IHTrack4Michigan.mid
https://www.vgmusic.com/music/console/nintendo/nes/IHTrack5Illinois.mid
https://www.vgmusic.com/music/console/nintendo/nes/IHTrack6Ohio.mid
https://www.vgmusic.com/music/console/nintendo/nes/IHTrack7ECanada.mid
https://www.vgmusic.com/music/console/nintendo/nes/IHTrack8Colorado.mid
https://www.vgmusic.com/music/console/nintendo/nes/IHTrack9TradewestSpeedbowl.mid
https://www.vgmusic.com/music/console/nintendo/nes/Iron_Tank_Fortress.mid
https://www.vgmusic.com/music/console/nintendo/nes/iron_tank.mid
https://www.vgmusic.com/music/console/nintendo/nes/jackal.mid
https://www.vgmusic.com/music/console/nintendo/nes/jack-st2.mid
https://www.vgmusic.com/music/console/nintendo/nes/Jaws_get-ready.mid
https://www.vgmusic.com/music/console/nintendo/nes/Jaws_title.mid
https://www.vgmusic.com/music/console/nintendo/nes/Fierce.mid
https://www.vgmusic.com/music/console/nintendo/nes/silius6v20.mid
https://www.vgmusic.com/music/console/nintendo/nes/Silius1.mid
https://www.vgmusic.com/music/console/nintendo/nes/jts-st2.mid
https://www.vgmusic.com/music/console/nintendo/nes/jts-st3.mid
https://www.vgmusic.com/music/console/nintendo/nes/silius4.mid
https://www.vgmusic.com/music/console/nintendo/nes/Title_2.mid
https://www.vgmusic.com/music/console/nintendo/nes/Joust-Title.mid
https://www.vgmusic.com/music/console/nintendo/nes/Joy_Mech_Fight_Victory.mid
https://www.vgmusic.com/music/console/nintendo/nes/jurassic_nes_stage1.mid
https://www.vgmusic.com/music/console/nintendo/nes/Jb01.mid
https://www.vgmusic.com/music/console/nintendo/nes/kabuki.mid
https://www.vgmusic.com/music/console/nintendo/nes/kidnikiremix_title-intro.mid
https://www.vgmusic.com/music/console/nintendo/nes/kidnikiremix_level1.mid
https://www.vgmusic.com/music/console/nintendo/nes/kidnikiremix_level-intro.mid
https://www.vgmusic.com/music/console/nintendo/nes/kidnikiremix_title-screen.mid
https://www.vgmusic.com/music/console/nintendo/nes/karnvlv1.mid
https://www.vgmusic.com/music/console/nintendo/nes/KickMaster_final_.mid
https://www.vgmusic.com/music/console/nintendo/nes/KickMaster-Sector1_XG.mid
https://www.vgmusic.com/music/console/nintendo/nes/KickMaster-Sector2_XG.mid
https://www.vgmusic.com/music/console/nintendo/nes/KickMaster-Sector3_XG.mid
https://www.vgmusic.com/music/console/nintendo/nes/KickMaster-Sector4_XG.mid
https://www.vgmusic.com/music/console/nintendo/nes/KM0c.mid
https://www.vgmusic.com/music/console/nintendo/nes/KickleCubicleBoss.mid
https://www.vgmusic.com/music/console/nintendo/nes/cas-kid_.mid
https://www.vgmusic.com/music/console/nintendo/nes/r10k_kiddrac1.mid
https://www.vgmusic.com/music/console/nintendo/nes/kidicar2.mid
https://www.vgmusic.com/music/console/nintendo/nes/kid_icarus_-_death.mid
https://www.vgmusic.com/music/console/nintendo/nes/Kidend.mid
https://www.vgmusic.com/music/console/nintendo/nes/kidmed.mid
https://www.vgmusic.com/music/console/nintendo/nes/Kidicarno.mid
https://www.vgmusic.com/music/console/nintendo/nes/kidicar1.mid
https://www.vgmusic.com/music/console/nintendo/nes/kidicar3.mid
https://www.vgmusic.com/music/console/nintendo/nes/kidicar4.mid
https://www.vgmusic.com/music/console/nintendo/nes/Kidskyp.mid
https://www.vgmusic.com/music/console/nintendo/nes/kdikarus.mid
https://www.vgmusic.com/music/console/nintendo/nes/Kid_Niki.mid
https://www.vgmusic.com/music/console/nintendo/nes/kadv_music2.mid
https://www.vgmusic.com/music/console/nintendo/nes/Kaarena.mid
https://www.vgmusic.com/music/console/nintendo/nes/005Kirby_Boss.mid
https://www.vgmusic.com/music/console/nintendo/nes/Kirby%27s_Adventure_-_Butter_Building.mid
https://www.vgmusic.com/music/console/nintendo/nes/kirbyabb.mid
https://www.vgmusic.com/music/console/nintendo/nes/KaEnding2.mid
https://www.vgmusic.com/music/console/nintendo/nes/kirbya-finalboss.mid
https://www.vgmusic.com/music/console/nintendo/nes/Grape_Garden.mid
https://www.vgmusic.com/music/console/nintendo/nes/windscene31.mid
https://www.vgmusic.com/music/console/nintendo/nes/nightm~1.mid
https://www.vgmusic.com/music/console/nintendo/nes/kirbya-icecreamss.mid
https://www.vgmusic.com/music/console/nintendo/nes/Kirbys_Adventure_Long_Kirby_Dance.mid
https://www.vgmusic.com/music/console/nintendo/nes/kirbysadventure-map1.mid
https://www.vgmusic.com/music/console/nintendo/nes/Orange_Ocean.mid
https://www.vgmusic.com/music/console/nintendo/nes/Orange_Ocean-1.mid
https://www.vgmusic.com/music/console/nintendo/nes/Rainbow_Resort.mid
https://www.vgmusic.com/music/console/nintendo/nes/bnw.mid
https://www.vgmusic.com/music/console/nintendo/nes/Kirbymap6.mid
https://www.vgmusic.com/music/console/nintendo/nes/nes_kirby_sm01.mid
https://www.vgmusic.com/music/console/nintendo/nes/xkyKirby.mid
https://www.vgmusic.com/music/console/nintendo/nes/kirbyayy.mid
https://www.vgmusic.com/music/console/nintendo/nes/Forest2.mid
https://www.vgmusic.com/music/console/nintendo/nes/kiwi-g.mid
https://www.vgmusic.com/music/console/nintendo/nes/Klxcaves.mid
https://www.vgmusic.com/music/console/nintendo/nes/Klxtitle.mid
https://www.vgmusic.com/music/console/nintendo/nes/STANLevel_Complete.mid
https://www.vgmusic.com/music/console/nintendo/nes/STANLevel_Intro.mid
https://www.vgmusic.com/music/console/nintendo/nes/kungfu2.mid
https://www.vgmusic.com/music/console/nintendo/nes/Kung-Fu_Heroes-Bonus.mid
https://www.vgmusic.com/music/console/nintendo/nes/Kung-Fu_Heroes-Bonus_2.mid
https://www.vgmusic.com/music/console/nintendo/nes/Kung-Fu_Heroes-Break_Time.mid
https://www.vgmusic.com/music/console/nintendo/nes/Kung-Fu_Heroes-Ending.mid
https://www.vgmusic.com/music/console/nintendo/nes/Kung-Fu_Heroes-Stage_1-1_Standard.mid
https://www.vgmusic.com/music/console/nintendo/nes/Kung-Fu_Heroes-Stage_1-2.mid
https://www.vgmusic.com/music/console/nintendo/nes/Kung-Fu_Heroes-Stage_1-4.mid
https://www.vgmusic.com/music/console/nintendo/nes/Kung-Fu_Heroes-Stage_2-2.mid
https://www.vgmusic.com/music/console/nintendo/nes/Kung-Fu_Heroes-Stage_Complete.mid
https://www.vgmusic.com/music/console/nintendo/nes/Kung-Fu_Heroes-Start.mid
https://www.vgmusic.com/music/console/nintendo/nes/nihonbare.mid
https://www.vgmusic.com/music/console/nintendo/nes/t_lagrn1.mid
https://www.vgmusic.com/music/console/nintendo/nes/Labyrinth.mid
https://www.vgmusic.com/music/console/nintendo/nes/OLlaserambush.mid
https://www.vgmusic.com/music/console/nintendo/nes/OLlaserbegin.mid
https://www.vgmusic.com/music/console/nintendo/nes/OLlaserending.mid
https://www.vgmusic.com/music/console/nintendo/nes/OLlaserfinalbase.mid
https://www.vgmusic.com/music/console/nintendo/nes/OLlaserfinalenemy.mid
https://www.vgmusic.com/music/console/nintendo/nes/OLlaserhelecopter.mid
https://www.vgmusic.com/music/console/nintendo/nes/OLlaserhelecopter2.mid
https://www.vgmusic.com/music/console/nintendo/nes/OLlaserbattle.mid
https://www.vgmusic.com/music/console/nintendo/nes/OLlaserinside.mid
https://www.vgmusic.com/music/console/nintendo/nes/OLlasermission.mid
https://www.vgmusic.com/music/console/nintendo/nes/OLlaseroutside.mid
https://www.vgmusic.com/music/console/nintendo/nes/OLlaserselect.mid
https://www.vgmusic.com/music/console/nintendo/nes/Last_Ninja-Level_1_Central_Park.mid
https://www.vgmusic.com/music/console/nintendo/nes/dung1.mid
https://www.vgmusic.com/music/console/nintendo/nes/dung2.mid
https://www.vgmusic.com/music/console/nintendo/nes/dung4.mid
https://www.vgmusic.com/music/console/nintendo/nes/dung5.mid
https://www.vgmusic.com/music/console/nintendo/nes/dung6.mid
https://www.vgmusic.com/music/console/nintendo/nes/lotwboss.mid
https://www.vgmusic.com/music/console/nintendo/nes/Credits.mid
https://www.vgmusic.com/music/console/nintendo/nes/lwdragon.mid
https://www.vgmusic.com/music/console/nintendo/nes/lotwdead.mid
https://www.vgmusic.com/music/console/nintendo/nes/LotWHome.mid
https://www.vgmusic.com/music/console/nintendo/nes/legwizin.mid
https://www.vgmusic.com/music/console/nintendo/nes/lotwitem.mid
https://www.vgmusic.com/music/console/nintendo/nes/outside.mid
https://www.vgmusic.com/music/console/nintendo/nes/lotwshop.mid
https://www.vgmusic.com/music/console/nintendo/nes/Leyla.mid
https://www.vgmusic.com/music/console/nintendo/nes/ZeldaEnd.mid
https://www.vgmusic.com/music/console/nintendo/nes/Zelda-Final_Labyrinth_2.mid
https://www.vgmusic.com/music/console/nintendo/nes/zelda-go.mid
https://www.vgmusic.com/music/console/nintendo/nes/Ganon.mid
https://www.vgmusic.com/music/console/nintendo/nes/Zelda-Item.mid
https://www.vgmusic.com/music/console/nintendo/nes/zeldaund.mid
https://www.vgmusic.com/music/console/nintendo/nes/z1level9.mid
https://www.vgmusic.com/music/console/nintendo/nes/Zelda1recorder.mid
https://www.vgmusic.com/music/console/nintendo/nes/z1overw.mid
https://www.vgmusic.com/music/console/nintendo/nes/zeldascr.mid
https://www.vgmusic.com/music/console/nintendo/nes/z1secret.mid
https://www.vgmusic.com/music/console/nintendo/nes/z1title.mid
https://www.vgmusic.com/music/console/nintendo/nes/z1tri.mid
https://www.vgmusic.com/music/console/nintendo/nes/lltown.mid
https://www.vgmusic.com/music/console/nintendo/nes/LWINGS-DANGER.mid
https://www.vgmusic.com/music/console/nintendo/nes/T_LegendaryWings_Gameover.mid
https://www.vgmusic.com/music/console/nintendo/nes/LWINGS-L1.mid
https://www.vgmusic.com/music/console/nintendo/nes/wings3.mid
https://www.vgmusic.com/music/console/nintendo/nes/lwings-palace.mid
https://www.vgmusic.com/music/console/nintendo/nes/lemcan.mid
https://www.vgmusic.com/music/console/nintendo/nes/lembuild.mid
https://www.vgmusic.com/music/console/nintendo/nes/lemlev2.mid
https://www.vgmusic.com/music/console/nintendo/nes/lemmount.mid
https://www.vgmusic.com/music/console/nintendo/nes/lemmin2p.mid
https://www.vgmusic.com/music/console/nintendo/nes/lemmin3p.mid
https://www.vgmusic.com/music/console/nintendo/nes/lemtensp.mid
https://www.vgmusic.com/music/console/nintendo/nes/lf-cred.mid
https://www.vgmusic.com/music/console/nintendo/nes/salamander_crystalforever.mid
https://www.vgmusic.com/music/console/nintendo/nes/lf-xfire.mid
https://www.vgmusic.com/music/console/nintendo/nes/lf-st2.mid
https://www.vgmusic.com/music/console/nintendo/nes/lf-st3.mid
https://www.vgmusic.com/music/console/nintendo/nes/lf-st4.mid
https://www.vgmusic.com/music/console/nintendo/nes/lf-st5.mid
https://www.vgmusic.com/music/console/nintendo/nes/lf-st6.mid
https://www.vgmusic.com/music/console/nintendo/nes/nemo1.mid
https://www.vgmusic.com/music/console/nintendo/nes/LittleNemoStage2.mid
https://www.vgmusic.com/music/console/nintendo/nes/nemo3.mid
https://www.vgmusic.com/music/console/nintendo/nes/nemo4.mid
https://www.vgmusic.com/music/console/nintendo/nes/nemo6.mid
https://www.vgmusic.com/music/console/nintendo/nes/Little_Nemo_-_Topsy-Turvy_%28MWS_v1.2%29.mid
https://www.vgmusic.com/music/console/nintendo/nes/Nemolast.mid
https://www.vgmusic.com/music/console/nintendo/nes/nemoboss.mid
https://www.vgmusic.com/music/console/nintendo/nes/nemoint1.mid
https://www.vgmusic.com/music/console/nintendo/nes/nemo-miniboss.mid
https://www.vgmusic.com/music/console/nintendo/nes/nemo-title.mid
https://www.vgmusic.com/music/console/nintendo/nes/lnbintro.mid
https://www.vgmusic.com/music/console/nintendo/nes/NinjaBro.mid
https://www.vgmusic.com/music/console/nintendo/nes/Little_Ninja_Bro.mid
https://www.vgmusic.com/music/console/nintendo/nes/Little_Ninjabro.mid
https://www.vgmusic.com/music/console/nintendo/nes/Little_Samson_-_Gamm.mid
https://www.vgmusic.com/music/console/nintendo/nes/lgmintro.mid
https://www.vgmusic.com/music/console/nintendo/nes/LowGmanIronNailStage1.mid
https://www.vgmusic.com/music/console/nintendo/nes/LowGmanFrozenWasteStage2.mid
https://www.vgmusic.com/music/console/nintendo/nes/LowGmanTheTowerStage4.mid
https://www.vgmusic.com/music/console/nintendo/nes/LunarBall_main.mid
https://www.vgmusic.com/music/console/nintendo/nes/Lunar_Ball_Theme.mid
https://www.vgmusic.com/music/console/nintendo/nes/Lupin_III_Title.mid
https://www.vgmusic.com/music/console/nintendo/nes/mckbonus.mid
https://www.vgmusic.com/music/console/nintendo/nes/mckhouse.mid
https://www.vgmusic.com/music/console/nintendo/nes/mckcave.mid
https://www.vgmusic.com/music/console/nintendo/nes/mcktitle.mid
https://www.vgmusic.com/music/console/nintendo/nes/MCkids-level1.mid
https://www.vgmusic.com/music/console/nintendo/nes/mcklvl2.mid
https://www.vgmusic.com/music/console/nintendo/nes/mcklvl3.mid
https://www.vgmusic.com/music/console/nintendo/nes/mcklvl4.mid
https://www.vgmusic.com/music/console/nintendo/nes/mckmap.mid
https://www.vgmusic.com/music/console/nintendo/nes/Mach_Rider-You_Are_Mach_Rider.mid
https://www.vgmusic.com/music/console/nintendo/nes/macross.mid
https://www.vgmusic.com/music/console/nintendo/nes/MDARTSplaying.mid
https://www.vgmusic.com/music/console/nintendo/nes/MDARTIntroduction.mid
https://www.vgmusic.com/music/console/nintendo/nes/Bandits.mid
https://www.vgmusic.com/music/console/nintendo/nes/schzch5.mid
https://www.vgmusic.com/music/console/nintendo/nes/ms_gora.mid
https://www.vgmusic.com/music/console/nintendo/nes/msmosque.mid
https://www.vgmusic.com/music/console/nintendo/nes/schehera.mid
https://www.vgmusic.com/music/console/nintendo/nes/Sabaron.mid
https://www.vgmusic.com/music/console/nintendo/nes/mstown.mid
https://www.vgmusic.com/music/console/nintendo/nes/ms_waltz.mid
https://www.vgmusic.com/music/console/nintendo/nes/Ms_wintr.mid
https://www.vgmusic.com/music/console/nintendo/nes/Magicianmap.mid
https://www.vgmusic.com/music/console/nintendo/nes/mag_town.mid
https://www.vgmusic.com/music/console/nintendo/nes/MM_Bernards_Theme.mid
https://www.vgmusic.com/music/console/nintendo/nes/Maniac_Mansion-Broken_Record.mid
https://www.vgmusic.com/music/console/nintendo/nes/MMDaveTheme.mid
https://www.vgmusic.com/music/console/nintendo/nes/Mansion.mid
https://www.vgmusic.com/music/console/nintendo/nes/MM_Jeffs_Theme.mid
https://www.vgmusic.com/music/console/nintendo/nes/MM_Michaels_Theme.mid
https://www.vgmusic.com/music/console/nintendo/nes/Razor.mid
https://www.vgmusic.com/music/console/nintendo/nes/MM_Syds_Theme.mid
https://www.vgmusic.com/music/console/nintendo/nes/MM_Intro.mid
https://www.vgmusic.com/music/console/nintendo/nes/MM_Wendys_Theme.mid
https://www.vgmusic.com/music/console/nintendo/nes/mappy_western_stage2.mid
https://www.vgmusic.com/music/console/nintendo/nes/marblem0.mid
https://www.vgmusic.com/music/console/nintendo/nes/mm-lv1.mid
https://www.vgmusic.com/music/console/nintendo/nes/marblem2.mid
https://www.vgmusic.com/music/console/nintendo/nes/marblem3.mid
https://www.vgmusic.com/music/console/nintendo/nes/marblem4.mid
https://www.vgmusic.com/music/console/nintendo/nes/marblem5.mid
https://www.vgmusic.com/music/console/nintendo/nes/MariobrosPhase1.mid
https://www.vgmusic.com/music/console/nintendo/nes/MARIOBRO.mid
https://www.vgmusic.com/music/console/nintendo/nes/Mario_is_Missing_NES-New_York.mid
https://www.vgmusic.com/music/console/nintendo/nes/Mario_is_Missing_NES-Sydney_Austrailia.mid
https://www.vgmusic.com/music/console/nintendo/nes/mm1bomb.mid
https://www.vgmusic.com/music/console/nintendo/nes/master1.mid
https://www.vgmusic.com/music/console/nintendo/nes/MM-Chosen.mid
https://www.vgmusic.com/music/console/nintendo/nes/Chosen1.mid
https://www.vgmusic.com/music/console/nintendo/nes/MM1-_Cutman.mid
https://www.vgmusic.com/music/console/nintendo/nes/MM_Cut_Man-KM.mid
https://www.vgmusic.com/music/console/nintendo/nes/mm1boss.mid
https://www.vgmusic.com/music/console/nintendo/nes/mm1elec.mid
https://www.vgmusic.com/music/console/nintendo/nes/mm1end.mid
https://www.vgmusic.com/music/console/nintendo/nes/mm1fire.mid
https://www.vgmusic.com/music/console/nintendo/nes/Mm1gover.mid
https://www.vgmusic.com/music/console/nintendo/nes/MM1-_Gutsman.mid
https://www.vgmusic.com/music/console/nintendo/nes/Iceman.mid
https://www.vgmusic.com/music/console/nintendo/nes/MegaMan_ChosenTheme.mid
https://www.vgmusic.com/music/console/nintendo/nes/Stage_Select.mid
https://www.vgmusic.com/music/console/nintendo/nes/win1.mid
https://www.vgmusic.com/music/console/nintendo/nes/Mm1vict2.mid
https://www.vgmusic.com/music/console/nintendo/nes/Wily1st1.mid
https://www.vgmusic.com/music/console/nintendo/nes/mm1wily2.mid
https://www.vgmusic.com/music/console/nintendo/nes/mm2air.mid
https://www.vgmusic.com/music/console/nintendo/nes/Boss1_1.mid
https://www.vgmusic.com/music/console/nintendo/nes/Bubbl1_0.mid
https://www.vgmusic.com/music/console/nintendo/nes/mm2crash.mid
https://www.vgmusic.com/music/console/nintendo/nes/wilyint.mid
https://www.vgmusic.com/music/console/nintendo/nes/Wily21_1.mid
https://www.vgmusic.com/music/console/nintendo/nes/wil_castle.mid
https://www.vgmusic.com/music/console/nintendo/nes/Mm2end1.mid
https://www.vgmusic.com/music/console/nintendo/nes/mm2end.mid
https://www.vgmusic.com/music/console/nintendo/nes/Flash1_0.mid
https://www.vgmusic.com/music/console/nintendo/nes/mm2_weaponget.mid
https://www.vgmusic.com/music/console/nintendo/nes/mm2heat.mid
https://www.vgmusic.com/music/console/nintendo/nes/mm2meta2.mid
https://www.vgmusic.com/music/console/nintendo/nes/Mm2weap.mid
https://www.vgmusic.com/music/console/nintendo/nes/mm2title.mid
https://www.vgmusic.com/music/console/nintendo/nes/Mm2pw.mid
https://www.vgmusic.com/music/console/nintendo/nes/Quick1_0.mid
https://www.vgmusic.com/music/console/nintendo/nes/mm2selec.mid
https://www.vgmusic.com/music/console/nintendo/nes/MM2Ringer.mid
https://www.vgmusic.com/music/console/nintendo/nes/Mm2vict2.mid
https://www.vgmusic.com/music/console/nintendo/nes/mm2-wood.mid
https://www.vgmusic.com/music/console/nintendo/nes/DG_MM3_Boss.mid
https://www.vgmusic.com/music/console/nintendo/nes/Boss_Selected.mid
https://www.vgmusic.com/music/console/nintendo/nes/mm3wilystage1.mid
https://www.vgmusic.com/music/console/nintendo/nes/mm3skull3-4.mid
https://www.vgmusic.com/music/console/nintendo/nes/mm3wily56.mid
https://www.vgmusic.com/music/console/nintendo/nes/mm3endp2.mid
https://www.vgmusic.com/music/console/nintendo/nes/GeminiMan.mid
https://www.vgmusic.com/music/console/nintendo/nes/HardMan.mid
https://www.vgmusic.com/music/console/nintendo/nes/MM3Magnet_Man.mid
https://www.vgmusic.com/music/console/nintendo/nes/mm3needl.mid
https://www.vgmusic.com/music/console/nintendo/nes/MM3Pass.mid
https://www.vgmusic.com/music/console/nintendo/nes/Protoman.mid
https://www.vgmusic.com/music/console/nintendo/nes/mm3protw.mid
https://www.vgmusic.com/music/console/nintendo/nes/mm3shado.mid
https://www.vgmusic.com/music/console/nintendo/nes/MM3WILY1.mid
https://www.vgmusic.com/music/console/nintendo/nes/Enemy3.mid
https://www.vgmusic.com/music/console/nintendo/nes/OLmm3skullcastle.mid
https://www.vgmusic.com/music/console/nintendo/nes/mm3snake2.mid
https://www.vgmusic.com/music/console/nintendo/nes/mm3spark.mid
https://www.vgmusic.com/music/console/nintendo/nes/mm3selected.mid
https://www.vgmusic.com/music/console/nintendo/nes/MM3_Stage_Select.mid
https://www.vgmusic.com/music/console/nintendo/nes/MM3_Title-KM.mid
https://www.vgmusic.com/music/console/nintendo/nes/mm3intro.mid
https://www.vgmusic.com/music/console/nintendo/nes/mmtop.mid
https://www.vgmusic.com/music/console/nintendo/nes/Mm3vict2.mid
https://www.vgmusic.com/music/console/nintendo/nes/mm3weprc.mid
https://www.vgmusic.com/music/console/nintendo/nes/mm4boss.mid
https://www.vgmusic.com/music/console/nintendo/nes/mm4bri.mid
https://www.vgmusic.com/music/console/nintendo/nes/mm4dive.mid
https://www.vgmusic.com/music/console/nintendo/nes/Cossack1.mid
https://www.vgmusic.com/music/console/nintendo/nes/Siberian_Skies.mid
https://www.vgmusic.com/music/console/nintendo/nes/cossacks.mid
https://www.vgmusic.com/music/console/nintendo/nes/Wilymap4.mid
https://www.vgmusic.com/music/console/nintendo/nes/47_Dr_WILY_STAGE_1.mid
https://www.vgmusic.com/music/console/nintendo/nes/%28North_Castle_Rebuilt%29mm4wily2.mid
https://www.vgmusic.com/music/console/nintendo/nes/mm4drill.mid
https://www.vgmusic.com/music/console/nintendo/nes/mm4dust.mid
https://www.vgmusic.com/music/console/nintendo/nes/4end.mid
https://www.vgmusic.com/music/console/nintendo/nes/MM4end2.mid
https://www.vgmusic.com/music/console/nintendo/nes/MM4_StageSelected.mid
https://www.vgmusic.com/music/console/nintendo/nes/Wily4.mid
https://www.vgmusic.com/music/console/nintendo/nes/Prolog4a.mid
https://www.vgmusic.com/music/console/nintendo/nes/mm4intp2.mid
https://www.vgmusic.com/music/console/nintendo/nes/Mm4weap.mid
https://www.vgmusic.com/music/console/nintendo/nes/MM4_Password-KM.mid
https://www.vgmusic.com/music/console/nintendo/nes/mm4phara.mid
https://www.vgmusic.com/music/console/nintendo/nes/mm4ring.mid
https://www.vgmusic.com/music/console/nintendo/nes/Skull_Castle_2.mid
https://www.vgmusic.com/music/console/nintendo/nes/Wily41.mid
https://www.vgmusic.com/music/console/nintendo/nes/mm4sel.mid
https://www.vgmusic.com/music/console/nintendo/nes/Mm4title.mid
https://www.vgmusic.com/music/console/nintendo/nes/mm4toad.mid
https://www.vgmusic.com/music/console/nintendo/nes/mm4victory.mid
https://www.vgmusic.com/music/console/nintendo/nes/Mm4vict2.mid
https://www.vgmusic.com/music/console/nintendo/nes/Master5.mid
https://www.vgmusic.com/music/console/nintendo/nes/mm5charg.mid
https://www.vgmusic.com/music/console/nintendo/nes/Chosen5.mid
https://www.vgmusic.com/music/console/nintendo/nes/mm5crys.mid
https://www.vgmusic.com/music/console/nintendo/nes/mm5dark.mid
https://www.vgmusic.com/music/console/nintendo/nes/GMM5darkmancastle.mid
https://www.vgmusic.com/music/console/nintendo/nes/dr._wily.mid
https://www.vgmusic.com/music/console/nintendo/nes/Wilymap5.mid
https://www.vgmusic.com/music/console/nintendo/nes/Mm5end.mid
https://www.vgmusic.com/music/console/nintendo/nes/Mm5gover.mid
https://www.vgmusic.com/music/console/nintendo/nes/mm5grav.mid
https://www.vgmusic.com/music/console/nintendo/nes/mm5gyro.mid
https://www.vgmusic.com/music/console/nintendo/nes/Napalm_Man.mid
https://www.vgmusic.com/music/console/nintendo/nes/Mm5weap.mid
https://www.vgmusic.com/music/console/nintendo/nes/GMM5weapon.mid
https://www.vgmusic.com/music/console/nintendo/nes/Mm5pass.mid
https://www.vgmusic.com/music/console/nintendo/nes/mm5prolog.mid
https://www.vgmusic.com/music/console/nintendo/nes/Protomap.mid
https://www.vgmusic.com/music/console/nintendo/nes/GMM5wilycastle.mid
https://www.vgmusic.com/music/console/nintendo/nes/mm5select.mid
https://www.vgmusic.com/music/console/nintendo/nes/mm5starstage.mid
https://www.vgmusic.com/music/console/nintendo/nes/StoneMan.mid
https://www.vgmusic.com/music/console/nintendo/nes/Mm5chase.mid
https://www.vgmusic.com/music/console/nintendo/nes/Mm5title.mid
https://www.vgmusic.com/music/console/nintendo/nes/Mm5vict2.mid
https://www.vgmusic.com/music/console/nintendo/nes/mm5wave.mid
https://www.vgmusic.com/music/console/nintendo/nes/mm6blizz.mid
https://www.vgmusic.com/music/console/nintendo/nes/Master6.mid
https://www.vgmusic.com/music/console/nintendo/nes/by-centaurman.mid
https://www.vgmusic.com/music/console/nintendo/nes/mm6-wily.mid
https://www.vgmusic.com/music/console/nintendo/nes/Mm6end.mid
https://www.vgmusic.com/music/console/nintendo/nes/mm6flame.mid
https://www.vgmusic.com/music/console/nintendo/nes/mm6equip.mid
https://www.vgmusic.com/music/console/nintendo/nes/Knight_Man.mid
https://www.vgmusic.com/music/console/nintendo/nes/mm6wilyb.mid
https://www.vgmusic.com/music/console/nintendo/nes/Mm6mrx2.mid
https://www.vgmusic.com/music/console/nintendo/nes/Mm6xint.mid
https://www.vgmusic.com/music/console/nintendo/nes/Mm6pass.mid
https://www.vgmusic.com/music/console/nintendo/nes/PlantMan.mid
https://www.vgmusic.com/music/console/nintendo/nes/Prolog6.mid
https://www.vgmusic.com/music/console/nintendo/nes/T_RockMan6_RushTheme.mid
https://www.vgmusic.com/music/console/nintendo/nes/MM6-BossChosen.mid
https://www.vgmusic.com/music/console/nintendo/nes/mm6-select.mid
https://www.vgmusic.com/music/console/nintendo/nes/Mm6title.mid
https://www.vgmusic.com/music/console/nintendo/nes/mm6tomah.mid
https://www.vgmusic.com/music/console/nintendo/nes/Mm6vict2.mid
https://www.vgmusic.com/music/console/nintendo/nes/Wilymap6.mid
https://www.vgmusic.com/music/console/nintendo/nes/mm6wind.mid
https://www.vgmusic.com/music/console/nintendo/nes/Yamato_Man.mid
https://www.vgmusic.com/music/console/nintendo/nes/MendelFatguys.mid
https://www.vgmusic.com/music/console/nintendo/nes/MendelMap.mid
https://www.vgmusic.com/music/console/nintendo/nes/MendelMoon.mid
https://www.vgmusic.com/music/console/nintendo/nes/Metal_Gear_Boss.mid
https://www.vgmusic.com/music/console/nintendo/nes/metalgr2.mid
https://www.vgmusic.com/music/console/nintendo/nes/metalgear-found.mid
https://www.vgmusic.com/music/console/nintendo/nes/T_MetalGear_SuperComputer102.mid
https://www.vgmusic.com/music/console/nintendo/nes/Metal_Gear-Disembark.mid
https://www.vgmusic.com/music/console/nintendo/nes/metalgr1.mid
https://www.vgmusic.com/music/console/nintendo/nes/mg-pass.mid
https://www.vgmusic.com/music/console/nintendo/nes/Metal_Gear-Promotion.mid
https://www.vgmusic.com/music/console/nintendo/nes/Snake-1.mid
https://www.vgmusic.com/music/console/nintendo/nes/Metlstrm.mid
https://www.vgmusic.com/music/console/nintendo/nes/MetalstormLvl3.mid
https://www.vgmusic.com/music/console/nintendo/nes/Metalstorm_victory.mid
https://www.vgmusic.com/music/console/nintendo/nes/me-mbb.mid
https://www.vgmusic.com/music/console/nintendo/nes/metbegin.mid
https://www.vgmusic.com/music/console/nintendo/nes/metbrin.mid
https://www.vgmusic.com/music/console/nintendo/nes/Ending1.mid
https://www.vgmusic.com/music/console/nintendo/nes/metend.mid
https://www.vgmusic.com/music/console/nintendo/nes/end.mid
https://www.vgmusic.com/music/console/nintendo/nes/me-item.mid
https://www.vgmusic.com/music/console/nintendo/nes/Metroid_-_Kraid.mid
https://www.vgmusic.com/music/console/nintendo/nes/metmhide.mid
https://www.vgmusic.com/music/console/nintendo/nes/me-mb.mid
https://www.vgmusic.com/music/console/nintendo/nes/metnrfar.mid
https://www.vgmusic.com/music/console/nintendo/nes/metmini2.mid
https://www.vgmusic.com/music/console/nintendo/nes/me-sec.mid
https://www.vgmusic.com/music/console/nintendo/nes/metintro.mid
https://www.vgmusic.com/music/console/nintendo/nes/MickeyMousecapades-FunHouse.mid
https://www.vgmusic.com/music/console/nintendo/nes/City-Museum.mid
https://www.vgmusic.com/music/console/nintendo/nes/Factory.mid
https://www.vgmusic.com/music/console/nintendo/nes/PetesHideout.mid
https://www.vgmusic.com/music/console/nintendo/nes/SpaceCenter.mid
https://www.vgmusic.com/music/console/nintendo/nes/Caribbean-Forest.mid
https://www.vgmusic.com/music/console/nintendo/nes/Ending-1.mid
https://www.vgmusic.com/music/console/nintendo/nes/StageComplete.mid
https://www.vgmusic.com/music/console/nintendo/nes/Swamp-Jungle.mid
https://www.vgmusic.com/music/console/nintendo/nes/Yukon-Pyramid.mid
https://www.vgmusic.com/music/console/nintendo/nes/Micro_Machines-Select.mid
https://www.vgmusic.com/music/console/nintendo/nes/might-and-magic_castle.mid
https://www.vgmusic.com/music/console/nintendo/nes/m%26magic.mid
https://www.vgmusic.com/music/console/nintendo/nes/game_over.mid
https://www.vgmusic.com/music/console/nintendo/nes/mbjthemesong.mid
https://www.vgmusic.com/music/console/nintendo/nes/mbjwin.mid
https://www.vgmusic.com/music/console/nintendo/nes/MFF_BonusMix.mid
https://www.vgmusic.com/music/console/nintendo/nes/mighty_final_fight-riverside.mid
https://www.vgmusic.com/music/console/nintendo/nes/level1b.mid
https://www.vgmusic.com/music/console/nintendo/nes/POdflam.mid
https://www.vgmusic.com/music/console/nintendo/nes/Punchout.mid
https://www.vgmusic.com/music/console/nintendo/nes/punchout_game_over.mid
https://www.vgmusic.com/music/console/nintendo/nes/Punch_Out_-_1st_Match.mid
https://www.vgmusic.com/music/console/nintendo/nes/Mike_Tysons_Punch-Out%21%21.mid
https://www.vgmusic.com/music/console/nintendo/nes/King_Hippo.mid
https://www.vgmusic.com/music/console/nintendo/nes/mike_tyson%27s_punch-out_-_loss.mid
https://www.vgmusic.com/music/console/nintendo/nes/punchjog.mid
https://www.vgmusic.com/music/console/nintendo/nes/POpiston.mid
https://www.vgmusic.com/music/console/nintendo/nes/POsoda.mid
https://www.vgmusic.com/music/console/nintendo/nes/mike_tysons_punch-out_-_story_and_ending.mid
https://www.vgmusic.com/music/console/nintendo/nes/POdream.mid
https://www.vgmusic.com/music/console/nintendo/nes/POtbout.mid
https://www.vgmusic.com/music/console/nintendo/nes/Von-Kaiser.mid
https://www.vgmusic.com/music/console/nintendo/nes/NES__Milons__Secret_Castle__Tower.mid
https://www.vgmusic.com/music/console/nintendo/nes/MICTWWIII.mid
https://www.vgmusic.com/music/console/nintendo/nes/T_MissionImpossible_Enemy.mid
https://www.vgmusic.com/music/console/nintendo/nes/mimposs.mid
https://www.vgmusic.com/music/console/nintendo/nes/Mission_Impossible-Password.mid
https://www.vgmusic.com/music/console/nintendo/nes/MIS7WE.mid
https://www.vgmusic.com/music/console/nintendo/nes/Monopoly.mid
https://www.vgmusic.com/music/console/nintendo/nes/Dark_World.mid
https://www.vgmusic.com/music/console/nintendo/nes/Dark_World_Cave.mid
https://www.vgmusic.com/music/console/nintendo/nes/Dark_World_Heavens_Castle.mid
https://www.vgmusic.com/music/console/nintendo/nes/Dark_World_Tower.mid
https://www.vgmusic.com/music/console/nintendo/nes/Just_a_Bad_Dream.mid
https://www.vgmusic.com/music/console/nintendo/nes/Living_Dead.mid
https://www.vgmusic.com/music/console/nintendo/nes/MonsterParty2.mid
https://www.vgmusic.com/music/console/nintendo/nes/The_Story_.mid
https://www.vgmusic.com/music/console/nintendo/nes/mparty-title.mid
https://www.vgmusic.com/music/console/nintendo/nes/FillipiantFoe.mid
https://www.vgmusic.com/music/console/nintendo/nes/Mother_-_Eight_Melodies.mid
https://www.vgmusic.com/music/console/nintendo/nes/motherend.mid
https://www.vgmusic.com/music/console/nintendo/nes/mother_motherfield.mid
https://www.vgmusic.com/music/console/nintendo/nes/GameOver-1.mid
https://www.vgmusic.com/music/console/nintendo/nes/MotherIntroNES.mid
https://www.vgmusic.com/music/console/nintendo/nes/eb0_mother_livehousesong.mid
https://www.vgmusic.com/music/console/nintendo/nes/eb0_mother_magicant.mid
https://www.vgmusic.com/music/console/nintendo/nes/Mother_Earth.mid
https://www.vgmusic.com/music/console/nintendo/nes/cr-itoi.mid
https://www.vgmusic.com/music/console/nintendo/nes/Earth_Bound_Zero_Nightmare_Battle_v3.mid
https://www.vgmusic.com/music/console/nintendo/nes/mother_paradise_line.mid
https://www.vgmusic.com/music/console/nintendo/nes/eb0_mother_queenmarycastle.mid
https://www.vgmusic.com/music/console/nintendo/nes/eb0_mother_queenmarysong.mid
https://www.vgmusic.com/music/console/nintendo/nes/earthbound_0_%28Mother%29_-_snow_man.mid
https://www.vgmusic.com/music/console/nintendo/nes/eb0_mother_store.mid
https://www.vgmusic.com/music/console/nintendo/nes/mother_twinkle.mid
https://www.vgmusic.com/music/console/nintendo/nes/mother_wally_battle.mid
https://www.vgmusic.com/music/console/nintendo/nes/youngtown.mid
https://www.vgmusic.com/music/console/nintendo/nes/NES__Mouryou_Senki_Madara__Overworld_1.mid
https://www.vgmusic.com/music/console/nintendo/nes/NES__Mouryou_Senki_Madara__Temple.mid
https://www.vgmusic.com/music/console/nintendo/nes/MQ-Castle.mid
https://www.vgmusic.com/music/console/nintendo/nes/MQ-Overworld.mid
https://www.vgmusic.com/music/console/nintendo/nes/Nadia_Secret_Of_Blue_Water-Victory_Fanfare.mid
https://www.vgmusic.com/music/console/nintendo/nes/nekkestukd-bg7.mid
https://www.vgmusic.com/music/console/nintendo/nes/T_NekketsuKakutoDensetsu_DoubleTiger.mid
https://www.vgmusic.com/music/console/nintendo/nes/Nekketsu_kakutou_densetsu_Opening_Theme.mid
https://www.vgmusic.com/music/console/nintendo/nes/ng1-1.mid
https://www.vgmusic.com/music/console/nintendo/nes/ng1_2-1.mid
https://www.vgmusic.com/music/console/nintendo/nes/ng1_2-2.mid
https://www.vgmusic.com/music/console/nintendo/nes/ng1_3-1.mid
https://www.vgmusic.com/music/console/nintendo/nes/ng1_3-2.mid
https://www.vgmusic.com/music/console/nintendo/nes/ng1stg41.mid
https://www.vgmusic.com/music/console/nintendo/nes/ng1_4-2.mid
https://www.vgmusic.com/music/console/nintendo/nes/ng1_4-3.mid
https://www.vgmusic.com/music/console/nintendo/nes/ng1_5-1.mid
https://www.vgmusic.com/music/console/nintendo/nes/ng1_5-3.mid
https://www.vgmusic.com/music/console/nintendo/nes/ng1_mlth.mid
https://www.vgmusic.com/music/console/nintendo/nes/NG_-_Boss_-Remix-.mid
https://www.vgmusic.com/music/console/nintendo/nes/ng1_cs1.mid
https://www.vgmusic.com/music/console/nintendo/nes/ng1_end1.mid
https://www.vgmusic.com/music/console/nintendo/nes/ng1_fost.mid
https://www.vgmusic.com/music/console/nintendo/nes/ng1_int1.mid
https://www.vgmusic.com/music/console/nintendo/nes/ng1_int2.mid
https://www.vgmusic.com/music/console/nintendo/nes/ng1death.mid
https://www.vgmusic.com/music/console/nintendo/nes/T_TwistofFate.mid
https://www.vgmusic.com/music/console/nintendo/nes/ng1_devl.mid
https://www.vgmusic.com/music/console/nintendo/nes/ng1_sacr.mid
https://www.vgmusic.com/music/console/nintendo/nes/ng2stg11.mid
https://www.vgmusic.com/music/console/nintendo/nes/ng2_2-1.mid
https://www.vgmusic.com/music/console/nintendo/nes/ng2stg22.mid
https://www.vgmusic.com/music/console/nintendo/nes/ng2stg31.mid
https://www.vgmusic.com/music/console/nintendo/nes/ng2_3-2.mid
https://www.vgmusic.com/music/console/nintendo/nes/ng2_4-1.mid
https://www.vgmusic.com/music/console/nintendo/nes/ng2stg51.mid
https://www.vgmusic.com/music/console/nintendo/nes/ng2_boss.mid
https://www.vgmusic.com/music/console/nintendo/nes/ng2_cstl.mid
https://www.vgmusic.com/music/console/nintendo/nes/T_NinjaGaiden2_Death.mid
https://www.vgmusic.com/music/console/nintendo/nes/ng2_humn.mid
https://www.vgmusic.com/music/console/nintendo/nes/ng2_cred.mid
https://www.vgmusic.com/music/console/nintendo/nes/ng2_rel.mid
https://www.vgmusic.com/music/console/nintendo/nes/ng2_intr.mid
https://www.vgmusic.com/music/console/nintendo/nes/ng2_cap.mid
https://www.vgmusic.com/music/console/nintendo/nes/ng2_end.mid
https://www.vgmusic.com/music/console/nintendo/nes/ng2_jaqu.mid
https://www.vgmusic.com/music/console/nintendo/nes/ng2_lord.mid
https://www.vgmusic.com/music/console/nintendo/nes/ng2_dark.mid
https://www.vgmusic.com/music/console/nintendo/nes/ng2_army.mid
https://www.vgmusic.com/music/console/nintendo/nes/ng2_rfb.mid
https://www.vgmusic.com/music/console/nintendo/nes/ng2_asht.mid
https://www.vgmusic.com/music/console/nintendo/nes/ng2_resc.mid
https://www.vgmusic.com/music/console/nintendo/nes/ng2_lahj.mid
https://www.vgmusic.com/music/console/nintendo/nes/ng2_act.mid
https://www.vgmusic.com/music/console/nintendo/nes/ng3_1-1.mid
https://www.vgmusic.com/music/console/nintendo/nes/ng3_2-1.mid
https://www.vgmusic.com/music/console/nintendo/nes/ng3_2-2.mid
https://www.vgmusic.com/music/console/nintendo/nes/ng3_3-1.mid
https://www.vgmusic.com/music/console/nintendo/nes/ng3_3-2.mid
https://www.vgmusic.com/music/console/nintendo/nes/ng3_4-1.mid
https://www.vgmusic.com/music/console/nintendo/nes/ng3_4-2.mid
https://www.vgmusic.com/music/console/nintendo/nes/ng3_duel.mid
https://www.vgmusic.com/music/console/nintendo/nes/ng3_cred.mid
https://www.vgmusic.com/music/console/nintendo/nes/ng3_into.mid
https://www.vgmusic.com/music/console/nintendo/nes/ng3_int3.mid
https://www.vgmusic.com/music/console/nintendo/nes/ng3_int1.mid
https://www.vgmusic.com/music/console/nintendo/nes/ngaiden3.mid
https://www.vgmusic.com/music/console/nintendo/nes/ng3_int2.mid
https://www.vgmusic.com/music/console/nintendo/nes/NinjaJajamaruKunIntro.mid
https://www.vgmusic.com/music/console/nintendo/nes/Ninja_Jajamaru_kun_Level_Locke_gb7.mid
https://www.vgmusic.com/music/console/nintendo/nes/NinjaJajamaruKunLevelStart.mid
https://www.vgmusic.com/music/console/nintendo/nes/NinjaJajamaruKunVictory.mid
https://www.vgmusic.com/music/console/nintendo/nes/Nintendo_World_Cup_-_Golden_Goal.mid
https://www.vgmusic.com/music/console/nintendo/nes/Nintendo_World_Cup_-_Losing_Is_Not_An_Option.mid
https://www.vgmusic.com/music/console/nintendo/nes/Nintendo_World_Cup_-_Select.mid
https://www.vgmusic.com/music/console/nintendo/nes/na2_daimyo.mid
https://www.vgmusic.com/music/console/nintendo/nes/northsouth.mid
https://www.vgmusic.com/music/console/nintendo/nes/Rin.mid
https://www.vgmusic.com/music/console/nintendo/nes/pow.mid
https://www.vgmusic.com/music/console/nintendo/nes/POW_-_FinalBoss.mid
https://www.vgmusic.com/music/console/nintendo/nes/POW_-_Lvl1.mid
https://www.vgmusic.com/music/console/nintendo/nes/POW_-_Lvl3Boss.mid
https://www.vgmusic.com/music/console/nintendo/nes/POW_-_Lvl4EnemyWarehouses.mid
https://www.vgmusic.com/music/console/nintendo/nes/POW_-_Lvl5Tank.mid
https://www.vgmusic.com/music/console/nintendo/nes/POW_-_PowerUpGauntlet.mid
https://www.vgmusic.com/music/console/nintendo/nes/pbtheme.mid
https://www.vgmusic.com/music/console/nintendo/nes/PICDRAW.mid
https://www.vgmusic.com/music/console/nintendo/nes/pinbotnameentry.mid
https://www.vgmusic.com/music/console/nintendo/nes/pipe-a.mid
https://www.vgmusic.com/music/console/nintendo/nes/pipe_dream.mid
https://www.vgmusic.com/music/console/nintendo/nes/PIRATES.mid
https://www.vgmusic.com/music/console/nintendo/nes/Platoon-Title.mid
https://www.vgmusic.com/music/console/nintendo/nes/Popeye_-_Stage_1.mid
https://www.vgmusic.com/music/console/nintendo/nes/popeye.mid
https://www.vgmusic.com/music/console/nintendo/nes/PowerbladeBoss.mid
https://www.vgmusic.com/music/console/nintendo/nes/PowerbladeLv1.mid
https://www.vgmusic.com/music/console/nintendo/nes/PowerbladeLv2.mid
https://www.vgmusic.com/music/console/nintendo/nes/PowerbladeLv3.mid
https://www.vgmusic.com/music/console/nintendo/nes/PowerbladeLv4.mid
https://www.vgmusic.com/music/console/nintendo/nes/PowerbladeLv5.mid
https://www.vgmusic.com/music/console/nintendo/nes/PowerbladeLv6.mid
https://www.vgmusic.com/music/console/nintendo/nes/PowerbladeInterlude.mid
https://www.vgmusic.com/music/console/nintendo/nes/PowerbladeLv7.mid
https://www.vgmusic.com/music/console/nintendo/nes/Predator_Level_30.mid
https://www.vgmusic.com/music/console/nintendo/nes/tomato1.mid
https://www.vgmusic.com/music/console/nintendo/nes/tomato2.mid
https://www.vgmusic.com/music/console/nintendo/nes/tomato5.mid
https://www.vgmusic.com/music/console/nintendo/nes/ptomato.mid
https://www.vgmusic.com/music/console/nintendo/nes/prow.mid
https://www.vgmusic.com/music/console/nintendo/nes/Pro_Wrestling-Title.mid
https://www.vgmusic.com/music/console/nintendo/nes/PyramidI.mid
https://www.vgmusic.com/music/console/nintendo/nes/Pyramid.mid
https://www.vgmusic.com/music/console/nintendo/nes/BoomerangKid-Outback.mid
https://www.vgmusic.com/music/console/nintendo/nes/BoomerangKid-Title.mid
https://www.vgmusic.com/music/console/nintendo/nes/Nesrbi1.mid
https://www.vgmusic.com/music/console/nintendo/nes/Nesrbi2.mid
https://www.vgmusic.com/music/console/nintendo/nes/rcproam_startrace.mid
https://www.vgmusic.com/music/console/nintendo/nes/ProAmAcc.mid
https://www.vgmusic.com/music/console/nintendo/nes/ProamContinue.mid
https://www.vgmusic.com/music/console/nintendo/nes/RR_Music1.mid
https://www.vgmusic.com/music/console/nintendo/nes/RR_Music2.mid
https://www.vgmusic.com/music/console/nintendo/nes/RR_Music3.mid
https://www.vgmusic.com/music/console/nintendo/nes/RR_TimesUp.mid
https://www.vgmusic.com/music/console/nintendo/nes/Ctoc.mid
https://www.vgmusic.com/music/console/nintendo/nes/RainbowIsland.mid
https://www.vgmusic.com/music/console/nintendo/nes/rambodialogue.mid
https://www.vgmusic.com/music/console/nintendo/nes/Rambo_Intro.mid
https://www.vgmusic.com/music/console/nintendo/nes/JDC_RPass.mid
https://www.vgmusic.com/music/console/nintendo/nes/rambobase.mid
https://www.vgmusic.com/music/console/nintendo/nes/rambo-g.mid
https://www.vgmusic.com/music/console/nintendo/nes/Rampart.mid
https://www.vgmusic.com/music/console/nintendo/nes/G_Recca_Boss.mid
https://www.vgmusic.com/music/console/nintendo/nes/kouha-deth.mid
https://www.vgmusic.com/music/console/nintendo/nes/kunio-end.mid
https://www.vgmusic.com/music/console/nintendo/nes/kouha-gameover.mid
https://www.vgmusic.com/music/console/nintendo/nes/kouha-lvl1.mid
https://www.vgmusic.com/music/console/nintendo/nes/kouha-lvl2.mid
https://www.vgmusic.com/music/console/nintendo/nes/kouha-lvl3.mid
https://www.vgmusic.com/music/console/nintendo/nes/kouha-lvl4.mid
https://www.vgmusic.com/music/console/nintendo/nes/kouha-lvlstart.mid
https://www.vgmusic.com/music/console/nintendo/nes/kouha-victory.mid
https://www.vgmusic.com/music/console/nintendo/nes/kouha-bikescene.mid
https://www.vgmusic.com/music/console/nintendo/nes/kouha-title.mid
https://www.vgmusic.com/music/console/nintendo/nes/kouha-train.mid
https://www.vgmusic.com/music/console/nintendo/nes/rescmap.mid
https://www.vgmusic.com/music/console/nintendo/nes/rescue_rooftop.mid
https://www.vgmusic.com/music/console/nintendo/nes/RescueBuilding.mid
https://www.vgmusic.com/music/console/nintendo/nes/RescueEmbassyMission_-_SniperSetup.mid
https://www.vgmusic.com/music/console/nintendo/nes/Riki_sel.mid
https://www.vgmusic.com/music/console/nintendo/nes/Riki-Kunio_stg1.mid
https://www.vgmusic.com/music/console/nintendo/nes/rcr-boss.mid
https://www.vgmusic.com/music/console/nintendo/nes/cr-skool.mid
https://www.vgmusic.com/music/console/nintendo/nes/rcr-main.mid
https://www.vgmusic.com/music/console/nintendo/nes/rcr-password.mid
https://www.vgmusic.com/music/console/nintendo/nes/rcr-bridge.mid
https://www.vgmusic.com/music/console/nintendo/nes/rcr-shop.mid
https://www.vgmusic.com/music/console/nintendo/nes/rcrstatus.mid
https://www.vgmusic.com/music/console/nintendo/nes/rcr-title.mid
https://www.vgmusic.com/music/console/nintendo/nes/rhbattle.mid
https://www.vgmusic.com/music/console/nintendo/nes/Rhgamovr.mid
https://www.vgmusic.com/music/console/nintendo/nes/Robobonus.mid
https://www.vgmusic.com/music/console/nintendo/nes/TRoboW1.mid
https://www.vgmusic.com/music/console/nintendo/nes/T_RoboWarrior_TitleTheme.mid
https://www.vgmusic.com/music/console/nintendo/nes/RoboWarriorUnder.mid
https://www.vgmusic.com/music/console/nintendo/nes/robocop.mid
https://www.vgmusic.com/music/console/nintendo/nes/RobocopFmin.mid
https://www.vgmusic.com/music/console/nintendo/nes/Robocop2MurphyVSCain.mid
https://www.vgmusic.com/music/console/nintendo/nes/RK-NearBoss.mid
https://www.vgmusic.com/music/console/nintendo/nes/RK-MugsyBattle.mid
https://www.vgmusic.com/music/console/nintendo/nes/RK-Game.mid
https://www.vgmusic.com/music/console/nintendo/nes/RK-Boss.mid
https://www.vgmusic.com/music/console/nintendo/nes/RK-Cave.mid
https://www.vgmusic.com/music/console/nintendo/nes/RK-DowntownStreet.mid
https://www.vgmusic.com/music/console/nintendo/nes/RK-SkyAce.mid
https://www.vgmusic.com/music/console/nintendo/nes/RK-Playland.mid
https://www.vgmusic.com/music/console/nintendo/nes/RK-WesternAdventure.mid
https://www.vgmusic.com/music/console/nintendo/nes/RK-MugsysHideout.mid
https://www.vgmusic.com/music/console/nintendo/nes/RK-Ending.mid
https://www.vgmusic.com/music/console/nintendo/nes/RK-GameOver.mid
https://www.vgmusic.com/music/console/nintendo/nes/RK-Death.mid
https://www.vgmusic.com/music/console/nintendo/nes/RK-MiniBoss.mid
https://www.vgmusic.com/music/console/nintendo/nes/RK-Pause.mid
https://www.vgmusic.com/music/console/nintendo/nes/RK-Shop.mid
https://www.vgmusic.com/music/console/nintendo/nes/RK-StageSelect.mid
https://www.vgmusic.com/music/console/nintendo/nes/RK-Subway.mid
https://www.vgmusic.com/music/console/nintendo/nes/RK-Title.mid
https://www.vgmusic.com/music/console/nintendo/nes/RK-Shaft.mid
https://www.vgmusic.com/music/console/nintendo/nes/clemens.mid
https://www.vgmusic.com/music/console/nintendo/nes/Szarng06.mid
https://www.vgmusic.com/music/console/nintendo/nes/ra-fboss.mid
https://www.vgmusic.com/music/console/nintendo/nes/Russian.mid
https://www.vgmusic.com/music/console/nintendo/nes/rushatk.mid
https://www.vgmusic.com/music/console/nintendo/nes/Rush_n_Attack_Level2_XkyRauh.mid
https://www.vgmusic.com/music/console/nintendo/nes/RygarCatacombs.mid
https://www.vgmusic.com/music/console/nintendo/nes/Ryggran.mid
https://www.vgmusic.com/music/console/nintendo/nes/LapisMix.mid
https://www.vgmusic.com/music/console/nintendo/nes/rygar-2a.mid
https://www.vgmusic.com/music/console/nintendo/nes/Rygworld.mid
https://www.vgmusic.com/music/console/nintendo/nes/rygar1.mid
https://www.vgmusic.com/music/console/nintendo/nes/rygar3.mid
https://www.vgmusic.com/music/console/nintendo/nes/Rygvis.mid
https://www.vgmusic.com/music/console/nintendo/nes/RYGAR4B.mid
https://www.vgmusic.com/music/console/nintendo/nes/gs2_config.mid
https://www.vgmusic.com/music/console/nintendo/nes/gs2_title.mid
https://www.vgmusic.com/music/console/nintendo/nes/gs2_1P-2P.mid
https://www.vgmusic.com/music/console/nintendo/nes/gs2_victory.mid
https://www.vgmusic.com/music/console/nintendo/nes/St-Seiya.mid
https://www.vgmusic.com/music/console/nintendo/nes/pizzacat.mid
https://www.vgmusic.com/music/console/nintendo/nes/NES__Samurai_Zombie_Nation__Boss_Battle_3.mid
https://www.vgmusic.com/music/console/nintendo/nes/NES__Samurai_Zombie_Nation__Oyagi.mid
https://www.vgmusic.com/music/console/nintendo/nes/znation.mid
https://www.vgmusic.com/music/console/nintendo/nes/seczend.mid
https://www.vgmusic.com/music/console/nintendo/nes/Section_Z_-_Game_Over.mid
https://www.vgmusic.com/music/console/nintendo/nes/secz-st1.mid
https://www.vgmusic.com/music/console/nintendo/nes/secz-st2.mid
https://www.vgmusic.com/music/console/nintendo/nes/sz-open.mid
https://www.vgmusic.com/music/console/nintendo/nes/erniesmagicshapes.mid
https://www.vgmusic.com/music/console/nintendo/nes/sesamestreet123clear.mid
https://www.vgmusic.com/music/console/nintendo/nes/groverdance.mid
https://www.vgmusic.com/music/console/nintendo/nes/sesamestreetmoon.mid
https://www.vgmusic.com/music/console/nintendo/nes/erniesbigsplash.mid
https://www.vgmusic.com/music/console/nintendo/nes/bigbirddance.mid
https://www.vgmusic.com/music/console/nintendo/nes/shad2rm.mid
https://www.vgmusic.com/music/console/nintendo/nes/shad5rm.mid
https://www.vgmusic.com/music/console/nintendo/nes/shadowga.mid
https://www.vgmusic.com/music/console/nintendo/nes/shadow7.mid
https://www.vgmusic.com/music/console/nintendo/nes/Sgcourtyard.mid
https://www.vgmusic.com/music/console/nintendo/nes/Dragonsden2.mid
https://www.vgmusic.com/music/console/nintendo/nes/Sg_end.mid
https://www.vgmusic.com/music/console/nintendo/nes/shad6rm.mid
https://www.vgmusic.com/music/console/nintendo/nes/shad3rm.mid
https://www.vgmusic.com/music/console/nintendo/nes/Sgmirrors.mid
https://www.vgmusic.com/music/console/nintendo/nes/Sglake.mid
https://www.vgmusic.com/music/console/nintendo/nes/Sg-bqpiano.mid
https://www.vgmusic.com/music/console/nintendo/nes/Sgtitle.mid
https://www.vgmusic.com/music/console/nintendo/nes/shadow8.mid
https://www.vgmusic.com/music/console/nintendo/nes/shad4rm.mid
https://www.vgmusic.com/music/console/nintendo/nes/Shatterhand_Refinery_Area_B.mid
https://www.vgmusic.com/music/console/nintendo/nes/shatter2_v10.mid
https://www.vgmusic.com/music/console/nintendo/nes/Shatterhand_Silo.mid
https://www.vgmusic.com/music/console/nintendo/nes/Shatterhand_Boss.mid
https://www.vgmusic.com/music/console/nintendo/nes/Shatterhand_Ending.mid
https://www.vgmusic.com/music/console/nintendo/nes/Shatterhand-First_Stage_fixed.mid
https://www.vgmusic.com/music/console/nintendo/nes/Shatterhand_Solbrain-Stage_Select.mid
https://www.vgmusic.com/music/console/nintendo/nes/Shin_Onigashima_-_Inside_the_House.mid
https://www.vgmusic.com/music/console/nintendo/nes/mbattle%28v1.1%29.mid
https://www.vgmusic.com/music/console/nintendo/nes/title5648.mid
https://www.vgmusic.com/music/console/nintendo/nes/Signal_Fire.mid
https://www.vgmusic.com/music/console/nintendo/nes/silvers4.mid
https://www.vgmusic.com/music/console/nintendo/nes/silvers2.mid
https://www.vgmusic.com/music/console/nintendo/nes/silvers3.mid
https://www.vgmusic.com/music/console/nintendo/nes/surfer.mid
https://www.vgmusic.com/music/console/nintendo/nes/simpsbs1.mid
https://www.vgmusic.com/music/console/nintendo/nes/tss2%264.mid
https://www.vgmusic.com/music/console/nintendo/nes/tsbvtwjs.mid
https://www.vgmusic.com/music/console/nintendo/nes/ts2china.mid
https://www.vgmusic.com/music/console/nintendo/nes/tsbvwhsb.mid
https://www.vgmusic.com/music/console/nintendo/nes/tsbvwhsc.mid
https://www.vgmusic.com/music/console/nintendo/nes/tsbvtwss.mid
https://www.vgmusic.com/music/console/nintendo/nes/SkateOrDie_DownhillRace.mid
https://www.vgmusic.com/music/console/nintendo/nes/Sk81shop.mid
https://www.vgmusic.com/music/console/nintendo/nes/skate.mid
https://www.vgmusic.com/music/console/nintendo/nes/skate_or_die_2.mid
https://www.vgmusic.com/music/console/nintendo/nes/Skate_Or_Die_2_-_Ramp.mid
https://www.vgmusic.com/music/console/nintendo/nes/JILost_-_NES_-_Skate_or_Die_2_-_Title.mid
https://www.vgmusic.com/music/console/nintendo/nes/sky_shark_-_stage_1.mid
https://www.vgmusic.com/music/console/nintendo/nes/skyshark_title.mid
https://www.vgmusic.com/music/console/nintendo/nes/Downhill.mid
https://www.vgmusic.com/music/console/nintendo/nes/Finish.mid
https://www.vgmusic.com/music/console/nintendo/nes/Slalom_Game_Over.mid
https://www.vgmusic.com/music/console/nintendo/nes/snakerattle_highaltitude.mid
https://www.vgmusic.com/music/console/nintendo/nes/SRnR_-_Stage_01.mid
https://www.vgmusic.com/music/console/nintendo/nes/SRnR_-_Stage_02.mid
https://www.vgmusic.com/music/console/nintendo/nes/SRnR_-_Stage_03.mid
https://www.vgmusic.com/music/console/nintendo/nes/SRnR_-_Stage_04.mid
https://www.vgmusic.com/music/console/nintendo/nes/SRnR_-_Stage_05.mid
https://www.vgmusic.com/music/console/nintendo/nes/SRnR_-_Stage_06.mid
https://www.vgmusic.com/music/console/nintendo/nes/sr_1stbuilding.mid
https://www.vgmusic.com/music/console/nintendo/nes/sr_1stmission.mid
https://www.vgmusic.com/music/console/nintendo/nes/Enemy.mid
https://www.vgmusic.com/music/console/nintendo/nes/T_SnakesRevenge_BossTheme_wIntro.mid
https://www.vgmusic.com/music/console/nintendo/nes/sr_ending.mid
https://www.vgmusic.com/music/console/nintendo/nes/T_SnakesRevenge_Enemy.mid
https://www.vgmusic.com/music/console/nintendo/nes/sr_forest.mid
https://www.vgmusic.com/music/console/nintendo/nes/sr_gameover.mid
https://www.vgmusic.com/music/console/nintendo/nes/T_SnakesRevenge_Jungle.mid
https://www.vgmusic.com/music/console/nintendo/nes/T_SnakesRevenge_Escape.mid
https://www.vgmusic.com/music/console/nintendo/nes/T_SnakesRevenge_Escape2.mid
https://www.vgmusic.com/music/console/nintendo/nes/sr_password.mid
https://www.vgmusic.com/music/console/nintendo/nes/Snake.mid
https://www.vgmusic.com/music/console/nintendo/nes/sr_surrender.mid
https://www.vgmusic.com/music/console/nintendo/nes/T_SnakesRevenge_Underground.mid
https://www.vgmusic.com/music/console/nintendo/nes/Snbrobs2.mid
https://www.vgmusic.com/music/console/nintendo/nes/Snbrost2.mid
https://www.vgmusic.com/music/console/nintendo/nes/Snbrost3.mid
https://www.vgmusic.com/music/console/nintendo/nes/Solomons_Key_Hidden_Room.mid
https://www.vgmusic.com/music/console/nintendo/nes/solskey.mid
https://www.vgmusic.com/music/console/nintendo/nes/Solstice-InGame.mid
https://www.vgmusic.com/music/console/nintendo/nes/solstice_intro.mid
https://www.vgmusic.com/music/console/nintendo/nes/Spelunker-Level1_Arranged.mid
https://www.vgmusic.com/music/console/nintendo/nes/pgunn.mid
https://www.vgmusic.com/music/console/nintendo/nes/embassy_espionage.mid
https://www.vgmusic.com/music/console/nintendo/nes/Title.mid
https://www.vgmusic.com/music/console/nintendo/nes/Starfrcb.mid
https://www.vgmusic.com/music/console/nintendo/nes/Starfrcp.mid
https://www.vgmusic.com/music/console/nintendo/nes/SS_Normalship_UAZ.mid
https://www.vgmusic.com/music/console/nintendo/nes/startrek%282%29.mid
https://www.vgmusic.com/music/console/nintendo/nes/starvoyager_-_intro.mid
https://www.vgmusic.com/music/console/nintendo/nes/starwar_cantina.mid
https://www.vgmusic.com/music/console/nintendo/nes/starwar_cave.mid
https://www.vgmusic.com/music/console/nintendo/nes/starwar_han.mid
https://www.vgmusic.com/music/console/nintendo/nes/starwar_eisly.mid
https://www.vgmusic.com/music/console/nintendo/nes/st_ab.mid
https://www.vgmusic.com/music/console/nintendo/nes/st_as.mid
https://www.vgmusic.com/music/console/nintendo/nes/StarTropics-boss_battle.mid
https://www.vgmusic.com/music/console/nintendo/nes/st_cbm.mid
https://www.vgmusic.com/music/console/nintendo/nes/StarTropics-ship_sink.mid
https://www.vgmusic.com/music/console/nintendo/nes/StarTropics-chapter_3_intro.mid
https://www.vgmusic.com/music/console/nintendo/nes/StarTropics-stranded.mid
https://www.vgmusic.com/music/console/nintendo/nes/StarTropics-chapter_intro.mid
https://www.vgmusic.com/music/console/nintendo/nes/startropicschief.mid
https://www.vgmusic.com/music/console/nintendo/nes/startropicending.mid
https://www.vgmusic.com/music/console/nintendo/nes/BL_startropics_deaththeme.mid
https://www.vgmusic.com/music/console/nintendo/nes/StarTropics-dr_j.mid
https://www.vgmusic.com/music/console/nintendo/nes/StarTropics-ending.mid
https://www.vgmusic.com/music/console/nintendo/nes/StarTropics-ghost_village.mid
https://www.vgmusic.com/music/console/nintendo/nes/startropicswhale.mid
https://www.vgmusic.com/music/console/nintendo/nes/StarTropics-island_chief.mid
https://www.vgmusic.com/music/console/nintendo/nes/st_action.mid
https://www.vgmusic.com/music/console/nintendo/nes/startropicsmiracola.mid
https://www.vgmusic.com/music/console/nintendo/nes/st_over.mid
https://www.vgmusic.com/music/console/nintendo/nes/StarTropics-peter.mid
https://www.vgmusic.com/music/console/nintendo/nes/StarTropics-queen_shecola.mid
https://www.vgmusic.com/music/console/nintendo/nes/StarTropics-rest_area.mid
https://www.vgmusic.com/music/console/nintendo/nes/STShecola.mid
https://www.vgmusic.com/music/console/nintendo/nes/st_sc.mid
https://www.vgmusic.com/music/console/nintendo/nes/StarTropics-sub_c_launch.mid
https://www.vgmusic.com/music/console/nintendo/nes/StarTropics-nav_com.mid
https://www.vgmusic.com/music/console/nintendo/nes/StarTropics-argonians.mid
https://www.vgmusic.com/music/console/nintendo/nes/st_title.mid
https://www.vgmusic.com/music/console/nintendo/nes/st_ub.mid
https://www.vgmusic.com/music/console/nintendo/nes/StarTropics-victory.mid
https://www.vgmusic.com/music/console/nintendo/nes/Boss2.mid
https://www.vgmusic.com/music/console/nintendo/nes/Chapter2-TheStoneAge.mid
https://www.vgmusic.com/music/console/nintendo/nes/StarTrpc2_credits.mid
https://www.vgmusic.com/music/console/nintendo/nes/st2dead.mid
https://www.vgmusic.com/music/console/nintendo/nes/strtrop2_dngn1.mid
https://www.vgmusic.com/music/console/nintendo/nes/Battle2.mid
https://www.vgmusic.com/music/console/nintendo/nes/T_StarshipHector_TitleTheme.mid
https://www.vgmusic.com/music/console/nintendo/nes/BL_starshiphector_gameover.mid
https://www.vgmusic.com/music/console/nintendo/nes/stingbog.mid
https://www.vgmusic.com/music/console/nintendo/nes/stingbos.mid
https://www.vgmusic.com/music/console/nintendo/nes/stinggao.mid
https://www.vgmusic.com/music/console/nintendo/nes/stingigp.mid
https://www.vgmusic.com/music/console/nintendo/nes/sting-in.mid
https://www.vgmusic.com/music/console/nintendo/nes/stinginv.mid
https://www.vgmusic.com/music/console/nintendo/nes/stingpow.mid
https://www.vgmusic.com/music/console/nintendo/nes/sting-sb.mid
https://www.vgmusic.com/music/console/nintendo/nes/Str2010.mid
https://www.vgmusic.com/music/console/nintendo/nes/Street_Fighter_2010-Game_Over.mid
https://www.vgmusic.com/music/console/nintendo/nes/SF2010.mid
https://www.vgmusic.com/music/console/nintendo/nes/SF2010_Planet1Area3.mid
https://www.vgmusic.com/music/console/nintendo/nes/Kazahk.mid
https://www.vgmusic.com/music/console/nintendo/nes/Item.mid
https://www.vgmusic.com/music/console/nintendo/nes/Strider1.mid
https://www.vgmusic.com/music/console/nintendo/nes/SHBoss.mid
https://www.vgmusic.com/music/console/nintendo/nes/China.mid
https://www.vgmusic.com/music/console/nintendo/nes/T_StriderHiryu_EnemyRail.mid
https://www.vgmusic.com/music/console/nintendo/nes/Hbase.mid
https://www.vgmusic.com/music/console/nintendo/nes/Train.mid
https://www.vgmusic.com/music/console/nintendo/nes/T_StriderHiryu_Generator.mid
https://www.vgmusic.com/music/console/nintendo/nes/supercboss.mid
https://www.vgmusic.com/music/console/nintendo/nes/supercend.mid
https://www.vgmusic.com/music/console/nintendo/nes/supercgreat.mid
https://www.vgmusic.com/music/console/nintendo/nes/Level_1.mid
https://www.vgmusic.com/music/console/nintendo/nes/super_contra_stage2.mid
https://www.vgmusic.com/music/console/nintendo/nes/superc3.mid
https://www.vgmusic.com/music/console/nintendo/nes/Area_4.mid
https://www.vgmusic.com/music/console/nintendo/nes/Level_5.mid
https://www.vgmusic.com/music/console/nintendo/nes/Level_6.mid
https://www.vgmusic.com/music/console/nintendo/nes/contra7.mid
https://www.vgmusic.com/music/console/nintendo/nes/supercendstage.mid
https://www.vgmusic.com/music/console/nintendo/nes/sdb-china.mid
https://www.vgmusic.com/music/console/nintendo/nes/Iceland.mid
https://www.vgmusic.com/music/console/nintendo/nes/sdbIndia.mid
https://www.vgmusic.com/music/console/nintendo/nes/Japan.mid
https://www.vgmusic.com/music/console/nintendo/nes/sdb-london.mid
https://www.vgmusic.com/music/console/nintendo/nes/SuperDodgeBall-_-MirrorMatch.mid
https://www.vgmusic.com/music/console/nintendo/nes/sdb-titl.mid
https://www.vgmusic.com/music/console/nintendo/nes/sdb-ussr.mid
https://www.vgmusic.com/music/console/nintendo/nes/sdb-usa.mid
https://www.vgmusic.com/music/console/nintendo/nes/smb-1up.mid
https://www.vgmusic.com/music/console/nintendo/nes/sm1castl.mid
https://www.vgmusic.com/music/console/nintendo/nes/smb-dd.mid
https://www.vgmusic.com/music/console/nintendo/nes/smbdeath.mid
https://www.vgmusic.com/music/console/nintendo/nes/smb-end.mid
https://www.vgmusic.com/music/console/nintendo/nes/smb-go.mid
https://www.vgmusic.com/music/console/nintendo/nes/Super_Mario_Bros._-_Flag.mid
https://www.vgmusic.com/music/console/nintendo/nes/Smbtheme.mid
https://www.vgmusic.com/music/console/nintendo/nes/Starman-1.mid
https://www.vgmusic.com/music/console/nintendo/nes/Sm1cave.mid
https://www.vgmusic.com/music/console/nintendo/nes/Smbwater.mid
https://www.vgmusic.com/music/console/nintendo/nes/Super_Mario_Bros-Time_Warning.mid
https://www.vgmusic.com/music/console/nintendo/nes/M2bonus.mid
https://www.vgmusic.com/music/console/nintendo/nes/Smb2boss.mid
https://www.vgmusic.com/music/console/nintendo/nes/BeatBoss.mid
https://www.vgmusic.com/music/console/nintendo/nes/smb2cs.mid
https://www.vgmusic.com/music/console/nintendo/nes/m2end.mid
https://www.vgmusic.com/music/console/nintendo/nes/M2fnfare.mid
https://www.vgmusic.com/music/console/nintendo/nes/M2gover.mid
https://www.vgmusic.com/music/console/nintendo/nes/M2miss.mid
https://www.vgmusic.com/music/console/nintendo/nes/sm2title.mid
https://www.vgmusic.com/music/console/nintendo/nes/smb2title.mid
https://www.vgmusic.com/music/console/nintendo/nes/m2under.mid
https://www.vgmusic.com/music/console/nintendo/nes/smb2wart.mid
https://www.vgmusic.com/music/console/nintendo/nes/sm3airship.mid
https://www.vgmusic.com/music/console/nintendo/nes/sm3mboss.mid
https://www.vgmusic.com/music/console/nintendo/nes/bowser.mid
https://www.vgmusic.com/music/console/nintendo/nes/M3win1.mid
https://www.vgmusic.com/music/console/nintendo/nes/smb3end.mid
https://www.vgmusic.com/music/console/nintendo/nes/sm3fortress.mid
https://www.vgmusic.com/music/console/nintendo/nes/M3gover.mid
https://www.vgmusic.com/music/console/nintendo/nes/smb3hbros.mid
https://www.vgmusic.com/music/console/nintendo/nes/smb3king.mid
https://www.vgmusic.com/music/console/nintendo/nes/smb3kinr.mid
https://www.vgmusic.com/music/console/nintendo/nes/SMB3_MusicBox.mid
https://www.vgmusic.com/music/console/nintendo/nes/smb3nspade.mid
https://www.vgmusic.com/music/console/nintendo/nes/sm3ow2.mid
https://www.vgmusic.com/music/console/nintendo/nes/sm3wd3.mid
https://www.vgmusic.com/music/console/nintendo/nes/Smb3toad.mid
https://www.vgmusic.com/music/console/nintendo/nes/sm3underwater.mid
https://www.vgmusic.com/music/console/nintendo/nes/sm3undw.mid
https://www.vgmusic.com/music/console/nintendo/nes/smb3airv.mid
https://www.vgmusic.com/music/console/nintendo/nes/sm3warp.mid
https://www.vgmusic.com/music/console/nintendo/nes/sm3grass.mid
https://www.vgmusic.com/music/console/nintendo/nes/sm3deser.mid
https://www.vgmusic.com/music/console/nintendo/nes/sm3ocean.mid
https://www.vgmusic.com/music/console/nintendo/nes/sm3big.mid
https://www.vgmusic.com/music/console/nintendo/nes/smb3sky.mid
https://www.vgmusic.com/music/console/nintendo/nes/smb3ice.mid
https://www.vgmusic.com/music/console/nintendo/nes/sm3pipe.mid
https://www.vgmusic.com/music/console/nintendo/nes/sm3koopa.mid
https://www.vgmusic.com/music/console/nintendo/nes/sorbigdukes.mid
https://www.vgmusic.com/music/console/nintendo/nes/Sor%28Nes%29Track_1_%28Fandago%29.mid
https://www.vgmusic.com/music/console/nintendo/nes/Sor%28Nes%29Track2_%28Sidewinder%29.mid
https://www.vgmusic.com/music/console/nintendo/nes/Sor%28Nes%29Track_6_%28Cliffhanger%29%21.mid
https://www.vgmusic.com/music/console/nintendo/nes/Super_Pitfall_-_Dark_Realm.mid
https://www.vgmusic.com/music/console/nintendo/nes/Super_Pitfall_-_Main_Theme.mid
https://www.vgmusic.com/music/console/nintendo/nes/Super_Pitfall_-_Begin.mid
https://www.vgmusic.com/music/console/nintendo/nes/vball-chicago.mid
https://www.vgmusic.com/music/console/nintendo/nes/vball-hawaii.mid
https://www.vgmusic.com/music/console/nintendo/nes/vball-LasVegas_byMelto.mid
https://www.vgmusic.com/music/console/nintendo/nes/vballmatch.mid
https://www.vgmusic.com/music/console/nintendo/nes/vball-titledemo.mid
https://www.vgmusic.com/music/console/nintendo/nes/vball-exer.mid
https://www.vgmusic.com/music/console/nintendo/nes/vball-ussr.mid
https://www.vgmusic.com/music/console/nintendo/nes/SweetHome-Battle1.mid
https://www.vgmusic.com/music/console/nintendo/nes/T_SweetHome_FloodedBasementTheme.mid
https://www.vgmusic.com/music/console/nintendo/nes/SweetHomeIntroV2.mid
https://www.vgmusic.com/music/console/nintendo/nes/T_SweetHome_LobbyTheme.mid
https://www.vgmusic.com/music/console/nintendo/nes/T_SweetHome_UpperFloorTheme.mid
https://www.vgmusic.com/music/console/nintendo/nes/T_SweetHome_Allies.mid
https://www.vgmusic.com/music/console/nintendo/nes/T_SweetHome_UndeadGardenTheme.mid
https://www.vgmusic.com/music/console/nintendo/nes/SwordsandSerpentsIntro.mid
https://www.vgmusic.com/music/console/nintendo/nes/swords-titlescreen.mid
https://www.vgmusic.com/music/console/nintendo/nes/TandC_Street_Skate_Session.mid
https://www.vgmusic.com/music/console/nintendo/nes/Tabohang.mid
https://www.vgmusic.com/music/console/nintendo/nes/Talespin_-_Boss.mid
https://www.vgmusic.com/music/console/nintendo/nes/TecmoBaseball.mid
https://www.vgmusic.com/music/console/nintendo/nes/TecmoBaseballHomerun.mid
https://www.vgmusic.com/music/console/nintendo/nes/T_TecmoBaseball_1PTheme.mid
https://www.vgmusic.com/music/console/nintendo/nes/TecmoBowlCredits.mid
https://www.vgmusic.com/music/console/nintendo/nes/tecmobowlintro.mid
https://www.vgmusic.com/music/console/nintendo/nes/TecmoBowlVictory.mid
https://www.vgmusic.com/music/console/nintendo/nes/tecmo.mid
https://www.vgmusic.com/music/console/nintendo/nes/sbowlend.mid
https://www.vgmusic.com/music/console/nintendo/nes/xtrapoint.mid
https://www.vgmusic.com/music/console/nintendo/nes/tsbinj.mid
https://www.vgmusic.com/music/console/nintendo/nes/recovery.mid
https://www.vgmusic.com/music/console/nintendo/nes/tsb10.mid
https://www.vgmusic.com/music/console/nintendo/nes/tsb6.mid
https://www.vgmusic.com/music/console/nintendo/nes/tsb7.mid
https://www.vgmusic.com/music/console/nintendo/nes/tsb8.mid
https://www.vgmusic.com/music/console/nintendo/nes/tsb9.mid
https://www.vgmusic.com/music/console/nintendo/nes/T_TecmoWrestling_Hidden.mid
https://www.vgmusic.com/music/console/nintendo/nes/T_TecmoWrestling_MatchTheme04.mid
https://www.vgmusic.com/music/console/nintendo/nes/T_Tecmo3.mid
https://www.vgmusic.com/music/console/nintendo/nes/tmnt-s5o.mid
https://www.vgmusic.com/music/console/nintendo/nes/tmnt5.mid
https://www.vgmusic.com/music/console/nintendo/nes/tmnt-b.mid
https://www.vgmusic.com/music/console/nintendo/nes/tmnt-dam.mid
https://www.vgmusic.com/music/console/nintendo/nes/tmnt-die.mid
https://www.vgmusic.com/music/console/nintendo/nes/tmnt-mb.mid
https://www.vgmusic.com/music/console/nintendo/nes/tmntovrw.mid
https://www.vgmusic.com/music/console/nintendo/nes/tmnt-dx.mid
https://www.vgmusic.com/music/console/nintendo/nes/tmnttitl.mid
https://www.vgmusic.com/music/console/nintendo/nes/tmnt-und.mid
https://www.vgmusic.com/music/console/nintendo/nes/tmnt2boss.mid
https://www.vgmusic.com/music/console/nintendo/nes/tmnt2krang.mid
https://www.vgmusic.com/music/console/nintendo/nes/tmnt2ssl.mid
https://www.vgmusic.com/music/console/nintendo/nes/tmnt2shredder.mid
https://www.vgmusic.com/music/console/nintendo/nes/tmnt2stg1.mid
https://www.vgmusic.com/music/console/nintendo/nes/tmnt2stg10.mid
https://www.vgmusic.com/music/console/nintendo/nes/tmnt2stg3.mid
https://www.vgmusic.com/music/console/nintendo/nes/tmnt2stg4.mid
https://www.vgmusic.com/music/console/nintendo/nes/tmnt2stg9.mid
https://www.vgmusic.com/music/console/nintendo/nes/city.mid
https://www.vgmusic.com/music/console/nintendo/nes/doubtrb.mid
https://www.vgmusic.com/music/console/nintendo/nes/let%27sgo.mid
https://www.vgmusic.com/music/console/nintendo/nes/TMNT3-miniboss.mid
https://www.vgmusic.com/music/console/nintendo/nes/G_TMNT3_MoveOut.mid
https://www.vgmusic.com/music/console/nintendo/nes/G_Terminator2_Stage1.mid
https://www.vgmusic.com/music/console/nintendo/nes/tetris-1.mid
https://www.vgmusic.com/music/console/nintendo/nes/tetris-2.mid
https://www.vgmusic.com/music/console/nintendo/nes/JDC_TetNBGMC.mid
https://www.vgmusic.com/music/console/nintendo/nes/tetris-3.mid
https://www.vgmusic.com/music/console/nintendo/nes/tetrisnameentrynes.mid
https://www.vgmusic.com/music/console/nintendo/nes/tetrSuccess.mid
https://www.vgmusic.com/music/console/nintendo/nes/Technotris.mid
https://www.vgmusic.com/music/console/nintendo/nes/tetris_bradinsky.mid
https://www.vgmusic.com/music/console/nintendo/nes/tetris_karinka.mid
https://www.vgmusic.com/music/console/nintendo/nes/katiusha.mid
https://www.vgmusic.com/music/console/nintendo/nes/Troika.mid
https://www.vgmusic.com/music/console/nintendo/nes/thundercade.mid
https://www.vgmusic.com/music/console/nintendo/nes/tiger_heli.mid
https://www.vgmusic.com/music/console/nintendo/nes/Tiny_Toon_Adventures%21.mid
https://www.vgmusic.com/music/console/nintendo/nes/TTA_-_UnderWater.mid
https://www.vgmusic.com/music/console/nintendo/nes/To_the_Earth_Anthem.mid
https://www.vgmusic.com/music/console/nintendo/nes/Ts_boss.mid
https://www.vgmusic.com/music/console/nintendo/nes/TomSawyer-L1.mid
https://www.vgmusic.com/music/console/nintendo/nes/Ts_intro.mid
https://www.vgmusic.com/music/console/nintendo/nes/TTFight.mid
https://www.vgmusic.com/music/console/nintendo/nes/tntelcar.mid
https://www.vgmusic.com/music/console/nintendo/nes/tntec.mid
https://www.vgmusic.com/music/console/nintendo/nes/t%26t_wltz.mid
https://www.vgmusic.com/music/console/nintendo/nes/TNTmain2.mid
https://www.vgmusic.com/music/console/nintendo/nes/TNTNUNN.mid
https://www.vgmusic.com/music/console/nintendo/nes/tombs_and_treasure_title.mid
https://www.vgmusic.com/music/console/nintendo/nes/TopGun-demo.mid
https://www.vgmusic.com/music/console/nintendo/nes/Top_Gun_-_Fuel_Plane.mid
https://www.vgmusic.com/music/console/nintendo/nes/TopGun-select_missle.mid
https://www.vgmusic.com/music/console/nintendo/nes/TG2_-_Stage_1_-Remix-.mid
https://www.vgmusic.com/music/console/nintendo/nes/TG2_-_Stage_2_-Remix-.mid
https://www.vgmusic.com/music/console/nintendo/nes/TG2_-_Stage_3_-Remix-.mid
https://www.vgmusic.com/music/console/nintendo/nes/trecall.mid
https://www.vgmusic.com/music/console/nintendo/nes/Track_and_Field_II_-_Arm_Wrestling.mid
https://www.vgmusic.com/music/console/nintendo/nes/Track_and_Field_II_-_Hang_Gliding.mid
https://www.vgmusic.com/music/console/nintendo/nes/tf2-olymintro.mid
https://www.vgmusic.com/music/console/nintendo/nes/trns_102-trns.mid
https://www.vgmusic.com/music/console/nintendo/nes/treasure_master_-_title_theme.mid
https://www.vgmusic.com/music/console/nintendo/nes/trojintr.mid
https://www.vgmusic.com/music/console/nintendo/nes/Trojan_P2_Win.mid
https://www.vgmusic.com/music/console/nintendo/nes/troj-sew.mid
https://www.vgmusic.com/music/console/nintendo/nes/Twinbee_-_StageBGM.mid
https://www.vgmusic.com/music/console/nintendo/nes/Hebereke-Boss1.mid
https://www.vgmusic.com/music/console/nintendo/nes/Hebereke-Boss2.mid
https://www.vgmusic.com/music/console/nintendo/nes/Hebereke-Ice.mid
https://www.vgmusic.com/music/console/nintendo/nes/Hebereke-Ending.mid
https://www.vgmusic.com/music/console/nintendo/nes/Hebereke-Boss3.mid
https://www.vgmusic.com/music/console/nintendo/nes/Hebereke-Over.mid
https://www.vgmusic.com/music/console/nintendo/nes/Hebereke-World.mid
https://www.vgmusic.com/music/console/nintendo/nes/Hebereke-Parallel.mid
https://www.vgmusic.com/music/console/nintendo/nes/Hebereke-Password.mid
https://www.vgmusic.com/music/console/nintendo/nes/Hebereke_-_Tundra.mid
https://www.vgmusic.com/music/console/nintendo/nes/Hebereke-Title.mid
https://www.vgmusic.com/music/console/nintendo/nes/Hebereke-Under.mid
https://www.vgmusic.com/music/console/nintendo/nes/Hebereke-Victory.mid
https://www.vgmusic.com/music/console/nintendo/nes/ult1ambr.mid
https://www.vgmusic.com/music/console/nintendo/nes/ult3batt.mid
https://www.vgmusic.com/music/console/nintendo/nes/ult3cast.mid
https://www.vgmusic.com/music/console/nintendo/nes/ult3cave.mid
https://www.vgmusic.com/music/console/nintendo/nes/NES_U3_British.mid
https://www.vgmusic.com/music/console/nintendo/nes/Ult1King.mid
https://www.vgmusic.com/music/console/nintendo/nes/ult1over.mid
https://www.vgmusic.com/music/console/nintendo/nes/ult3ship.mid
https://www.vgmusic.com/music/console/nintendo/nes/ult1town.mid
https://www.vgmusic.com/music/console/nintendo/nes/Bard%27sMelody.mid
https://www.vgmusic.com/music/console/nintendo/nes/uqcas.mid
https://www.vgmusic.com/music/console/nintendo/nes/uwd_main.mid
https://www.vgmusic.com/music/console/nintendo/nes/uwd_prlg.mid
https://www.vgmusic.com/music/console/nintendo/nes/uninvit9.mid
https://www.vgmusic.com/music/console/nintendo/nes/uninvit3.mid
https://www.vgmusic.com/music/console/nintendo/nes/uninvit8.mid
https://www.vgmusic.com/music/console/nintendo/nes/uninvit2.mid
https://www.vgmusic.com/music/console/nintendo/nes/uninvit6.mid
https://www.vgmusic.com/music/console/nintendo/nes/uninvi12.mid
https://www.vgmusic.com/music/console/nintendo/nes/uninvi11.mid
https://www.vgmusic.com/music/console/nintendo/nes/uninvit4.mid
https://www.vgmusic.com/music/console/nintendo/nes/uninvi10.mid
https://www.vgmusic.com/music/console/nintendo/nes/uninvit5.mid
https://www.vgmusic.com/music/console/nintendo/nes/uninvit1.mid
https://www.vgmusic.com/music/console/nintendo/nes/uninvit7.mid
https://www.vgmusic.com/music/console/nintendo/nes/Vegas_Dream_-_Black_Jack.mid
https://www.vgmusic.com/music/console/nintendo/nes/Ven_end.mid
https://www.vgmusic.com/music/console/nintendo/nes/VsExcitebikeWin.mid
https://www.vgmusic.com/music/console/nintendo/nes/VsExcitebikeLose.mid
https://www.vgmusic.com/music/console/nintendo/nes/VsExcitebikeRace.mid
https://www.vgmusic.com/music/console/nintendo/nes/VsExcitebike3.mid
https://www.vgmusic.com/music/console/nintendo/nes/World_Championship_Wrestling_-_Character_Profile.mid
https://www.vgmusic.com/music/console/nintendo/nes/WCW_World_Championship_Wrestling_-_Mode_Select.mid
https://www.vgmusic.com/music/console/nintendo/nes/World_Championship_Wrestling-Single_Match.mid
https://www.vgmusic.com/music/console/nintendo/nes/WCW_World_Championship_Wrestling_-_Title.mid
https://www.vgmusic.com/music/console/nintendo/nes/Wrestlemania_-_Bam_Bam_Bigelow.mid
https://www.vgmusic.com/music/console/nintendo/nes/hogan.mid
https://www.vgmusic.com/music/console/nintendo/nes/Wrestlemania-Randy_Savage.mid
https://www.vgmusic.com/music/console/nintendo/nes/Rick_Rude.mid
https://www.vgmusic.com/music/console/nintendo/nes/BrutusPF.mid
https://www.vgmusic.com/music/console/nintendo/nes/KW-escp.mid
https://www.vgmusic.com/music/console/nintendo/nes/KW-last.mid
https://www.vgmusic.com/music/console/nintendo/nes/KW-final.mid
https://www.vgmusic.com/music/console/nintendo/nes/T_WaiWaiWorld_Fuma.mid
https://www.vgmusic.com/music/console/nintendo/nes/KW-goemn_V2.mid
https://www.vgmusic.com/music/console/nintendo/nes/T_WaiWaiWorld_KonamiGirl_GM.mid
https://www.vgmusic.com/music/console/nintendo/nes/KW-kman.mid
https://www.vgmusic.com/music/console/nintendo/nes/T_WaiWaiWorld_Kong.mid
https://www.vgmusic.com/music/console/nintendo/nes/KW-main.mid
https://www.vgmusic.com/music/console/nintendo/nes/KW-mike.mid
https://www.vgmusic.com/music/console/nintendo/nes/KW-moai.mid
https://www.vgmusic.com/music/console/nintendo/nes/KW-rscue.mid
https://www.vgmusic.com/music/console/nintendo/nes/KW-robot.mid
https://www.vgmusic.com/music/console/nintendo/nes/KW-sboss.mid
https://www.vgmusic.com/music/console/nintendo/nes/KW-selct.mid
https://www.vgmusic.com/music/console/nintendo/nes/KW-stone.mid
https://www.vgmusic.com/music/console/nintendo/nes/KW-toad.mid
https://www.vgmusic.com/music/console/nintendo/nes/KW-twinb.mid
https://www.vgmusic.com/music/console/nintendo/nes/KW-skull.mid
https://www.vgmusic.com/music/console/nintendo/nes/T_WaiWaiWorld2_EndLevel.mid
https://www.vgmusic.com/music/console/nintendo/nes/T_WaiWaiWorld2_MagicalAction.mid
https://www.vgmusic.com/music/console/nintendo/nes/WSK.mid
https://www.vgmusic.com/music/console/nintendo/nes/Warios-Woods_-_Boss.mid
https://www.vgmusic.com/music/console/nintendo/nes/WARIOWUD.mid
https://www.vgmusic.com/music/console/nintendo/nes/warioswoodstimerace.mid
https://www.vgmusic.com/music/console/nintendo/nes/warioswoodsversus.mid
https://www.vgmusic.com/music/console/nintendo/nes/WarriorofArgos%28rygarj%29area1.mid
https://www.vgmusic.com/music/console/nintendo/nes/wolf.mid
https://www.vgmusic.com/music/console/nintendo/nes/wofnesselect.mid
https://www.vgmusic.com/music/console/nintendo/nes/JDC_RRContin.mid
https://www.vgmusic.com/music/console/nintendo/nes/JDC_RRDeath.mid
https://www.vgmusic.com/music/console/nintendo/nes/RogerPark.mid
https://www.vgmusic.com/music/console/nintendo/nes/wfrr_title.mid
https://www.vgmusic.com/music/console/nintendo/nes/wildgun.mid
https://www.vgmusic.com/music/console/nintendo/nes/Willowhouse.mid
https://www.vgmusic.com/music/console/nintendo/nes/Willowintropt1.mid
https://www.vgmusic.com/music/console/nintendo/nes/nockmaar.mid
https://www.vgmusic.com/music/console/nintendo/nes/W-fiend.mid
https://www.vgmusic.com/music/console/nintendo/nes/Willtown.mid
https://www.vgmusic.com/music/console/nintendo/nes/W-zhenamuzh.mid
https://www.vgmusic.com/music/console/nintendo/nes/Wiz1Inn.mid
https://www.vgmusic.com/music/console/nintendo/nes/Wiz1Boltac.mid
https://www.vgmusic.com/music/console/nintendo/nes/Wiz1Camp.mid
https://www.vgmusic.com/music/console/nintendo/nes/Wiz1Castle.mid
https://www.vgmusic.com/music/console/nintendo/nes/Wiz1combat.mid
https://www.vgmusic.com/music/console/nintendo/nes/Wiz1Cant.mid
https://www.vgmusic.com/music/console/nintendo/nes/wizadry1_encounter.mid
https://www.vgmusic.com/music/console/nintendo/nes/Wiz1End.mid
https://www.vgmusic.com/music/console/nintendo/nes/Wiz1Werdna.mid
https://www.vgmusic.com/music/console/nintendo/nes/Wiz1Tavern.mid
https://www.vgmusic.com/music/console/nintendo/nes/Wiz1Maze.mid
https://www.vgmusic.com/music/console/nintendo/nes/Wizardry_%21_Preparations.mid
https://www.vgmusic.com/music/console/nintendo/nes/Wiz1Temple.mid
https://www.vgmusic.com/music/console/nintendo/nes/Wizardry_I_Opening_Theme.mid
https://www.vgmusic.com/music/console/nintendo/nes/Wizardry_II_Opening_Theme.mid
https://www.vgmusic.com/music/console/nintendo/nes/Wwboss.mid
https://www.vgmusic.com/music/console/nintendo/nes/Wwcave1.mid
https://www.vgmusic.com/music/console/nintendo/nes/Wwforest.mid
https://www.vgmusic.com/music/console/nintendo/nes/Wwcastl.mid
https://www.vgmusic.com/music/console/nintendo/nes/Wwtree.mid
https://www.vgmusic.com/music/console/nintendo/nes/wwpotion.mid
https://www.vgmusic.com/music/console/nintendo/nes/Wwoutsidecastle.mid
https://www.vgmusic.com/music/console/nintendo/nes/Ww-completestage.mid
https://www.vgmusic.com/music/console/nintendo/nes/wizards.mid
https://www.vgmusic.com/music/console/nintendo/nes/ww2final.mid
https://www.vgmusic.com/music/console/nintendo/nes/W%26w2-treasure.mid
https://www.vgmusic.com/music/console/nintendo/nes/Ww2lavast.mid
https://www.vgmusic.com/music/console/nintendo/nes/W%26W2_Level1.mid
https://www.vgmusic.com/music/console/nintendo/nes/Wizards265.mid
https://www.vgmusic.com/music/console/nintendo/nes/ww2out.mid
https://www.vgmusic.com/music/console/nintendo/nes/ww2lost.mid
https://www.vgmusic.com/music/console/nintendo/nes/ww2store.mid
https://www.vgmusic.com/music/console/nintendo/nes/ww2intro.mid
https://www.vgmusic.com/music/console/nintendo/nes/ww2h20.mid
https://www.vgmusic.com/music/console/nintendo/nes/ww2elmnt.mid
https://www.vgmusic.com/music/console/nintendo/nes/Wizards_and_Warriors_II_Ironsword_-_Wind_Elemental.mid
https://www.vgmusic.com/music/console/nintendo/nes/JILost_-_NES_-_Wizards_and_Warriors_III_-_Final_Road.mid
https://www.vgmusic.com/music/console/nintendo/nes/ww3-gameover.mid
https://www.vgmusic.com/music/console/nintendo/nes/ww3knite.mid
https://www.vgmusic.com/music/console/nintendo/nes/KnightStore.mid
https://www.vgmusic.com/music/console/nintendo/nes/KnightTest.mid
https://www.vgmusic.com/music/console/nintendo/nes/WW3Thief.mid
https://www.vgmusic.com/music/console/nintendo/nes/ThiefStore.mid
https://www.vgmusic.com/music/console/nintendo/nes/WW3Wizard.mid
https://www.vgmusic.com/music/console/nintendo/nes/WizStore.mid
https://www.vgmusic.com/music/console/nintendo/nes/Wiztest.mid
https://www.vgmusic.com/music/console/nintendo/nes/wiz%26war3.mid
https://www.vgmusic.com/music/console/nintendo/nes/hurdleswait.mid
https://www.vgmusic.com/music/console/nintendo/nes/longjumpwait.mid
https://www.vgmusic.com/music/console/nintendo/nes/triplejumpwait.mid
https://www.vgmusic.com/music/console/nintendo/nes/Wrath_of_the_Black_Manta.mid
https://www.vgmusic.com/music/console/nintendo/nes/realwreck.mid
https://www.vgmusic.com/music/console/nintendo/nes/Megablast.mid
https://www.vgmusic.com/music/console/nintendo/nes/XenophobeStart.mid
https://www.vgmusic.com/music/console/nintendo/nes/xeno.mid
https://www.vgmusic.com/music/console/nintendo/nes/xevious.mid
https://www.vgmusic.com/music/console/nintendo/nes/XexyzEndGame.mid
https://www.vgmusic.com/music/console/nintendo/nes/Xexyz_Lev1.mid
https://www.vgmusic.com/music/console/nintendo/nes/xexyzpassword.mid
https://www.vgmusic.com/music/console/nintendo/nes/kf-theme.mid
https://www.vgmusic.com/music/console/nintendo/nes/yonoidstg1.mid
https://www.vgmusic.com/music/console/nintendo/nes/vgYoNoidStg13AptBuild.mid
https://www.vgmusic.com/music/console/nintendo/nes/vgYoNoidStg9HauntedHouse.mid
https://www.vgmusic.com/music/console/nintendo/nes/yoshidoneb.mid
https://www.vgmusic.com/music/console/nintendo/nes/yoshifanfare.mid
https://www.vgmusic.com/music/console/nintendo/nes/YsI_-_Darm_Tower_-_Upper_Chambers.mid
https://www.vgmusic.com/music/console/nintendo/nes/ys1_boss.mid
https://www.vgmusic.com/music/console/nintendo/nes/Y_Y_Hakusho_Op_movie.mid
https://www.vgmusic.com/music/console/nintendo/nes/Yuuyuuki12.mid
https://www.vgmusic.com/music/console/nintendo/nes/Yuuyuuki18.mid
https://www.vgmusic.com/music/console/nintendo/nes/Zanac_Area_Clear.mid
https://www.vgmusic.com/music/console/nintendo/nes/zanac2.mid
https://www.vgmusic.com/music/console/nintendo/nes/Zanac_Game_Over.mid
https://www.vgmusic.com/music/console/nintendo/nes/zanac1a.mid
https://www.vgmusic.com/music/console/nintendo/nes/Zanac_12.mid
https://www.vgmusic.com/music/console/nintendo/nes/Zanac_02.mid
https://www.vgmusic.com/music/console/nintendo/nes/Zanac_05.mid
https://www.vgmusic.com/music/console/nintendo/nes/Zanac_08.mid
https://www.vgmusic.com/music/console/nintendo/nes/zanac6%269.mid
https://www.vgmusic.com/music/console/nintendo/nes/z2cave.mid
https://www.vgmusic.com/music/console/nintendo/nes/Z2FinalBoss.mid
https://www.vgmusic.com/music/console/nintendo/nes/z2house.mid
https://www.vgmusic.com/music/console/nintendo/nes/z2ow.mid
https://www.vgmusic.com/music/console/nintendo/nes/z2temple.mid
https://www.vgmusic.com/music/console/nintendo/nes/zelda2_boss.mid
https://www.vgmusic.com/music/console/nintendo/nes/zelda2end.mid
https://www.vgmusic.com/music/console/nintendo/nes/z2title.mid
https://www.vgmusic.com/music/console/nintendo/nes/z2town.mid
https://www.vgmusic.com/music/console/nintendo/nes/Magicflute.mid
^C
C:\Users\YCarl\OneDrive\Bureau\dos>node index.js
HELLO :3000
C:\Users\YCarl\OneDrive\Bureau\dos\node_modules\puppeteer\lib\cjs\puppeteer\common\LifecycleWatcher.js:106
        return new Promise((fulfill) => (this._maximumTimer = setTimeout(fulfill, this._timeout))).then(() => new Errors_js_1.TimeoutError(errorMessage));
                                                                                                              ^

TimeoutError: Navigation timeout of 30000 ms exceeded
    at C:\Users\YCarl\OneDrive\Bureau\dos\node_modules\puppeteer\lib\cjs\puppeteer\common\LifecycleWatcher.js:106:111

C:\Users\YCarl\OneDrive\Bureau\dos>node index.js
HELLO :3000
C:\Users\YCarl\OneDrive\Bureau\dos\node_modules\puppeteer\lib\cjs\puppeteer\common\LifecycleWatcher.js:106
        return new Promise((fulfill) => (this._maximumTimer = setTimeout(fulfill, this._timeout))).then(() => new Errors_js_1.TimeoutError(errorMessage));
                                                                                                              ^

TimeoutError: Navigation timeout of 30000 ms exceeded
    at C:\Users\YCarl\OneDrive\Bureau\dos\node_modules\puppeteer\lib\cjs\puppeteer\common\LifecycleWatcher.js:106:111

C:\Users\YCarl\OneDrive\Bureau\dos>node index.js
HELLO :3000
TimeoutError: Navigation timeout of 30000 ms exceeded
    at C:\Users\YCarl\OneDrive\Bureau\dos\node_modules\puppeteer\lib\cjs\puppeteer\common\LifecycleWatcher.js:106:111

C:\Users\YCarl\OneDrive\Bureau\dos>node index.js
HELLO :3000
TimeoutError: Navigation timeout of 30000 ms exceeded
    at C:\Users\YCarl\OneDrive\Bureau\dos\node_modules\puppeteer\lib\cjs\puppeteer\common\LifecycleWatcher.js:106:111

C:\Users\YCarl\OneDrive\Bureau\dos>node index.js
HELLO :3000
^C
C:\Users\YCarl\OneDrive\Bureau\dos>node index.js
C:\Users\YCarl\OneDrive\Bureau\dos\index.js:87
const browser = await puppeteer.launch({ headless: false })
                ^^^^^

SyntaxError: await is only valid in async functions and the top level bodies of modules
←[90m    at Object.compileFunction (node:vm:352:18)←[39m
←[90m    at wrapSafe (node:internal/modules/cjs/loader:1032:15)←[39m
←[90m    at Module._compile (node:internal/modules/cjs/loader:1067:27)←[39m
←[90m    at Object.Module._extensions..js (node:internal/modules/cjs/loader:1157:10)←[39m
←[90m    at Module.load (node:internal/modules/cjs/loader:981:32)←[39m
←[90m    at Function.Module._load (node:internal/modules/cjs/loader:822:12)←[39m
←[90m    at Function.executeUserEntryPoint [as runMain] (node:internal/modules/run_main:77:12)←[39m
←[90m    at node:internal/main/run_main_module:17:47←[39m

C:\Users\YCarl\OneDrive\Bureau\dos>node index.js
HELLO :3000
Error: Protocol error (Page.printToPDF): PrintToPDF is not implemented
    at C:\Users\YCarl\OneDrive\Bureau\dos\node_modules\puppeteer\lib\cjs\puppeteer\common\Connection.js:208:63
    at new Promise (<anonymous>)
    at CDPSession.send (C:\Users\YCarl\OneDrive\Bureau\dos\node_modules\puppeteer\lib\cjs\puppeteer\common\Connection.js:207:16)
    at Page.pdf (C:\Users\YCarl\OneDrive\Bureau\dos\node_modules\puppeteer\lib\cjs\puppeteer\common\Page.js:1175:43)
    at getVisual (C:\Users\YCarl\OneDrive\Bureau\dos\index.js:97:20)

C:\Users\YCarl\OneDrive\Bureau\dos>getData().then(value => {
'getData' n’est pas reconnu en tant que commande interne
ou externe, un programme exécutable ou un fichier de commandes.

C:\Users\YCarl\OneDrive\Bureau\dos>  console.log(value)
'console.log' n’est pas reconnu en tant que commande interne
ou externe, un programme exécutable ou un fichier de commandes.

C:\Users\YCarl\OneDrive\Bureau\dos>node index.js
C:\Users\YCarl\OneDrive\Bureau\dos\index.js:108
getData().then(value => {
^

ReferenceError: getData is not defined
    at Object.<anonymous> (C:\Users\YCarl\OneDrive\Bureau\dos\index.js:108:1)
    at Module._compile (node:internal/modules/cjs/loader:1103:14)
    at Object.Module._extensions..js (node:internal/modules/cjs/loader:1157:10)
    at Module.load (node:internal/modules/cjs/loader:981:32)
    at Function.Module._load (node:internal/modules/cjs/loader:822:12)
    at Function.executeUserEntryPoint [as runMain] (node:internal/modules/run_main:77:12)
    at node:internal/main/run_main_module:17:47

C:\Users\YCarl\OneDrive\Bureau\dos>

C:\Users\YCarl\OneDrive\Bureau\dos>node index.js
C:\Users\YCarl\OneDrive\Bureau\dos\index.js:110
const puppeteer = require("puppeteer")
      ^

SyntaxError: Identifier 'puppeteer' has already been declared
←[90m    at Object.compileFunction (node:vm:352:18)←[39m
←[90m    at wrapSafe (node:internal/modules/cjs/loader:1032:15)←[39m
←[90m    at Module._compile (node:internal/modules/cjs/loader:1067:27)←[39m
←[90m    at Object.Module._extensions..js (node:internal/modules/cjs/loader:1157:10)←[39m
←[90m    at Module.load (node:internal/modules/cjs/loader:981:32)←[39m
←[90m    at Function.Module._load (node:internal/modules/cjs/loader:822:12)←[39m
←[90m    at Function.executeUserEntryPoint [as runMain] (node:internal/modules/run_main:77:12)←[39m
←[90m    at node:internal/main/run_main_module:17:47←[39m

C:\Users\YCarl\OneDrive\Bureau\dos>node index.js
C:\Users\YCarl\OneDrive\Bureau\dos\index.js:110
const puppeteer = require('puppeteer')
      ^

SyntaxError: Identifier 'puppeteer' has already been declared
←[90m    at Object.compileFunction (node:vm:352:18)←[39m
←[90m    at wrapSafe (node:internal/modules/cjs/loader:1032:15)←[39m
←[90m    at Module._compile (node:internal/modules/cjs/loader:1067:27)←[39m
←[90m    at Object.Module._extensions..js (node:internal/modules/cjs/loader:1157:10)←[39m
←[90m    at Module.load (node:internal/modules/cjs/loader:981:32)←[39m
←[90m    at Function.Module._load (node:internal/modules/cjs/loader:822:12)←[39m
←[90m    at Function.executeUserEntryPoint [as runMain] (node:internal/modules/run_main:77:12)←[39m
←[90m    at node:internal/main/run_main_module:17:47←[39m

C:\Users\YCarl\OneDrive\Bureau\dos>node index.js
HELLO :3000
Error: Protocol error (Page.printToPDF): PrintToPDF is not implemented
    at C:\Users\YCarl\OneDrive\Bureau\dos\node_modules\puppeteer\lib\cjs\puppeteer\common\Connection.js:208:63
    at new Promise (<anonymous>)
    at CDPSession.send (C:\Users\YCarl\OneDrive\Bureau\dos\node_modules\puppeteer\lib\cjs\puppeteer\common\Connection.js:207:16)
    at Page.pdf (C:\Users\YCarl\OneDrive\Bureau\dos\node_modules\puppeteer\lib\cjs\puppeteer\common\Page.js:1175:43)
    at getVisual (C:\Users\YCarl\OneDrive\Bureau\dos\index.js:97:20)
C:\Users\YCarl\OneDrive\Bureau\dos\index.js:126
  return result
  ^

ReferenceError: result is not defined
    at getData (C:\Users\YCarl\OneDrive\Bureau\dos\index.js:126:3)
    at runMicrotasks (<anonymous>)
    at processTicksAndRejections (node:internal/process/task_queues:96:5)

C:\Users\YCarl\OneDrive\Bureau\dos>node index.js
HELLO :3000
C:\Users\YCarl\OneDrive\Bureau\dos\index.js:127
  return result
  ^

ReferenceError: result is not defined
    at getData (C:\Users\YCarl\OneDrive\Bureau\dos\index.js:127:3)
    at runMicrotasks (<anonymous>)
    at processTicksAndRejections (node:internal/process/task_queues:96:5)

C:\Users\YCarl\OneDrive\Bureau\dos>node index.js
C:\Users\YCarl\OneDrive\Bureau\dos\index.js:123
  await page.click(selector[, options])
                            ^

SyntaxError: Unexpected token ','
←[90m    at Object.compileFunction (node:vm:352:18)←[39m
←[90m    at wrapSafe (node:internal/modules/cjs/loader:1032:15)←[39m
←[90m    at Module._compile (node:internal/modules/cjs/loader:1067:27)←[39m
←[90m    at Object.Module._extensions..js (node:internal/modules/cjs/loader:1157:10)←[39m
←[90m    at Module.load (node:internal/modules/cjs/loader:981:32)←[39m
←[90m    at Function.Module._load (node:internal/modules/cjs/loader:822:12)←[39m
←[90m    at Function.executeUserEntryPoint [as runMain] (node:internal/modules/run_main:77:12)←[39m
←[90m    at node:internal/main/run_main_module:17:47←[39m

C:\Users\YCarl\OneDrive\Bureau\dos>node index.js
C:\Users\YCarl\OneDrive\Bureau\dos\index.js:123
  await page.click(selector[, options])
                            ^

SyntaxError: Unexpected token ','
←[90m    at Object.compileFunction (node:vm:352:18)←[39m
←[90m    at wrapSafe (node:internal/modules/cjs/loader:1032:15)←[39m
←[90m    at Module._compile (node:internal/modules/cjs/loader:1067:27)←[39m
←[90m    at Object.Module._extensions..js (node:internal/modules/cjs/loader:1157:10)←[39m
←[90m    at Module.load (node:internal/modules/cjs/loader:981:32)←[39m
←[90m    at Function.Module._load (node:internal/modules/cjs/loader:822:12)←[39m
←[90m    at Function.executeUserEntryPoint [as runMain] (node:internal/modules/run_main:77:12)←[39m
←[90m    at node:internal/main/run_main_module:17:47←[39m

C:\Users\YCarl\OneDrive\Bureau\dos>node index.js
HELLO :3000
{ title: 'Please contribute today', price: ' ' }
^C
C:\Users\YCarl\OneDrive\Bureau\dos>node index.js
C:\Users\YCarl\OneDrive\Bureau\dos\index.js:164



SyntaxError: Unexpected end of input
←[90m    at Object.compileFunction (node:vm:352:18)←[39m
←[90m    at wrapSafe (node:internal/modules/cjs/loader:1032:15)←[39m
←[90m    at Module._compile (node:internal/modules/cjs/loader:1067:27)←[39m
←[90m    at Object.Module._extensions..js (node:internal/modules/cjs/loader:1157:10)←[39m
←[90m    at Module.load (node:internal/modules/cjs/loader:981:32)←[39m
←[90m    at Function.Module._load (node:internal/modules/cjs/loader:822:12)←[39m
←[90m    at Function.executeUserEntryPoint [as runMain] (node:internal/modules/run_main:77:12)←[39m
←[90m    at node:internal/main/run_main_module:17:47←[39m

C:\Users\YCarl\OneDrive\Bureau\dos>node index.js
C:\Users\YCarl\OneDrive\Bureau\dos\index.js:164



SyntaxError: Unexpected end of input
←[90m    at Object.compileFunction (node:vm:352:18)←[39m
←[90m    at wrapSafe (node:internal/modules/cjs/loader:1032:15)←[39m
←[90m    at Module._compile (node:internal/modules/cjs/loader:1067:27)←[39m
←[90m    at Object.Module._extensions..js (node:internal/modules/cjs/loader:1157:10)←[39m
←[90m    at Module.load (node:internal/modules/cjs/loader:981:32)←[39m
←[90m    at Function.Module._load (node:internal/modules/cjs/loader:822:12)←[39m
←[90m    at Function.executeUserEntryPoint [as runMain] (node:internal/modules/run_main:77:12)←[39m
←[90m    at node:internal/main/run_main_module:17:47←[39m

C:\Users\YCarl\OneDrive\Bureau\dos>











































##########################################################SERVER.JS

"use strict";

const http = require('http');
const hostname = "127.0.0.1";

const port = 8000;



const server = http.createServer((req,res) => {
	res.writeHead(200,{'Content-Type': 'text/plain'});
	res.end('Welcome to start learning node and express \n');

});

server.listen(port, hostname,() => {
console.log('Server running at http://${hostname}:${port}/');
})

/*
const userList = getUserList(); // assume for now this is your database

// GET Call for all users
app.get("/users", (req, res) => {
  return res.status(200).send({
    success: "true",
    message: "users",
    users: userList,
  });
});

app.get("/", (req, res) => {
  return res.status(200).send({
    success: "true",
    message: "users",
    users: userList,
  });
});

//  POST call - Means you are adding new user into database 

app.post("/addUser", (req, res) => {

  if (!req.body.name) {
    return res.status(400).send({
      success: "false",
      message: "name is required",
    });
  } else if (!req.body.companies) {
    return res.status(400).send({
      success: "false",
      message: "companies is required",
    });
  }
  const user = {
    id: userList.length + 1,
    isPublic: req.body.isPublic,
    name:  req.body.name,
    companies: req.body.companies,
    books:  req.body.books
  };
  userList.push(user);
  return res.status(201).send({
    success: "true",
    message: "user added successfully",
    user,
  });
});

//  PUt call - Means you are updating new user into database 

app.put("/updateUser/:id", (req, res) => {
  const id = parseInt(req.params.id, 10);
  const userFound=findUserById(id)

  if (!userFound) {
    return res.status(404).send({
      success: 'false',
      message: 'user not found',
    });
  }

  const updatedUser= {
      id: id,
      isPublic: req.body.isPublic || userFound.body.isPublic,
      name:req.body.name || userFound.body.name,
      companies: req.body.companies || userFound.body.companies,
      books: req.body.books || userFound.body.books
   
  };

  if (!updatedUser.name) {
    return res.status(400).send({
      success: "false",
      message: "name is required",
    });
  } else if (!updatedUser.companies) {
    return res.status(400).send({
      success: "false",
      message: "companies is required",
    });
  }

  for (let i = 0; i < userList.length; i++) {
      if (userList[i].id === id) {
          userList[i] = updatedUser;
          return res.status(201).send({
            success: 'true',
            message: 'user updated successfully',
            updatedUser
          
          });
      }
  }
  return  res.status(404).send({
            success: 'true',
            message: 'error in update'
           
     });
})

//  Delete call - Means you are deleting new user from database 

app.delete("/deleteUser/:id", (req, res) => {
  const id = parseInt(req.params.id, 10);
  for(let i = 0; i < userList.length; i++){
      if(userList[i].id === id){
           userList.splice(i,1);
           return res.status(201).send({
            success: 'true',
            message: 'user deleted successfully'
          });
      }
  }
  return res.status(404).send({
              success: 'true',
              message: 'error in delete'   
    });
})

*/
//app.listen(8000, () => {
  //console.log("server listening on port 8000!");
//});